[lilypond_failed] cmd: C:\lilypond-2.24.4-mingw-x86_64\lilypond-2.24.4\bin\lilypond.exe -dno-point-and-click -o C:\Users\Navid\AppData\Local\Temp\tmpvri0cq58\render C:\Users\Navid\AppData\Local\Temp\tmpvri0cq58\render.ly
returncode: 1

STDOUT:


STDERR:
Changing working directory to: `C:/Users/Navid/AppData/Local/Temp/tmpvri0cq58'
Processing `C:/Users/Navid/AppData/Local/Temp/tmpvri0cq58/render.ly'
Parsing...
C:/Users/Navid/AppData/Local/Temp/tmpvri0cq58/render.ly:6:10: error: wrong type for argument 1.  Expecting pitch, found "re"
    \key 
         re \minor

C:/Users/Navid/AppData/Local/Temp/tmpvri0cq58/render.ly:7:8: error: not a note name: re
    r4 
       re''8 mi''8[ re''8] fa''8 sol''16 fa''16

C:/Users/Navid/AppData/Local/Temp/tmpvri0cq58/render.ly:7:10: error: syntax error, unexpected '\''
    r4 re
         ''8 mi''8[ re''8] fa''8 sol''16 fa''16

C:/Users/Navid/AppData/Local/Temp/tmpvri0cq58/render.ly:7:14: error: not a note name: mi
    r4 re''8 
             mi''8[ re''8] fa''8 sol''16 fa''16

C:/Users/Navid/AppData/Local/Temp/tmpvri0cq58/render.ly:7:21: error: not a note name: re
    r4 re''8 mi''8[ 
                    re''8] fa''8 sol''16 fa''16

C:/Users/Navid/AppData/Local/Temp/tmpvri0cq58/render.ly:7:23: error: syntax error, unexpected '\''
    r4 re''8 mi''8[ re
                      ''8] fa''8 sol''16 fa''16

C:/Users/Navid/AppData/Local/Temp/tmpvri0cq58/render.ly:7:28: error: not a note name: fa
    r4 re''8 mi''8[ re''8] 
                           fa''8 sol''16 fa''16

C:/Users/Navid/AppData/Local/Temp/tmpvri0cq58/render.ly:7:30: error: syntax error, unexpected '\''
    r4 re''8 mi''8[ re''8] fa
                             ''8 sol''16 fa''16

C:/Users/Navid/AppData/Local/Temp/tmpvri0cq58/render.ly:7:34: error: not a note name: sol
    r4 re''8 mi''8[ re''8] fa''8 
                                 sol''16 fa''16

C:/Users/Navid/AppData/Local/Temp/tmpvri0cq58/render.ly:7:42: error: not a note name: fa
    r4 re''8 mi''8[ re''8] fa''8 sol''16 
                                         fa''16

C:/Users/Navid/AppData/Local/Temp/tmpvri0cq58/render.ly:8:5: error: not a note name: la
    
    la''8[ si''8] la''8. sol''16 r4

C:/Users/Navid/AppData/Local/Temp/tmpvri0cq58/render.ly:8:12: error: not a note name: si
    la''8[ 
           si''8] la''8. sol''16 r4

C:/Users/Navid/AppData/Local/Temp/tmpvri0cq58/render.ly:8:14: error: syntax error, unexpected '\''
    la''8[ si
             ''8] la''8. sol''16 r4

C:/Users/Navid/AppData/Local/Temp/tmpvri0cq58/render.ly:8:19: error: not a note name: la
    la''8[ si''8] 
                  la''8. sol''16 r4

C:/Users/Navid/AppData/Local/Temp/tmpvri0cq58/render.ly:8:21: error: syntax error, unexpected '\''
    la''8[ si''8] la
                    ''8. sol''16 r4

C:/Users/Navid/AppData/Local/Temp/tmpvri0cq58/render.ly:8:26: error: not a note name: sol
    la''8[ si''8] la''8. 
                         sol''16 r4

C:/Users/Navid/AppData/Local/Temp/tmpvri0cq58/render.ly:8:29: error: syntax error, unexpected '\''
    la''8[ si''8] la''8. sol
                            ''16 r4

C:/Users/Navid/AppData/Local/Temp/tmpvri0cq58/render.ly:9:5: error: not a note name: re
    
    re''8 mi''16 fa''8 mi''8 re''16 sol''4

C:/Users/Navid/AppData/Local/Temp/tmpvri0cq58/render.ly:9:7: error: syntax error, unexpected '\''
    re
      ''8 mi''16 fa''8 mi''8 re''16 sol''4

C:/Users/Navid/AppData/Local/Temp/tmpvri0cq58/render.ly:9:11: error: not a note name: mi
    re''8 
          mi''16 fa''8 mi''8 re''16 sol''4

C:/Users/Navid/AppData/Local/Temp/tmpvri0cq58/render.ly:9:18: error: not a note name: fa
    re''8 mi''16 
                 fa''8 mi''8 re''16 sol''4

C:/Users/Navid/AppData/Local/Temp/tmpvri0cq58/render.ly:9:24: error: not a note name: mi
    re''8 mi''16 fa''8 
                       mi''8 re''16 sol''4

C:/Users/Navid/AppData/Local/Temp/tmpvri0cq58/render.ly:9:30: error: not a note name: re
    re''8 mi''16 fa''8 mi''8 
                             re''16 sol''4

C:/Users/Navid/AppData/Local/Temp/tmpvri0cq58/render.ly:9:37: error: not a note name: sol
    re''8 mi''16 fa''8 mi''8 re''16 
                                    sol''4

C:/Users/Navid/AppData/Local/Temp/tmpvri0cq58/render.ly:10:5: error: not a note name: sol
    
    sol''4 ~ sol''8 sol''8 fa''8. fa''16

C:/Users/Navid/AppData/Local/Temp/tmpvri0cq58/render.ly:10:14: error: not a note name: sol
    sol''4 ~ 
             sol''8 sol''8 fa''8. fa''16

C:/Users/Navid/AppData/Local/Temp/tmpvri0cq58/render.ly:10:17: error: syntax error, unexpected '\''
    sol''4 ~ sol
                ''8 sol''8 fa''8. fa''16

C:/Users/Navid/AppData/Local/Temp/tmpvri0cq58/render.ly:10:21: error: not a note name: sol
    sol''4 ~ sol''8 
                    sol''8 fa''8. fa''16

C:/Users/Navid/AppData/Local/Temp/tmpvri0cq58/render.ly:10:28: error: not a note name: fa
    sol''4 ~ sol''8 sol''8 
                           fa''8. fa''16

C:/Users/Navid/AppData/Local/Temp/tmpvri0cq58/render.ly:10:35: error: not a note name: fa
    sol''4 ~ sol''8 sol''8 fa''8. 
                                  fa''16

C:/Users/Navid/AppData/Local/Temp/tmpvri0cq58/render.ly:10:37: error: syntax error, unexpected '\''
    sol''4 ~ sol''8 sol''8 fa''8. fa
                                    ''16

C:/Users/Navid/AppData/Local/Temp/tmpvri0cq58/render.ly:11:5: error: not a note name: fa
    
    fa''8[ mi''16 re''16 mi''8. mi''16] r4

C:/Users/Navid/AppData/Local/Temp/tmpvri0cq58/render.ly:11:12: error: not a note name: mi
    fa''8[ 
           mi''16 re''16 mi''8. mi''16] r4

C:/Users/Navid/AppData/Local/Temp/tmpvri0cq58/render.ly:11:14: error: syntax error, unexpected '\''
    fa''8[ mi
             ''16 re''16 mi''8. mi''16] r4

C:/Users/Navid/AppData/Local/Temp/tmpvri0cq58/render.ly:11:19: error: not a note name: re
    fa''8[ mi''16 
                  re''16 mi''8. mi''16] r4

C:/Users/Navid/AppData/Local/Temp/tmpvri0cq58/render.ly:11:26: error: not a note name: mi
    fa''8[ mi''16 re''16 
                         mi''8. mi''16] r4

C:/Users/Navid/AppData/Local/Temp/tmpvri0cq58/render.ly:11:33: error: not a note name: mi
    fa''8[ mi''16 re''16 mi''8. 
                                mi''16] r4

C:/Users/Navid/AppData/Local/Temp/tmpvri0cq58/render.ly:11:35: error: syntax error, unexpected '\''
    fa''8[ mi''16 re''16 mi''8. mi
                                  ''16] r4

C:/Users/Navid/AppData/Local/Temp/tmpvri0cq58/render.ly:12:5: error: not a note name: la
    
    la''16 sol''16 fa''16 mi''16 re''8 sol''16 fa''16

C:/Users/Navid/AppData/Local/Temp/tmpvri0cq58/render.ly:12:7: error: syntax error, unexpected '\''
    la
      ''16 sol''16 fa''16 mi''16 re''8 sol''16 fa''16

C:/Users/Navid/AppData/Local/Temp/tmpvri0cq58/render.ly:12:12: error: not a note name: sol
    la''16 
           sol''16 fa''16 mi''16 re''8 sol''16 fa''16

C:/Users/Navid/AppData/Local/Temp/tmpvri0cq58/render.ly:12:20: error: not a note name: fa
    la''16 sol''16 
                   fa''16 mi''16 re''8 sol''16 fa''16

C:/Users/Navid/AppData/Local/Temp/tmpvri0cq58/render.ly:12:27: error: not a note name: mi
    la''16 sol''16 fa''16 
                          mi''16 re''8 sol''16 fa''16

C:/Users/Navid/AppData/Local/Temp/tmpvri0cq58/render.ly:12:34: error: not a note name: re
    la''16 sol''16 fa''16 mi''16 
                                 re''8 sol''16 fa''16

C:/Users/Navid/AppData/Local/Temp/tmpvri0cq58/render.ly:12:40: error: not a note name: sol
    la''16 sol''16 fa''16 mi''16 re''8 
                                       sol''16 fa''16

C:/Users/Navid/AppData/Local/Temp/tmpvri0cq58/render.ly:12:48: error: not a note name: fa
    la''16 sol''16 fa''16 mi''16 re''8 sol''16 
                                               fa''16

C:/Users/Navid/AppData/Local/Temp/tmpvri0cq58/render.ly:13:5: error: not a note name: mi
    
    mi''8[ mi''8 la''8. la''16] r4

C:/Users/Navid/AppData/Local/Temp/tmpvri0cq58/render.ly:13:12: error: not a note name: mi
    mi''8[ 
           mi''8 la''8. la''16] r4

C:/Users/Navid/AppData/Local/Temp/tmpvri0cq58/render.ly:13:14: error: syntax error, unexpected '\''
    mi''8[ mi
             ''8 la''8. la''16] r4

C:/Users/Navid/AppData/Local/Temp/tmpvri0cq58/render.ly:13:18: error: not a note name: la
    mi''8[ mi''8 
                 la''8. la''16] r4

C:/Users/Navid/AppData/Local/Temp/tmpvri0cq58/render.ly:13:25: error: not a note name: la
    mi''8[ mi''8 la''8. 
                        la''16] r4

C:/Users/Navid/AppData/Local/Temp/tmpvri0cq58/render.ly:13:27: error: syntax error, unexpected '\''
    mi''8[ mi''8 la''8. la
                          ''16] r4

C:/Users/Navid/AppData/Local/Temp/tmpvri0cq58/render.ly:14:5: error: not a note name: sol
    
    sol''16 la''16 fa''16 sol''16 mi''8 la''16 sol''16 r2

C:/Users/Navid/AppData/Local/Temp/tmpvri0cq58/render.ly:14:8: error: syntax error, unexpected '\''
    sol
       ''16 la''16 fa''16 sol''16 mi''8 la''16 sol''16 r2

C:/Users/Navid/AppData/Local/Temp/tmpvri0cq58/render.ly:14:13: error: not a note name: la
    sol''16 
            la''16 fa''16 sol''16 mi''8 la''16 sol''16 r2

C:/Users/Navid/AppData/Local/Temp/tmpvri0cq58/render.ly:14:20: error: not a note name: fa
    sol''16 la''16 
                   fa''16 sol''16 mi''8 la''16 sol''16 r2

C:/Users/Navid/AppData/Local/Temp/tmpvri0cq58/render.ly:14:27: error: not a note name: sol
    sol''16 la''16 fa''16 
                          sol''16 mi''8 la''16 sol''16 r2

C:/Users/Navid/AppData/Local/Temp/tmpvri0cq58/render.ly:14:35: error: not a note name: mi
    sol''16 la''16 fa''16 sol''16 
                                  mi''8 la''16 sol''16 r2

C:/Users/Navid/AppData/Local/Temp/tmpvri0cq58/render.ly:14:41: error: not a note name: la
    sol''16 la''16 fa''16 sol''16 mi''8 
                                        la''16 sol''16 r2

C:/Users/Navid/AppData/Local/Temp/tmpvri0cq58/render.ly:14:48: error: not a note name: sol
    sol''16 la''16 fa''16 sol''16 mi''8 la''16 
                                               sol''16 r2

C:/Users/Navid/AppData/Local/Temp/tmpvri0cq58/render.ly:5:3: error: errors found, ignoring music expression
  
  {

fatal error: failed files: "C:\\Users\\Navid\\AppData\\Local\\Temp\\tmpvri0cq58\\render.ly"

