[lilypond_failed] cmd: C:\lilypond-2.24.4-mingw-x86_64\lilypond-2.24.4\bin\lilypond.exe -dno-point-and-click -o C:\Users\Navid\AppData\Local\Temp\tmpkdpb94db\render C:\Users\Navid\AppData\Local\Temp\tmpkdpb94db\render.ly
returncode: 1

STDOUT:


STDERR:
Changing working directory to: `C:/Users/Navid/AppData/Local/Temp/tmpkdpb94db'
Processing `C:/Users/Navid/AppData/Local/Temp/tmpkdpb94db/render.ly'
Parsing...
C:/Users/Navid/AppData/Local/Temp/tmpkdpb94db/render.ly:7:10: error: wrong type for argument 1.  Expecting pitch, found "re"
    \key 
         re \minor

C:/Users/Navid/AppData/Local/Temp/tmpkdpb94db/render.ly:12:5: error: not a note name: re
    
    re'4 mi'8. re'16 fa'8 re'8

C:/Users/Navid/AppData/Local/Temp/tmpkdpb94db/render.ly:12:7: error: syntax error, unexpected '\''
    re
      '4 mi'8. re'16 fa'8 re'8

C:/Users/Navid/AppData/Local/Temp/tmpkdpb94db/render.ly:12:10: error: not a note name: mi
    re'4 
         mi'8. re'16 fa'8 re'8

C:/Users/Navid/AppData/Local/Temp/tmpkdpb94db/render.ly:12:16: error: not a note name: re
    re'4 mi'8. 
               re'16 fa'8 re'8

C:/Users/Navid/AppData/Local/Temp/tmpkdpb94db/render.ly:12:18: error: syntax error, unexpected '\''
    re'4 mi'8. re
                 '16 fa'8 re'8

C:/Users/Navid/AppData/Local/Temp/tmpkdpb94db/render.ly:12:22: error: not a note name: fa
    re'4 mi'8. re'16 
                     fa'8 re'8

C:/Users/Navid/AppData/Local/Temp/tmpkdpb94db/render.ly:12:27: error: not a note name: re
    re'4 mi'8. re'16 fa'8 
                          re'8

C:/Users/Navid/AppData/Local/Temp/tmpkdpb94db/render.ly:13:5: error: not a note name: re
    
    re'4 re'8. re'16 si'8 re'8

C:/Users/Navid/AppData/Local/Temp/tmpkdpb94db/render.ly:13:10: error: not a note name: re
    re'4 
         re'8. re'16 si'8 re'8

C:/Users/Navid/AppData/Local/Temp/tmpkdpb94db/render.ly:13:16: error: not a note name: re
    re'4 re'8. 
               re'16 si'8 re'8

C:/Users/Navid/AppData/Local/Temp/tmpkdpb94db/render.ly:13:18: error: syntax error, unexpected '\''
    re'4 re'8. re
                 '16 si'8 re'8

C:/Users/Navid/AppData/Local/Temp/tmpkdpb94db/render.ly:13:22: error: not a note name: si
    re'4 re'8. re'16 
                     si'8 re'8

C:/Users/Navid/AppData/Local/Temp/tmpkdpb94db/render.ly:13:27: error: not a note name: re
    re'4 re'8. re'16 si'8 
                          re'8

C:/Users/Navid/AppData/Local/Temp/tmpkdpb94db/render.ly:15:5: error: not a note name: re
    
    re'4 re'8. re'16 re'8 re'8

C:/Users/Navid/AppData/Local/Temp/tmpkdpb94db/render.ly:15:10: error: not a note name: re
    re'4 
         re'8. re'16 re'8 re'8

C:/Users/Navid/AppData/Local/Temp/tmpkdpb94db/render.ly:15:16: error: not a note name: re
    re'4 re'8. 
               re'16 re'8 re'8

C:/Users/Navid/AppData/Local/Temp/tmpkdpb94db/render.ly:15:18: error: syntax error, unexpected '\''
    re'4 re'8. re
                 '16 re'8 re'8

C:/Users/Navid/AppData/Local/Temp/tmpkdpb94db/render.ly:15:22: error: not a note name: re
    re'4 re'8. re'16 
                     re'8 re'8

C:/Users/Navid/AppData/Local/Temp/tmpkdpb94db/render.ly:15:27: error: not a note name: re
    re'4 re'8. re'16 re'8 
                          re'8

C:/Users/Navid/AppData/Local/Temp/tmpkdpb94db/render.ly:16:5: error: not a note name: re
    
    re'4 re'8. re'16 re'8 re'8

C:/Users/Navid/AppData/Local/Temp/tmpkdpb94db/render.ly:16:10: error: not a note name: re
    re'4 
         re'8. re'16 re'8 re'8

C:/Users/Navid/AppData/Local/Temp/tmpkdpb94db/render.ly:16:16: error: not a note name: re
    re'4 re'8. 
               re'16 re'8 re'8

C:/Users/Navid/AppData/Local/Temp/tmpkdpb94db/render.ly:16:18: error: syntax error, unexpected '\''
    re'4 re'8. re
                 '16 re'8 re'8

C:/Users/Navid/AppData/Local/Temp/tmpkdpb94db/render.ly:16:22: error: not a note name: re
    re'4 re'8. re'16 
                     re'8 re'8

C:/Users/Navid/AppData/Local/Temp/tmpkdpb94db/render.ly:16:27: error: not a note name: re
    re'4 re'8. re'16 re'8 
                          re'8

C:/Users/Navid/AppData/Local/Temp/tmpkdpb94db/render.ly:18:5: error: not a note name: re
    
    re'8[ dod'16 si'16 la'16 sol'16 fa'16 mi'16 ] re'8 re'8

C:/Users/Navid/AppData/Local/Temp/tmpkdpb94db/render.ly:18:11: error: not a note name: dod
    re'8[ 
          dod'16 si'16 la'16 sol'16 fa'16 mi'16 ] re'8 re'8

C:/Users/Navid/AppData/Local/Temp/tmpkdpb94db/render.ly:18:14: error: syntax error, unexpected '\''
    re'8[ dod
             '16 si'16 la'16 sol'16 fa'16 mi'16 ] re'8 re'8

C:/Users/Navid/AppData/Local/Temp/tmpkdpb94db/render.ly:18:18: error: not a note name: si
    re'8[ dod'16 
                 si'16 la'16 sol'16 fa'16 mi'16 ] re'8 re'8

C:/Users/Navid/AppData/Local/Temp/tmpkdpb94db/render.ly:18:24: error: not a note name: la
    re'8[ dod'16 si'16 
                       la'16 sol'16 fa'16 mi'16 ] re'8 re'8

C:/Users/Navid/AppData/Local/Temp/tmpkdpb94db/render.ly:18:30: error: not a note name: sol
    re'8[ dod'16 si'16 la'16 
                             sol'16 fa'16 mi'16 ] re'8 re'8

C:/Users/Navid/AppData/Local/Temp/tmpkdpb94db/render.ly:18:37: error: not a note name: fa
    re'8[ dod'16 si'16 la'16 sol'16 
                                    fa'16 mi'16 ] re'8 re'8

C:/Users/Navid/AppData/Local/Temp/tmpkdpb94db/render.ly:18:43: error: not a note name: mi
    re'8[ dod'16 si'16 la'16 sol'16 fa'16 
                                          mi'16 ] re'8 re'8

C:/Users/Navid/AppData/Local/Temp/tmpkdpb94db/render.ly:18:51: error: not a note name: re
    re'8[ dod'16 si'16 la'16 sol'16 fa'16 mi'16 ] 
                                                  re'8 re'8

C:/Users/Navid/AppData/Local/Temp/tmpkdpb94db/render.ly:18:53: error: syntax error, unexpected '\''
    re'8[ dod'16 si'16 la'16 sol'16 fa'16 mi'16 ] re
                                                    '8 re'8

C:/Users/Navid/AppData/Local/Temp/tmpkdpb94db/render.ly:18:56: error: not a note name: re
    re'8[ dod'16 si'16 la'16 sol'16 fa'16 mi'16 ] re'8 
                                                       re'8

C:/Users/Navid/AppData/Local/Temp/tmpkdpb94db/render.ly:19:5: error: not a note name: re
    
    re'8[ dod'16 si'16 la'16 sol'16 fa'16 mi'16 ] re'8 re'8

C:/Users/Navid/AppData/Local/Temp/tmpkdpb94db/render.ly:19:11: error: not a note name: dod
    re'8[ 
          dod'16 si'16 la'16 sol'16 fa'16 mi'16 ] re'8 re'8

C:/Users/Navid/AppData/Local/Temp/tmpkdpb94db/render.ly:19:14: error: syntax error, unexpected '\''
    re'8[ dod
             '16 si'16 la'16 sol'16 fa'16 mi'16 ] re'8 re'8

C:/Users/Navid/AppData/Local/Temp/tmpkdpb94db/render.ly:19:18: error: not a note name: si
    re'8[ dod'16 
                 si'16 la'16 sol'16 fa'16 mi'16 ] re'8 re'8

C:/Users/Navid/AppData/Local/Temp/tmpkdpb94db/render.ly:19:24: error: not a note name: la
    re'8[ dod'16 si'16 
                       la'16 sol'16 fa'16 mi'16 ] re'8 re'8

C:/Users/Navid/AppData/Local/Temp/tmpkdpb94db/render.ly:19:30: error: not a note name: sol
    re'8[ dod'16 si'16 la'16 
                             sol'16 fa'16 mi'16 ] re'8 re'8

C:/Users/Navid/AppData/Local/Temp/tmpkdpb94db/render.ly:19:37: error: not a note name: fa
    re'8[ dod'16 si'16 la'16 sol'16 
                                    fa'16 mi'16 ] re'8 re'8

C:/Users/Navid/AppData/Local/Temp/tmpkdpb94db/render.ly:19:43: error: not a note name: mi
    re'8[ dod'16 si'16 la'16 sol'16 fa'16 
                                          mi'16 ] re'8 re'8

C:/Users/Navid/AppData/Local/Temp/tmpkdpb94db/render.ly:19:51: error: not a note name: re
    re'8[ dod'16 si'16 la'16 sol'16 fa'16 mi'16 ] 
                                                  re'8 re'8

C:/Users/Navid/AppData/Local/Temp/tmpkdpb94db/render.ly:19:53: error: syntax error, unexpected '\''
    re'8[ dod'16 si'16 la'16 sol'16 fa'16 mi'16 ] re
                                                    '8 re'8

C:/Users/Navid/AppData/Local/Temp/tmpkdpb94db/render.ly:19:56: error: not a note name: re
    re'8[ dod'16 si'16 la'16 sol'16 fa'16 mi'16 ] re'8 
                                                       re'8

C:/Users/Navid/AppData/Local/Temp/tmpkdpb94db/render.ly:21:5: error: not a note name: re
    
    re'2 r2

C:/Users/Navid/AppData/Local/Temp/tmpkdpb94db/render.ly:22:5: error: not a note name: re
    
    re'2 r2

C:/Users/Navid/AppData/Local/Temp/tmpkdpb94db/render.ly:22:7: error: syntax error, unexpected '\''
    re
      '2 r2

C:/Users/Navid/AppData/Local/Temp/tmpkdpb94db/render.ly:24:5: error: not a note name: re
    
    re'8 re'8 re'8 re'8 re'8 re'8 re'8 re'8

C:/Users/Navid/AppData/Local/Temp/tmpkdpb94db/render.ly:24:7: error: syntax error, unexpected '\''
    re
      '8 re'8 re'8 re'8 re'8 re'8 re'8 re'8

C:/Users/Navid/AppData/Local/Temp/tmpkdpb94db/render.ly:24:10: error: not a note name: re
    re'8 
         re'8 re'8 re'8 re'8 re'8 re'8 re'8

C:/Users/Navid/AppData/Local/Temp/tmpkdpb94db/render.ly:24:15: error: not a note name: re
    re'8 re'8 
              re'8 re'8 re'8 re'8 re'8 re'8

C:/Users/Navid/AppData/Local/Temp/tmpkdpb94db/render.ly:24:20: error: not a note name: re
    re'8 re'8 re'8 
                   re'8 re'8 re'8 re'8 re'8

C:/Users/Navid/AppData/Local/Temp/tmpkdpb94db/render.ly:24:25: error: not a note name: re
    re'8 re'8 re'8 re'8 
                        re'8 re'8 re'8 re'8

C:/Users/Navid/AppData/Local/Temp/tmpkdpb94db/render.ly:24:30: error: not a note name: re
    re'8 re'8 re'8 re'8 re'8 
                             re'8 re'8 re'8

C:/Users/Navid/AppData/Local/Temp/tmpkdpb94db/render.ly:24:35: error: not a note name: re
    re'8 re'8 re'8 re'8 re'8 re'8 
                                  re'8 re'8

C:/Users/Navid/AppData/Local/Temp/tmpkdpb94db/render.ly:24:40: error: not a note name: re
    re'8 re'8 re'8 re'8 re'8 re'8 re'8 
                                       re'8

C:/Users/Navid/AppData/Local/Temp/tmpkdpb94db/render.ly:5:3: error: errors found, ignoring music expression
  
  \new Staff {

fatal error: failed files: "C:\\Users\\Navid\\AppData\\Local\\Temp\\tmpkdpb94db\\render.ly"

