[lilypond_failed] cmd: C:\lilypond-2.24.4-mingw-x86_64\lilypond-2.24.4\bin\lilypond.exe -dno-point-and-click -o C:\Users\Navid\AppData\Local\Temp\tmp0hhfnuu0\render C:\Users\Navid\AppData\Local\Temp\tmp0hhfnuu0\render.ly
returncode: 1

STDOUT:


STDERR:
Changing working directory to: `C:/Users/Navid/AppData/Local/Temp/tmp0hhfnuu0'
Processing `C:/Users/Navid/AppData/Local/Temp/tmp0hhfnuu0/render.ly'
Parsing...
C:/Users/Navid/AppData/Local/Temp/tmp0hhfnuu0/render.ly:7:10: error: wrong type for argument 1.  Expecting pitch, found "re"
    \key 
         re \minor

C:/Users/Navid/AppData/Local/Temp/tmp0hhfnuu0/render.ly:13:8: error: not a note name: re
    r4 
       re8. re16 si8 si8

C:/Users/Navid/AppData/Local/Temp/tmp0hhfnuu0/render.ly:13:13: error: not a note name: re
    r4 re8. 
            re16 si8 si8

C:/Users/Navid/AppData/Local/Temp/tmp0hhfnuu0/render.ly:13:18: error: not a note name: si
    r4 re8. re16 
                 si8 si8

C:/Users/Navid/AppData/Local/Temp/tmp0hhfnuu0/render.ly:13:22: error: not a note name: si
    r4 re8. re16 si8 
                     si8

C:/Users/Navid/AppData/Local/Temp/tmp0hhfnuu0/render.ly:16:5: error: not a note name: re
    
    re8 la16 re16 la16 re16 la8 la8

C:/Users/Navid/AppData/Local/Temp/tmp0hhfnuu0/render.ly:16:9: error: not a note name: la
    re8 
        la16 re16 la16 re16 la8 la8

C:/Users/Navid/AppData/Local/Temp/tmp0hhfnuu0/render.ly:16:14: error: not a note name: re
    re8 la16 
             re16 la16 re16 la8 la8

C:/Users/Navid/AppData/Local/Temp/tmp0hhfnuu0/render.ly:16:19: error: not a note name: la
    re8 la16 re16 
                  la16 re16 la8 la8

C:/Users/Navid/AppData/Local/Temp/tmp0hhfnuu0/render.ly:16:24: error: not a note name: re
    re8 la16 re16 la16 
                       re16 la8 la8

C:/Users/Navid/AppData/Local/Temp/tmp0hhfnuu0/render.ly:16:29: error: not a note name: la
    re8 la16 re16 la16 re16 
                            la8 la8

C:/Users/Navid/AppData/Local/Temp/tmp0hhfnuu0/render.ly:16:33: error: not a note name: la
    re8 la16 re16 la16 re16 la8 
                                la8

C:/Users/Navid/AppData/Local/Temp/tmp0hhfnuu0/render.ly:17:5: error: not a note name: re
    
    re8 re8 re8 re8

C:/Users/Navid/AppData/Local/Temp/tmp0hhfnuu0/render.ly:17:9: error: not a note name: re
    re8 
        re8 re8 re8

C:/Users/Navid/AppData/Local/Temp/tmp0hhfnuu0/render.ly:17:13: error: not a note name: re
    re8 re8 
            re8 re8

C:/Users/Navid/AppData/Local/Temp/tmp0hhfnuu0/render.ly:17:17: error: not a note name: re
    re8 re8 re8 
                re8

C:/Users/Navid/AppData/Local/Temp/tmp0hhfnuu0/render.ly:18:5: error: not a note name: re
    
    re4 r4 r8 re8

C:/Users/Navid/AppData/Local/Temp/tmp0hhfnuu0/render.ly:18:15: error: not a note name: re
    re4 r4 r8 
              re8

C:/Users/Navid/AppData/Local/Temp/tmp0hhfnuu0/render.ly:21:5: error: not a note name: re
    
    re8 dod16 re16 mi16 la8 la8 re8 re8

C:/Users/Navid/AppData/Local/Temp/tmp0hhfnuu0/render.ly:21:9: error: not a note name: dod
    re8 
        dod16 re16 mi16 la8 la8 re8 re8

C:/Users/Navid/AppData/Local/Temp/tmp0hhfnuu0/render.ly:21:15: error: not a note name: re
    re8 dod16 
              re16 mi16 la8 la8 re8 re8

C:/Users/Navid/AppData/Local/Temp/tmp0hhfnuu0/render.ly:21:20: error: not a note name: mi
    re8 dod16 re16 
                   mi16 la8 la8 re8 re8

C:/Users/Navid/AppData/Local/Temp/tmp0hhfnuu0/render.ly:21:25: error: not a note name: la
    re8 dod16 re16 mi16 
                        la8 la8 re8 re8

C:/Users/Navid/AppData/Local/Temp/tmp0hhfnuu0/render.ly:21:29: error: not a note name: la
    re8 dod16 re16 mi16 la8 
                            la8 re8 re8

C:/Users/Navid/AppData/Local/Temp/tmp0hhfnuu0/render.ly:21:33: error: not a note name: re
    re8 dod16 re16 mi16 la8 la8 
                                re8 re8

C:/Users/Navid/AppData/Local/Temp/tmp0hhfnuu0/render.ly:21:37: error: not a note name: re
    re8 dod16 re16 mi16 la8 la8 re8 
                                    re8

C:/Users/Navid/AppData/Local/Temp/tmp0hhfnuu0/render.ly:22:5: error: not a note name: re
    
    re4 r4 r8 re8

C:/Users/Navid/AppData/Local/Temp/tmp0hhfnuu0/render.ly:22:15: error: not a note name: re
    re4 r4 r8 
              re8

C:/Users/Navid/AppData/Local/Temp/tmp0hhfnuu0/render.ly:26:7: error: not a note name: re
      
      re4 re8 re8 re8 re8

C:/Users/Navid/AppData/Local/Temp/tmp0hhfnuu0/render.ly:26:11: error: not a note name: re
      re4 
          re8 re8 re8 re8

C:/Users/Navid/AppData/Local/Temp/tmp0hhfnuu0/render.ly:26:15: error: not a note name: re
      re4 re8 
              re8 re8 re8

C:/Users/Navid/AppData/Local/Temp/tmp0hhfnuu0/render.ly:26:19: error: not a note name: re
      re4 re8 re8 
                  re8 re8

C:/Users/Navid/AppData/Local/Temp/tmp0hhfnuu0/render.ly:26:23: error: not a note name: re
      re4 re8 re8 re8 
                      re8

C:/Users/Navid/AppData/Local/Temp/tmp0hhfnuu0/render.ly:27:7: error: not a note name: re
      
      re8 la16 re16 la16 re16 la8 la8

C:/Users/Navid/AppData/Local/Temp/tmp0hhfnuu0/render.ly:27:11: error: not a note name: la
      re8 
          la16 re16 la16 re16 la8 la8

C:/Users/Navid/AppData/Local/Temp/tmp0hhfnuu0/render.ly:27:16: error: not a note name: re
      re8 la16 
               re16 la16 re16 la8 la8

C:/Users/Navid/AppData/Local/Temp/tmp0hhfnuu0/render.ly:27:21: error: not a note name: la
      re8 la16 re16 
                    la16 re16 la8 la8

C:/Users/Navid/AppData/Local/Temp/tmp0hhfnuu0/render.ly:27:26: error: not a note name: re
      re8 la16 re16 la16 
                         re16 la8 la8

C:/Users/Navid/AppData/Local/Temp/tmp0hhfnuu0/render.ly:27:31: error: not a note name: la
      re8 la16 re16 la16 re16 
                              la8 la8

C:/Users/Navid/AppData/Local/Temp/tmp0hhfnuu0/render.ly:27:35: error: not a note name: la
      re8 la16 re16 la16 re16 la8 
                                  la8

Interpreting music...
C:/Users/Navid/AppData/Local/Temp/tmp0hhfnuu0/render.ly:12:5: warning: barcheck failed at: 3/4
    
    R2.

C:/Users/Navid/AppData/Local/Temp/tmp0hhfnuu0/render.ly:31:5: warning: barcheck failed at: 5/16
    
    R2. *2

[8]
C:/Users/Navid/AppData/Local/Temp/tmp0hhfnuu0/render.ly:31:5: warning: barcheck failed at: 13/16
    
    R2. *2

Preprocessing graphical objects...
programming error: Multi measure rest seems misplaced.
continuing, cross fingers
programming error: Trying to interpret a non-markup object: ()
continuing, cross fingers
programming error: Multi measure rest seems misplaced.
continuing, cross fingers
Interpreting music...
C:/Users/Navid/AppData/Local/Temp/tmp0hhfnuu0/render.ly:12:5: warning: barcheck failed at: 3/4
    
    R2.

C:/Users/Navid/AppData/Local/Temp/tmp0hhfnuu0/render.ly:31:5: warning: barcheck failed at: 5/16
    
    R2. *2

C:/Users/Navid/AppData/Local/Temp/tmp0hhfnuu0/render.ly:31:5: warning: barcheck failed at: 13/16
    
    R2. *2

MIDI output to `render.mid'...
Finding the ideal number of pages...
Fitting music on 1 page...
Drawing systems...
Converting to `render.pdf'...
fatal error: failed files: "C:\\Users\\Navid\\AppData\\Local\\Temp\\tmp0hhfnuu0\\render.ly"

