[lilypond_failed] cmd: C:\lilypond-2.24.4-mingw-x86_64\lilypond-2.24.4\bin\lilypond.exe -dno-point-and-click -o C:\Users\Navid\AppData\Local\Temp\tmp5ai05vp5\render C:\Users\Navid\AppData\Local\Temp\tmp5ai05vp5\render.ly
returncode: 1

STDOUT:


STDERR:
Changing working directory to: `C:/Users/Navid/AppData/Local/Temp/tmp5ai05vp5'
Processing `C:/Users/Navid/AppData/Local/Temp/tmp5ai05vp5/render.ly'
Parsing...
C:/Users/Navid/AppData/Local/Temp/tmp5ai05vp5/render.ly:6:10: error: wrong type for argument 1.  Expecting pitch, found "fa"
    \key 
         fa \major

C:/Users/Navid/AppData/Local/Temp/tmp5ai05vp5/render.ly:9:5: error: not a note name: fa
    
    fa'4 la'8 la'8 sol'4 re'4

C:/Users/Navid/AppData/Local/Temp/tmp5ai05vp5/render.ly:9:7: error: syntax error, unexpected '\''
    fa
      '4 la'8 la'8 sol'4 re'4

C:/Users/Navid/AppData/Local/Temp/tmp5ai05vp5/render.ly:9:10: error: not a note name: la
    fa'4 
         la'8 la'8 sol'4 re'4

C:/Users/Navid/AppData/Local/Temp/tmp5ai05vp5/render.ly:9:15: error: not a note name: la
    fa'4 la'8 
              la'8 sol'4 re'4

C:/Users/Navid/AppData/Local/Temp/tmp5ai05vp5/render.ly:9:20: error: not a note name: sol
    fa'4 la'8 la'8 
                   sol'4 re'4

C:/Users/Navid/AppData/Local/Temp/tmp5ai05vp5/render.ly:9:26: error: not a note name: re
    fa'4 la'8 la'8 sol'4 
                         re'4

C:/Users/Navid/AppData/Local/Temp/tmp5ai05vp5/render.ly:10:5: error: not a note name: re
    
    re'8 mi'8 fa'8 re'8 mi'8 fa'8 sol'8 la'8

C:/Users/Navid/AppData/Local/Temp/tmp5ai05vp5/render.ly:10:10: error: not a note name: mi
    re'8 
         mi'8 fa'8 re'8 mi'8 fa'8 sol'8 la'8

C:/Users/Navid/AppData/Local/Temp/tmp5ai05vp5/render.ly:10:15: error: not a note name: fa
    re'8 mi'8 
              fa'8 re'8 mi'8 fa'8 sol'8 la'8

C:/Users/Navid/AppData/Local/Temp/tmp5ai05vp5/render.ly:10:20: error: not a note name: re
    re'8 mi'8 fa'8 
                   re'8 mi'8 fa'8 sol'8 la'8

C:/Users/Navid/AppData/Local/Temp/tmp5ai05vp5/render.ly:10:25: error: not a note name: mi
    re'8 mi'8 fa'8 re'8 
                        mi'8 fa'8 sol'8 la'8

C:/Users/Navid/AppData/Local/Temp/tmp5ai05vp5/render.ly:10:30: error: not a note name: fa
    re'8 mi'8 fa'8 re'8 mi'8 
                             fa'8 sol'8 la'8

C:/Users/Navid/AppData/Local/Temp/tmp5ai05vp5/render.ly:10:35: error: not a note name: sol
    re'8 mi'8 fa'8 re'8 mi'8 fa'8 
                                  sol'8 la'8

C:/Users/Navid/AppData/Local/Temp/tmp5ai05vp5/render.ly:10:41: error: not a note name: la
    re'8 mi'8 fa'8 re'8 mi'8 fa'8 sol'8 
                                        la'8

C:/Users/Navid/AppData/Local/Temp/tmp5ai05vp5/render.ly:11:5: error: not a note name: fa
    
    fa'4 mi'8 re'8 la'4 sol'4

C:/Users/Navid/AppData/Local/Temp/tmp5ai05vp5/render.ly:11:10: error: not a note name: mi
    fa'4 
         mi'8 re'8 la'4 sol'4

C:/Users/Navid/AppData/Local/Temp/tmp5ai05vp5/render.ly:11:15: error: not a note name: re
    fa'4 mi'8 
              re'8 la'4 sol'4

C:/Users/Navid/AppData/Local/Temp/tmp5ai05vp5/render.ly:11:20: error: not a note name: la
    fa'4 mi'8 re'8 
                   la'4 sol'4

C:/Users/Navid/AppData/Local/Temp/tmp5ai05vp5/render.ly:11:25: error: not a note name: sol
    fa'4 mi'8 re'8 la'4 
                        sol'4

C:/Users/Navid/AppData/Local/Temp/tmp5ai05vp5/render.ly:12:5: error: not a note name: re
    
    re'8 mi'8 fa'8 sol'8 la'8 re''8 mi''8 re''8

C:/Users/Navid/AppData/Local/Temp/tmp5ai05vp5/render.ly:12:10: error: not a note name: mi
    re'8 
         mi'8 fa'8 sol'8 la'8 re''8 mi''8 re''8

C:/Users/Navid/AppData/Local/Temp/tmp5ai05vp5/render.ly:12:15: error: not a note name: fa
    re'8 mi'8 
              fa'8 sol'8 la'8 re''8 mi''8 re''8

C:/Users/Navid/AppData/Local/Temp/tmp5ai05vp5/render.ly:12:20: error: not a note name: sol
    re'8 mi'8 fa'8 
                   sol'8 la'8 re''8 mi''8 re''8

C:/Users/Navid/AppData/Local/Temp/tmp5ai05vp5/render.ly:12:26: error: not a note name: la
    re'8 mi'8 fa'8 sol'8 
                         la'8 re''8 mi''8 re''8

C:/Users/Navid/AppData/Local/Temp/tmp5ai05vp5/render.ly:12:31: error: not a note name: re
    re'8 mi'8 fa'8 sol'8 la'8 
                              re''8 mi''8 re''8

C:/Users/Navid/AppData/Local/Temp/tmp5ai05vp5/render.ly:12:37: error: not a note name: mi
    re'8 mi'8 fa'8 sol'8 la'8 re''8 
                                    mi''8 re''8

C:/Users/Navid/AppData/Local/Temp/tmp5ai05vp5/render.ly:12:43: error: not a note name: re
    re'8 mi'8 fa'8 sol'8 la'8 re''8 mi''8 
                                          re''8

C:/Users/Navid/AppData/Local/Temp/tmp5ai05vp5/render.ly:14:5: error: not a note name: fa
    
    fa'4 la'4 sol'8 mi'8 re'4

C:/Users/Navid/AppData/Local/Temp/tmp5ai05vp5/render.ly:14:7: error: syntax error, unexpected '\''
    fa
      '4 la'4 sol'8 mi'8 re'4

C:/Users/Navid/AppData/Local/Temp/tmp5ai05vp5/render.ly:14:10: error: not a note name: la
    fa'4 
         la'4 sol'8 mi'8 re'4

C:/Users/Navid/AppData/Local/Temp/tmp5ai05vp5/render.ly:14:15: error: not a note name: sol
    fa'4 la'4 
              sol'8 mi'8 re'4

C:/Users/Navid/AppData/Local/Temp/tmp5ai05vp5/render.ly:14:21: error: not a note name: mi
    fa'4 la'4 sol'8 
                    mi'8 re'4

C:/Users/Navid/AppData/Local/Temp/tmp5ai05vp5/render.ly:14:26: error: not a note name: re
    fa'4 la'4 sol'8 mi'8 
                         re'4

C:/Users/Navid/AppData/Local/Temp/tmp5ai05vp5/render.ly:15:5: error: not a note name: re
    
    re'8 mi'8 fa'8 sol'8 la'8 re''8 mi''8 re''8

C:/Users/Navid/AppData/Local/Temp/tmp5ai05vp5/render.ly:15:10: error: not a note name: mi
    re'8 
         mi'8 fa'8 sol'8 la'8 re''8 mi''8 re''8

C:/Users/Navid/AppData/Local/Temp/tmp5ai05vp5/render.ly:15:15: error: not a note name: fa
    re'8 mi'8 
              fa'8 sol'8 la'8 re''8 mi''8 re''8

C:/Users/Navid/AppData/Local/Temp/tmp5ai05vp5/render.ly:15:20: error: not a note name: sol
    re'8 mi'8 fa'8 
                   sol'8 la'8 re''8 mi''8 re''8

C:/Users/Navid/AppData/Local/Temp/tmp5ai05vp5/render.ly:15:26: error: not a note name: la
    re'8 mi'8 fa'8 sol'8 
                         la'8 re''8 mi''8 re''8

C:/Users/Navid/AppData/Local/Temp/tmp5ai05vp5/render.ly:15:31: error: not a note name: re
    re'8 mi'8 fa'8 sol'8 la'8 
                              re''8 mi''8 re''8

C:/Users/Navid/AppData/Local/Temp/tmp5ai05vp5/render.ly:15:37: error: not a note name: mi
    re'8 mi'8 fa'8 sol'8 la'8 re''8 
                                    mi''8 re''8

C:/Users/Navid/AppData/Local/Temp/tmp5ai05vp5/render.ly:15:43: error: not a note name: re
    re'8 mi'8 fa'8 sol'8 la'8 re''8 mi''8 
                                          re''8

C:/Users/Navid/AppData/Local/Temp/tmp5ai05vp5/render.ly:5:3: error: errors found, ignoring music expression
  
  {

fatal error: failed files: "C:\\Users\\Navid\\AppData\\Local\\Temp\\tmp5ai05vp5\\render.ly"

