[lilypond_failed] cmd: C:\lilypond-2.24.4-mingw-x86_64\lilypond-2.24.4\bin\lilypond.exe -dno-point-and-click -o C:\Users\Navid\AppData\Local\Temp\tmpve62qddw\render C:\Users\Navid\AppData\Local\Temp\tmpve62qddw\render.ly
returncode: 1

STDOUT:


STDERR:
Changing working directory to: `C:/Users/Navid/AppData/Local/Temp/tmpve62qddw'
Processing `C:/Users/Navid/AppData/Local/Temp/tmpve62qddw/render.ly'
Parsing...
C:/Users/Navid/AppData/Local/Temp/tmpve62qddw/render.ly:6:10: error: wrong type for argument 1.  Expecting pitch, found "fa"
    \key 
         fa \major

C:/Users/Navid/AppData/Local/Temp/tmpve62qddw/render.ly:13:7: error: not a note name: fa
      
      fa''8 la''16 sol''8. fa''16 sol''8 la''8

C:/Users/Navid/AppData/Local/Temp/tmpve62qddw/render.ly:13:9: error: syntax error, unexpected '\''
      fa
        ''8 la''16 sol''8. fa''16 sol''8 la''8

C:/Users/Navid/AppData/Local/Temp/tmpve62qddw/render.ly:13:13: error: not a note name: la
      fa''8 
            la''16 sol''8. fa''16 sol''8 la''8

C:/Users/Navid/AppData/Local/Temp/tmpve62qddw/render.ly:13:20: error: not a note name: sol
      fa''8 la''16 
                   sol''8. fa''16 sol''8 la''8

C:/Users/Navid/AppData/Local/Temp/tmpve62qddw/render.ly:13:28: error: not a note name: fa
      fa''8 la''16 sol''8. 
                           fa''16 sol''8 la''8

C:/Users/Navid/AppData/Local/Temp/tmpve62qddw/render.ly:13:30: error: syntax error, unexpected '\''
      fa''8 la''16 sol''8. fa
                             ''16 sol''8 la''8

C:/Users/Navid/AppData/Local/Temp/tmpve62qddw/render.ly:13:35: error: not a note name: sol
      fa''8 la''16 sol''8. fa''16 
                                  sol''8 la''8

C:/Users/Navid/AppData/Local/Temp/tmpve62qddw/render.ly:13:42: error: not a note name: la
      fa''8 la''16 sol''8. fa''16 sol''8 
                                         la''8

C:/Users/Navid/AppData/Local/Temp/tmpve62qddw/render.ly:14:7: error: not a note name: re
      
      re''8 do''8 mi''8 sol''8

C:/Users/Navid/AppData/Local/Temp/tmpve62qddw/render.ly:14:13: error: not a note name: do
      re''8 
            do''8 mi''8 sol''8

C:/Users/Navid/AppData/Local/Temp/tmpve62qddw/render.ly:14:19: error: not a note name: mi
      re''8 do''8 
                  mi''8 sol''8

C:/Users/Navid/AppData/Local/Temp/tmpve62qddw/render.ly:14:25: error: not a note name: sol
      re''8 do''8 mi''8 
                        sol''8

C:/Users/Navid/AppData/Local/Temp/tmpve62qddw/render.ly:15:7: error: not a note name: fa
      
      fa''8 la''8 sol''8 fa''8

C:/Users/Navid/AppData/Local/Temp/tmpve62qddw/render.ly:15:13: error: not a note name: la
      fa''8 
            la''8 sol''8 fa''8

C:/Users/Navid/AppData/Local/Temp/tmpve62qddw/render.ly:15:19: error: not a note name: sol
      fa''8 la''8 
                  sol''8 fa''8

C:/Users/Navid/AppData/Local/Temp/tmpve62qddw/render.ly:15:26: error: not a note name: fa
      fa''8 la''8 sol''8 
                         fa''8

C:/Users/Navid/AppData/Local/Temp/tmpve62qddw/render.ly:16:7: error: not a note name: re
      
      re''8 do''8 mi''8 sol''8

C:/Users/Navid/AppData/Local/Temp/tmpve62qddw/render.ly:16:13: error: not a note name: do
      re''8 
            do''8 mi''8 sol''8

C:/Users/Navid/AppData/Local/Temp/tmpve62qddw/render.ly:16:19: error: not a note name: mi
      re''8 do''8 
                  mi''8 sol''8

C:/Users/Navid/AppData/Local/Temp/tmpve62qddw/render.ly:16:25: error: not a note name: sol
      re''8 do''8 mi''8 
                        sol''8

C:/Users/Navid/AppData/Local/Temp/tmpve62qddw/render.ly:19:5: error: not a note name: sol
    
    sol''8 fa''8 la''8 sol''8

C:/Users/Navid/AppData/Local/Temp/tmpve62qddw/render.ly:19:8: error: syntax error, unexpected '\''
    sol
       ''8 fa''8 la''8 sol''8

C:/Users/Navid/AppData/Local/Temp/tmpve62qddw/render.ly:19:12: error: not a note name: fa
    sol''8 
           fa''8 la''8 sol''8

C:/Users/Navid/AppData/Local/Temp/tmpve62qddw/render.ly:19:18: error: not a note name: la
    sol''8 fa''8 
                 la''8 sol''8

C:/Users/Navid/AppData/Local/Temp/tmpve62qddw/render.ly:19:24: error: not a note name: sol
    sol''8 fa''8 la''8 
                       sol''8

C:/Users/Navid/AppData/Local/Temp/tmpve62qddw/render.ly:20:5: error: not a note name: mi
    
    mi''8 re''8 do''8 sol''8

C:/Users/Navid/AppData/Local/Temp/tmpve62qddw/render.ly:20:11: error: not a note name: re
    mi''8 
          re''8 do''8 sol''8

C:/Users/Navid/AppData/Local/Temp/tmpve62qddw/render.ly:20:17: error: not a note name: do
    mi''8 re''8 
                do''8 sol''8

C:/Users/Navid/AppData/Local/Temp/tmpve62qddw/render.ly:20:23: error: not a note name: sol
    mi''8 re''8 do''8 
                      sol''8

C:/Users/Navid/AppData/Local/Temp/tmpve62qddw/render.ly:21:5: error: not a note name: fa
    
    fa''8 la''8 sol''8 fa''8

C:/Users/Navid/AppData/Local/Temp/tmpve62qddw/render.ly:21:11: error: not a note name: la
    fa''8 
          la''8 sol''8 fa''8

C:/Users/Navid/AppData/Local/Temp/tmpve62qddw/render.ly:21:17: error: not a note name: sol
    fa''8 la''8 
                sol''8 fa''8

C:/Users/Navid/AppData/Local/Temp/tmpve62qddw/render.ly:21:24: error: not a note name: fa
    fa''8 la''8 sol''8 
                       fa''8

C:/Users/Navid/AppData/Local/Temp/tmpve62qddw/render.ly:22:5: error: not a note name: re
    
    re''8 do''8 mi''8 sol''8

C:/Users/Navid/AppData/Local/Temp/tmpve62qddw/render.ly:22:11: error: not a note name: do
    re''8 
          do''8 mi''8 sol''8

C:/Users/Navid/AppData/Local/Temp/tmpve62qddw/render.ly:22:17: error: not a note name: mi
    re''8 do''8 
                mi''8 sol''8

C:/Users/Navid/AppData/Local/Temp/tmpve62qddw/render.ly:22:23: error: not a note name: sol
    re''8 do''8 mi''8 
                      sol''8

C:/Users/Navid/AppData/Local/Temp/tmpve62qddw/render.ly:5:3: error: errors found, ignoring music expression
  
  \new Staff {

fatal error: failed files: "C:\\Users\\Navid\\AppData\\Local\\Temp\\tmpve62qddw\\render.ly"

