[lilypond_failed] cmd: C:\lilypond-2.24.4-mingw-x86_64\lilypond-2.24.4\bin\lilypond.exe -dno-point-and-click -o C:\Users\Navid\AppData\Local\Temp\tmppbc22bw_\render C:\Users\Navid\AppData\Local\Temp\tmppbc22bw_\render.ly
returncode: 1

STDOUT:


STDERR:
Changing working directory to: `C:/Users/Navid/AppData/Local/Temp/tmppbc22bw_'
Processing `C:/Users/Navid/AppData/Local/Temp/tmppbc22bw_/render.ly'
Parsing...
C:/Users/Navid/AppData/Local/Temp/tmppbc22bw_/render.ly:6:10: error: wrong type for argument 1.  Expecting pitch, found "fa"
    \key 
         fa \major

C:/Users/Navid/AppData/Local/Temp/tmppbc22bw_/render.ly:9:5: error: not a note name: la
    
    la''8 si''8 sol''8 fa''8

C:/Users/Navid/AppData/Local/Temp/tmppbc22bw_/render.ly:9:7: error: syntax error, unexpected '\''
    la
      ''8 si''8 sol''8 fa''8

C:/Users/Navid/AppData/Local/Temp/tmppbc22bw_/render.ly:9:11: error: not a note name: si
    la''8 
          si''8 sol''8 fa''8

C:/Users/Navid/AppData/Local/Temp/tmppbc22bw_/render.ly:9:17: error: not a note name: sol
    la''8 si''8 
                sol''8 fa''8

C:/Users/Navid/AppData/Local/Temp/tmppbc22bw_/render.ly:9:24: error: not a note name: fa
    la''8 si''8 sol''8 
                       fa''8

C:/Users/Navid/AppData/Local/Temp/tmppbc22bw_/render.ly:10:5: error: not a note name: sol
    
    sol''8 la''8 do'''8 re'''8

C:/Users/Navid/AppData/Local/Temp/tmppbc22bw_/render.ly:10:12: error: not a note name: la
    sol''8 
           la''8 do'''8 re'''8

C:/Users/Navid/AppData/Local/Temp/tmppbc22bw_/render.ly:10:18: error: not a note name: do
    sol''8 la''8 
                 do'''8 re'''8

C:/Users/Navid/AppData/Local/Temp/tmppbc22bw_/render.ly:10:25: error: not a note name: re
    sol''8 la''8 do'''8 
                        re'''8

C:/Users/Navid/AppData/Local/Temp/tmppbc22bw_/render.ly:11:5: error: not a note name: mi
    
    mi'''8 fa'''8 sol'''8 re'''8

C:/Users/Navid/AppData/Local/Temp/tmppbc22bw_/render.ly:11:12: error: not a note name: fa
    mi'''8 
           fa'''8 sol'''8 re'''8

C:/Users/Navid/AppData/Local/Temp/tmppbc22bw_/render.ly:11:19: error: not a note name: sol
    mi'''8 fa'''8 
                  sol'''8 re'''8

C:/Users/Navid/AppData/Local/Temp/tmppbc22bw_/render.ly:11:27: error: not a note name: re
    mi'''8 fa'''8 sol'''8 
                          re'''8

C:/Users/Navid/AppData/Local/Temp/tmppbc22bw_/render.ly:12:5: error: not a note name: la
    
    la''8 sol''8 fa''8 sol''8

C:/Users/Navid/AppData/Local/Temp/tmppbc22bw_/render.ly:12:11: error: not a note name: sol
    la''8 
          sol''8 fa''8 sol''8

C:/Users/Navid/AppData/Local/Temp/tmppbc22bw_/render.ly:12:18: error: not a note name: fa
    la''8 sol''8 
                 fa''8 sol''8

C:/Users/Navid/AppData/Local/Temp/tmppbc22bw_/render.ly:12:24: error: not a note name: sol
    la''8 sol''8 fa''8 
                       sol''8

C:/Users/Navid/AppData/Local/Temp/tmppbc22bw_/render.ly:15:5: error: not a note name: re
    
    re''8 re''8 re''8 re''8

C:/Users/Navid/AppData/Local/Temp/tmppbc22bw_/render.ly:15:7: error: syntax error, unexpected '\''
    re
      ''8 re''8 re''8 re''8

C:/Users/Navid/AppData/Local/Temp/tmppbc22bw_/render.ly:15:11: error: not a note name: re
    re''8 
          re''8 re''8 re''8

C:/Users/Navid/AppData/Local/Temp/tmppbc22bw_/render.ly:15:17: error: not a note name: re
    re''8 re''8 
                re''8 re''8

C:/Users/Navid/AppData/Local/Temp/tmppbc22bw_/render.ly:15:23: error: not a note name: re
    re''8 re''8 re''8 
                      re''8

C:/Users/Navid/AppData/Local/Temp/tmppbc22bw_/render.ly:16:5: error: not a note name: fad
    
    fad''8 re''8 dod''8 re''8

C:/Users/Navid/AppData/Local/Temp/tmppbc22bw_/render.ly:16:12: error: not a note name: re
    fad''8 
           re''8 dod''8 re''8

C:/Users/Navid/AppData/Local/Temp/tmppbc22bw_/render.ly:16:18: error: not a note name: dod
    fad''8 re''8 
                 dod''8 re''8

C:/Users/Navid/AppData/Local/Temp/tmppbc22bw_/render.ly:16:25: error: not a note name: re
    fad''8 re''8 dod''8 
                        re''8

C:/Users/Navid/AppData/Local/Temp/tmppbc22bw_/render.ly:17:5: error: not a note name: re
    
    re''8 re''8 re''8 re''8

C:/Users/Navid/AppData/Local/Temp/tmppbc22bw_/render.ly:17:11: error: not a note name: re
    re''8 
          re''8 re''8 re''8

C:/Users/Navid/AppData/Local/Temp/tmppbc22bw_/render.ly:17:17: error: not a note name: re
    re''8 re''8 
                re''8 re''8

C:/Users/Navid/AppData/Local/Temp/tmppbc22bw_/render.ly:17:23: error: not a note name: re
    re''8 re''8 re''8 
                      re''8

C:/Users/Navid/AppData/Local/Temp/tmppbc22bw_/render.ly:18:5: error: not a note name: fad
    
    fad''8 re''8 dod''8 re''8

C:/Users/Navid/AppData/Local/Temp/tmppbc22bw_/render.ly:18:12: error: not a note name: re
    fad''8 
           re''8 dod''8 re''8

C:/Users/Navid/AppData/Local/Temp/tmppbc22bw_/render.ly:18:18: error: not a note name: dod
    fad''8 re''8 
                 dod''8 re''8

C:/Users/Navid/AppData/Local/Temp/tmppbc22bw_/render.ly:18:25: error: not a note name: re
    fad''8 re''8 dod''8 
                        re''8

C:/Users/Navid/AppData/Local/Temp/tmppbc22bw_/render.ly:21:5: error: not a note name: sol
    
    sol''8 la''8 do'''8 re'''8

C:/Users/Navid/AppData/Local/Temp/tmppbc22bw_/render.ly:21:8: error: syntax error, unexpected '\''
    sol
       ''8 la''8 do'''8 re'''8

C:/Users/Navid/AppData/Local/Temp/tmppbc22bw_/render.ly:21:12: error: not a note name: la
    sol''8 
           la''8 do'''8 re'''8

C:/Users/Navid/AppData/Local/Temp/tmppbc22bw_/render.ly:21:18: error: not a note name: do
    sol''8 la''8 
                 do'''8 re'''8

C:/Users/Navid/AppData/Local/Temp/tmppbc22bw_/render.ly:21:25: error: not a note name: re
    sol''8 la''8 do'''8 
                        re'''8

C:/Users/Navid/AppData/Local/Temp/tmppbc22bw_/render.ly:22:5: error: not a note name: re
    
    re'''8 sol'''8 fa'''8 sol'''8

C:/Users/Navid/AppData/Local/Temp/tmppbc22bw_/render.ly:22:12: error: not a note name: sol
    re'''8 
           sol'''8 fa'''8 sol'''8

C:/Users/Navid/AppData/Local/Temp/tmppbc22bw_/render.ly:22:20: error: not a note name: fa
    re'''8 sol'''8 
                   fa'''8 sol'''8

C:/Users/Navid/AppData/Local/Temp/tmppbc22bw_/render.ly:22:27: error: not a note name: sol
    re'''8 sol'''8 fa'''8 
                          sol'''8

C:/Users/Navid/AppData/Local/Temp/tmppbc22bw_/render.ly:23:5: error: not a note name: re
    
    re''8 re''8 re''8 re''8

C:/Users/Navid/AppData/Local/Temp/tmppbc22bw_/render.ly:23:11: error: not a note name: re
    re''8 
          re''8 re''8 re''8

C:/Users/Navid/AppData/Local/Temp/tmppbc22bw_/render.ly:23:17: error: not a note name: re
    re''8 re''8 
                re''8 re''8

C:/Users/Navid/AppData/Local/Temp/tmppbc22bw_/render.ly:23:23: error: not a note name: re
    re''8 re''8 re''8 
                      re''8

C:/Users/Navid/AppData/Local/Temp/tmppbc22bw_/render.ly:24:5: error: not a note name: fad
    
    fad''8 re''8 dod''8 re''8

C:/Users/Navid/AppData/Local/Temp/tmppbc22bw_/render.ly:24:12: error: not a note name: re
    fad''8 
           re''8 dod''8 re''8

C:/Users/Navid/AppData/Local/Temp/tmppbc22bw_/render.ly:24:18: error: not a note name: dod
    fad''8 re''8 
                 dod''8 re''8

C:/Users/Navid/AppData/Local/Temp/tmppbc22bw_/render.ly:24:25: error: not a note name: re
    fad''8 re''8 dod''8 
                        re''8

C:/Users/Navid/AppData/Local/Temp/tmppbc22bw_/render.ly:5:3: error: errors found, ignoring music expression
  
  {

fatal error: failed files: "C:\\Users\\Navid\\AppData\\Local\\Temp\\tmppbc22bw_\\render.ly"

