[lilypond_failed] cmd: C:\lilypond-2.24.4-mingw-x86_64\lilypond-2.24.4\bin\lilypond.exe -dno-point-and-click -o C:\Users\Navid\AppData\Local\Temp\tmpchkhfxxr\render C:\Users\Navid\AppData\Local\Temp\tmpchkhfxxr\render.ly
returncode: 1

STDOUT:


STDERR:
Changing working directory to: `C:/Users/Navid/AppData/Local/Temp/tmpchkhfxxr'
Processing `C:/Users/Navid/AppData/Local/Temp/tmpchkhfxxr/render.ly'
Parsing...
C:/Users/Navid/AppData/Local/Temp/tmpchkhfxxr/render.ly:5:83: error: not a note name: is
{ \clef treble \key g \major \time 4/4 \tempo 4 = 100 g'4 a'4 b'4 c'4 | d'4 e'4 f'
                                                                                  is4 g'4 | a'4 b'4 c'4 d'4 | e'4 f'is4 g'4 a'4 | b'4 c'4 d'4 e'4 | f'is4 g'4 a'4 b'4 | c'4 d'4 e'4 f'is4 | g'4 a'4 b'4 c'4 | }

C:/Users/Navid/AppData/Local/Temp/tmpchkhfxxr/render.ly:5:117: error: not a note name: is
{ \clef treble \key g \major \time 4/4 \tempo 4 = 100 g'4 a'4 b'4 c'4 | d'4 e'4 f'is4 g'4 | a'4 b'4 c'4 d'4 | e'4 f'
                                                                                                                    is4 g'4 a'4 | b'4 c'4 d'4 e'4 | f'is4 g'4 a'4 b'4 | c'4 d'4 e'4 f'is4 | g'4 a'4 b'4 c'4 | }

C:/Users/Navid/AppData/Local/Temp/tmpchkhfxxr/render.ly:5:151: error: not a note name: is
{ \clef treble \key g \major \time 4/4 \tempo 4 = 100 g'4 a'4 b'4 c'4 | d'4 e'4 f'is4 g'4 | a'4 b'4 c'4 d'4 | e'4 f'is4 g'4 a'4 | b'4 c'4 d'4 e'4 | f'
                                                                                                                                                      is4 g'4 a'4 b'4 | c'4 d'4 e'4 f'is4 | g'4 a'4 b'4 c'4 | }

C:/Users/Navid/AppData/Local/Temp/tmpchkhfxxr/render.ly:5:183: error: not a note name: is
{ \clef treble \key g \major \time 4/4 \tempo 4 = 100 g'4 a'4 b'4 c'4 | d'4 e'4 f'is4 g'4 | a'4 b'4 c'4 d'4 | e'4 f'is4 g'4 a'4 | b'4 c'4 d'4 e'4 | f'is4 g'4 a'4 b'4 | c'4 d'4 e'4 f'
                                                                                                                                                                                      is4 | g'4 a'4 b'4 c'4 | }

Interpreting music...
C:/Users/Navid/AppData/Local/Temp/tmpchkhfxxr/render.ly:5:91: warning: barcheck failed at: 1/4
{ \clef treble \key g \major \time 4/4 \tempo 4 = 100 g'4 a'4 b'4 c'4 | d'4 e'4 f'is4 g'4 
                                                                                          | a'4 b'4 c'4 d'4 | e'4 f'is4 g'4 a'4 | b'4 c'4 d'4 e'4 | f'is4 g'4 a'4 b'4 | c'4 d'4 e'4 f'is4 | g'4 a'4 b'4 c'4 | }

C:/Users/Navid/AppData/Local/Temp/tmpchkhfxxr/render.ly:5:129: warning: barcheck failed at: 1/2
{ \clef treble \key g \major \time 4/4 \tempo 4 = 100 g'4 a'4 b'4 c'4 | d'4 e'4 f'is4 g'4 | a'4 b'4 c'4 d'4 | e'4 f'is4 g'4 a'4 
                                                                                                                                | b'4 c'4 d'4 e'4 | f'is4 g'4 a'4 b'4 | c'4 d'4 e'4 f'is4 | g'4 a'4 b'4 c'4 | }

C:/Users/Navid/AppData/Local/Temp/tmpchkhfxxr/render.ly:5:167: warning: barcheck failed at: 3/4
{ \clef treble \key g \major \time 4/4 \tempo 4 = 100 g'4 a'4 b'4 c'4 | d'4 e'4 f'is4 g'4 | a'4 b'4 c'4 d'4 | e'4 f'is4 g'4 a'4 | b'4 c'4 d'4 e'4 | f'is4 g'4 a'4 b'4 
                                                                                                                                                                      | c'4 d'4 e'4 f'is4 | g'4 a'4 b'4 c'4 | }

[8]
Preprocessing graphical objects...
Interpreting music...
C:/Users/Navid/AppData/Local/Temp/tmpchkhfxxr/render.ly:5:91: warning: barcheck failed at: 1/4
{ \clef treble \key g \major \time 4/4 \tempo 4 = 100 g'4 a'4 b'4 c'4 | d'4 e'4 f'is4 g'4 
                                                                                          | a'4 b'4 c'4 d'4 | e'4 f'is4 g'4 a'4 | b'4 c'4 d'4 e'4 | f'is4 g'4 a'4 b'4 | c'4 d'4 e'4 f'is4 | g'4 a'4 b'4 c'4 | }

C:/Users/Navid/AppData/Local/Temp/tmpchkhfxxr/render.ly:5:129: warning: barcheck failed at: 1/2
{ \clef treble \key g \major \time 4/4 \tempo 4 = 100 g'4 a'4 b'4 c'4 | d'4 e'4 f'is4 g'4 | a'4 b'4 c'4 d'4 | e'4 f'is4 g'4 a'4 
                                                                                                                                | b'4 c'4 d'4 e'4 | f'is4 g'4 a'4 b'4 | c'4 d'4 e'4 f'is4 | g'4 a'4 b'4 c'4 | }

C:/Users/Navid/AppData/Local/Temp/tmpchkhfxxr/render.ly:5:167: warning: barcheck failed at: 3/4
{ \clef treble \key g \major \time 4/4 \tempo 4 = 100 g'4 a'4 b'4 c'4 | d'4 e'4 f'is4 g'4 | a'4 b'4 c'4 d'4 | e'4 f'is4 g'4 a'4 | b'4 c'4 d'4 e'4 | f'is4 g'4 a'4 b'4 
                                                                                                                                                                      | c'4 d'4 e'4 f'is4 | g'4 a'4 b'4 c'4 | }

MIDI output to `render.mid'...
Finding the ideal number of pages...
Fitting music on 1 page...
Drawing systems...
Converting to `render.pdf'...
fatal error: failed files: "C:\\Users\\Navid\\AppData\\Local\\Temp\\tmpchkhfxxr\\render.ly"

