[lilypond_failed] cmd: C:\lilypond-2.24.4-mingw-x86_64\lilypond-2.24.4\bin\lilypond.exe -dno-point-and-click -o C:\Users\Navid\AppData\Local\Temp\tmp6m69rdtn\render C:\Users\Navid\AppData\Local\Temp\tmp6m69rdtn\render.ly
returncode: 1

STDOUT:


STDERR:
Changing working directory to: `C:/Users/Navid/AppData/Local/Temp/tmp6m69rdtn'
Processing `C:/Users/Navid/AppData/Local/Temp/tmp6m69rdtn/render.ly'
Parsing...
C:/Users/Navid/AppData/Local/Temp/tmp6m69rdtn/render.ly:10:1: error: not a note name: G

G4 A4 B4 C5 | G4 A4 B4 C5 | G4 A4 B4 C5 | G4 A4 B4 C5 | G4 A4 B4 C5 | G4 A4 B4 C5 | G4 A4 B4 C5 | G4 A4 B4 C5 |

C:/Users/Navid/AppData/Local/Temp/tmp6m69rdtn/render.ly:10:4: error: not a note name: A
G4 
   A4 B4 C5 | G4 A4 B4 C5 | G4 A4 B4 C5 | G4 A4 B4 C5 | G4 A4 B4 C5 | G4 A4 B4 C5 | G4 A4 B4 C5 | G4 A4 B4 C5 |

C:/Users/Navid/AppData/Local/Temp/tmp6m69rdtn/render.ly:10:7: error: not a note name: B
G4 A4 
      B4 C5 | G4 A4 B4 C5 | G4 A4 B4 C5 | G4 A4 B4 C5 | G4 A4 B4 C5 | G4 A4 B4 C5 | G4 A4 B4 C5 | G4 A4 B4 C5 |

C:/Users/Navid/AppData/Local/Temp/tmp6m69rdtn/render.ly:10:10: error: not a note name: C
G4 A4 B4 
         C5 | G4 A4 B4 C5 | G4 A4 B4 C5 | G4 A4 B4 C5 | G4 A4 B4 C5 | G4 A4 B4 C5 | G4 A4 B4 C5 | G4 A4 B4 C5 |

C:/Users/Navid/AppData/Local/Temp/tmp6m69rdtn/render.ly:10:11: error: not a duration
G4 A4 B4 C
          5 | G4 A4 B4 C5 | G4 A4 B4 C5 | G4 A4 B4 C5 | G4 A4 B4 C5 | G4 A4 B4 C5 | G4 A4 B4 C5 | G4 A4 B4 C5 |

C:/Users/Navid/AppData/Local/Temp/tmp6m69rdtn/render.ly:10:15: error: not a note name: G
G4 A4 B4 C5 | 
              G4 A4 B4 C5 | G4 A4 B4 C5 | G4 A4 B4 C5 | G4 A4 B4 C5 | G4 A4 B4 C5 | G4 A4 B4 C5 | G4 A4 B4 C5 |

C:/Users/Navid/AppData/Local/Temp/tmp6m69rdtn/render.ly:10:18: error: not a note name: A
G4 A4 B4 C5 | G4 
                 A4 B4 C5 | G4 A4 B4 C5 | G4 A4 B4 C5 | G4 A4 B4 C5 | G4 A4 B4 C5 | G4 A4 B4 C5 | G4 A4 B4 C5 |

C:/Users/Navid/AppData/Local/Temp/tmp6m69rdtn/render.ly:10:21: error: not a note name: B
G4 A4 B4 C5 | G4 A4 
                    B4 C5 | G4 A4 B4 C5 | G4 A4 B4 C5 | G4 A4 B4 C5 | G4 A4 B4 C5 | G4 A4 B4 C5 | G4 A4 B4 C5 |

C:/Users/Navid/AppData/Local/Temp/tmp6m69rdtn/render.ly:10:24: error: not a note name: C
G4 A4 B4 C5 | G4 A4 B4 
                       C5 | G4 A4 B4 C5 | G4 A4 B4 C5 | G4 A4 B4 C5 | G4 A4 B4 C5 | G4 A4 B4 C5 | G4 A4 B4 C5 |

C:/Users/Navid/AppData/Local/Temp/tmp6m69rdtn/render.ly:10:25: error: not a duration
G4 A4 B4 C5 | G4 A4 B4 C
                        5 | G4 A4 B4 C5 | G4 A4 B4 C5 | G4 A4 B4 C5 | G4 A4 B4 C5 | G4 A4 B4 C5 | G4 A4 B4 C5 |

C:/Users/Navid/AppData/Local/Temp/tmp6m69rdtn/render.ly:10:29: error: not a note name: G
G4 A4 B4 C5 | G4 A4 B4 C5 | 
                            G4 A4 B4 C5 | G4 A4 B4 C5 | G4 A4 B4 C5 | G4 A4 B4 C5 | G4 A4 B4 C5 | G4 A4 B4 C5 |

C:/Users/Navid/AppData/Local/Temp/tmp6m69rdtn/render.ly:10:32: error: not a note name: A
G4 A4 B4 C5 | G4 A4 B4 C5 | G4 
                               A4 B4 C5 | G4 A4 B4 C5 | G4 A4 B4 C5 | G4 A4 B4 C5 | G4 A4 B4 C5 | G4 A4 B4 C5 |

C:/Users/Navid/AppData/Local/Temp/tmp6m69rdtn/render.ly:10:35: error: not a note name: B
G4 A4 B4 C5 | G4 A4 B4 C5 | G4 A4 
                                  B4 C5 | G4 A4 B4 C5 | G4 A4 B4 C5 | G4 A4 B4 C5 | G4 A4 B4 C5 | G4 A4 B4 C5 |

C:/Users/Navid/AppData/Local/Temp/tmp6m69rdtn/render.ly:10:38: error: not a note name: C
G4 A4 B4 C5 | G4 A4 B4 C5 | G4 A4 B4 
                                     C5 | G4 A4 B4 C5 | G4 A4 B4 C5 | G4 A4 B4 C5 | G4 A4 B4 C5 | G4 A4 B4 C5 |

C:/Users/Navid/AppData/Local/Temp/tmp6m69rdtn/render.ly:10:39: error: not a duration
G4 A4 B4 C5 | G4 A4 B4 C5 | G4 A4 B4 C
                                      5 | G4 A4 B4 C5 | G4 A4 B4 C5 | G4 A4 B4 C5 | G4 A4 B4 C5 | G4 A4 B4 C5 |

C:/Users/Navid/AppData/Local/Temp/tmp6m69rdtn/render.ly:10:43: error: not a note name: G
G4 A4 B4 C5 | G4 A4 B4 C5 | G4 A4 B4 C5 | 
                                          G4 A4 B4 C5 | G4 A4 B4 C5 | G4 A4 B4 C5 | G4 A4 B4 C5 | G4 A4 B4 C5 |

C:/Users/Navid/AppData/Local/Temp/tmp6m69rdtn/render.ly:10:46: error: not a note name: A
G4 A4 B4 C5 | G4 A4 B4 C5 | G4 A4 B4 C5 | G4 
                                             A4 B4 C5 | G4 A4 B4 C5 | G4 A4 B4 C5 | G4 A4 B4 C5 | G4 A4 B4 C5 |

C:/Users/Navid/AppData/Local/Temp/tmp6m69rdtn/render.ly:10:49: error: not a note name: B
G4 A4 B4 C5 | G4 A4 B4 C5 | G4 A4 B4 C5 | G4 A4 
                                                B4 C5 | G4 A4 B4 C5 | G4 A4 B4 C5 | G4 A4 B4 C5 | G4 A4 B4 C5 |

C:/Users/Navid/AppData/Local/Temp/tmp6m69rdtn/render.ly:10:52: error: not a note name: C
G4 A4 B4 C5 | G4 A4 B4 C5 | G4 A4 B4 C5 | G4 A4 B4 
                                                   C5 | G4 A4 B4 C5 | G4 A4 B4 C5 | G4 A4 B4 C5 | G4 A4 B4 C5 |

C:/Users/Navid/AppData/Local/Temp/tmp6m69rdtn/render.ly:10:53: error: not a duration
G4 A4 B4 C5 | G4 A4 B4 C5 | G4 A4 B4 C5 | G4 A4 B4 C
                                                    5 | G4 A4 B4 C5 | G4 A4 B4 C5 | G4 A4 B4 C5 | G4 A4 B4 C5 |

C:/Users/Navid/AppData/Local/Temp/tmp6m69rdtn/render.ly:10:57: error: not a note name: G
G4 A4 B4 C5 | G4 A4 B4 C5 | G4 A4 B4 C5 | G4 A4 B4 C5 | 
                                                        G4 A4 B4 C5 | G4 A4 B4 C5 | G4 A4 B4 C5 | G4 A4 B4 C5 |

C:/Users/Navid/AppData/Local/Temp/tmp6m69rdtn/render.ly:10:60: error: not a note name: A
G4 A4 B4 C5 | G4 A4 B4 C5 | G4 A4 B4 C5 | G4 A4 B4 C5 | G4 
                                                           A4 B4 C5 | G4 A4 B4 C5 | G4 A4 B4 C5 | G4 A4 B4 C5 |

C:/Users/Navid/AppData/Local/Temp/tmp6m69rdtn/render.ly:10:63: error: not a note name: B
G4 A4 B4 C5 | G4 A4 B4 C5 | G4 A4 B4 C5 | G4 A4 B4 C5 | G4 A4 
                                                              B4 C5 | G4 A4 B4 C5 | G4 A4 B4 C5 | G4 A4 B4 C5 |

C:/Users/Navid/AppData/Local/Temp/tmp6m69rdtn/render.ly:10:66: error: not a note name: C
G4 A4 B4 C5 | G4 A4 B4 C5 | G4 A4 B4 C5 | G4 A4 B4 C5 | G4 A4 B4 
                                                                 C5 | G4 A4 B4 C5 | G4 A4 B4 C5 | G4 A4 B4 C5 |

C:/Users/Navid/AppData/Local/Temp/tmp6m69rdtn/render.ly:10:67: error: not a duration
G4 A4 B4 C5 | G4 A4 B4 C5 | G4 A4 B4 C5 | G4 A4 B4 C5 | G4 A4 B4 C
                                                                  5 | G4 A4 B4 C5 | G4 A4 B4 C5 | G4 A4 B4 C5 |

C:/Users/Navid/AppData/Local/Temp/tmp6m69rdtn/render.ly:10:71: error: not a note name: G
G4 A4 B4 C5 | G4 A4 B4 C5 | G4 A4 B4 C5 | G4 A4 B4 C5 | G4 A4 B4 C5 | 
                                                                      G4 A4 B4 C5 | G4 A4 B4 C5 | G4 A4 B4 C5 |

C:/Users/Navid/AppData/Local/Temp/tmp6m69rdtn/render.ly:10:74: error: not a note name: A
G4 A4 B4 C5 | G4 A4 B4 C5 | G4 A4 B4 C5 | G4 A4 B4 C5 | G4 A4 B4 C5 | G4 
                                                                         A4 B4 C5 | G4 A4 B4 C5 | G4 A4 B4 C5 |

C:/Users/Navid/AppData/Local/Temp/tmp6m69rdtn/render.ly:10:77: error: not a note name: B
G4 A4 B4 C5 | G4 A4 B4 C5 | G4 A4 B4 C5 | G4 A4 B4 C5 | G4 A4 B4 C5 | G4 A4 
                                                                            B4 C5 | G4 A4 B4 C5 | G4 A4 B4 C5 |

C:/Users/Navid/AppData/Local/Temp/tmp6m69rdtn/render.ly:10:80: error: not a note name: C
G4 A4 B4 C5 | G4 A4 B4 C5 | G4 A4 B4 C5 | G4 A4 B4 C5 | G4 A4 B4 C5 | G4 A4 B4 
                                                                               C5 | G4 A4 B4 C5 | G4 A4 B4 C5 |

C:/Users/Navid/AppData/Local/Temp/tmp6m69rdtn/render.ly:10:81: error: not a duration
G4 A4 B4 C5 | G4 A4 B4 C5 | G4 A4 B4 C5 | G4 A4 B4 C5 | G4 A4 B4 C5 | G4 A4 B4 C
                                                                                5 | G4 A4 B4 C5 | G4 A4 B4 C5 |

C:/Users/Navid/AppData/Local/Temp/tmp6m69rdtn/render.ly:10:85: error: not a note name: G
G4 A4 B4 C5 | G4 A4 B4 C5 | G4 A4 B4 C5 | G4 A4 B4 C5 | G4 A4 B4 C5 | G4 A4 B4 C5 | 
                                                                                    G4 A4 B4 C5 | G4 A4 B4 C5 |

C:/Users/Navid/AppData/Local/Temp/tmp6m69rdtn/render.ly:10:88: error: not a note name: A
G4 A4 B4 C5 | G4 A4 B4 C5 | G4 A4 B4 C5 | G4 A4 B4 C5 | G4 A4 B4 C5 | G4 A4 B4 C5 | G4 
                                                                                       A4 B4 C5 | G4 A4 B4 C5 |

C:/Users/Navid/AppData/Local/Temp/tmp6m69rdtn/render.ly:10:91: error: not a note name: B
G4 A4 B4 C5 | G4 A4 B4 C5 | G4 A4 B4 C5 | G4 A4 B4 C5 | G4 A4 B4 C5 | G4 A4 B4 C5 | G4 A4 
                                                                                          B4 C5 | G4 A4 B4 C5 |

C:/Users/Navid/AppData/Local/Temp/tmp6m69rdtn/render.ly:10:94: error: not a note name: C
G4 A4 B4 C5 | G4 A4 B4 C5 | G4 A4 B4 C5 | G4 A4 B4 C5 | G4 A4 B4 C5 | G4 A4 B4 C5 | G4 A4 B4 
                                                                                             C5 | G4 A4 B4 C5 |

C:/Users/Navid/AppData/Local/Temp/tmp6m69rdtn/render.ly:10:95: error: not a duration
G4 A4 B4 C5 | G4 A4 B4 C5 | G4 A4 B4 C5 | G4 A4 B4 C5 | G4 A4 B4 C5 | G4 A4 B4 C5 | G4 A4 B4 C
                                                                                              5 | G4 A4 B4 C5 |

C:/Users/Navid/AppData/Local/Temp/tmp6m69rdtn/render.ly:10:99: error: not a note name: G
G4 A4 B4 C5 | G4 A4 B4 C5 | G4 A4 B4 C5 | G4 A4 B4 C5 | G4 A4 B4 C5 | G4 A4 B4 C5 | G4 A4 B4 C5 | 
                                                                                                  G4 A4 B4 C5 |

C:/Users/Navid/AppData/Local/Temp/tmp6m69rdtn/render.ly:10:102: error: not a note name: A
G4 A4 B4 C5 | G4 A4 B4 C5 | G4 A4 B4 C5 | G4 A4 B4 C5 | G4 A4 B4 C5 | G4 A4 B4 C5 | G4 A4 B4 C5 | G4 
                                                                                                     A4 B4 C5 |

C:/Users/Navid/AppData/Local/Temp/tmp6m69rdtn/render.ly:10:105: error: not a note name: B
G4 A4 B4 C5 | G4 A4 B4 C5 | G4 A4 B4 C5 | G4 A4 B4 C5 | G4 A4 B4 C5 | G4 A4 B4 C5 | G4 A4 B4 C5 | G4 A4 
                                                                                                        B4 C5 |

C:/Users/Navid/AppData/Local/Temp/tmp6m69rdtn/render.ly:10:108: error: not a note name: C
G4 A4 B4 C5 | G4 A4 B4 C5 | G4 A4 B4 C5 | G4 A4 B4 C5 | G4 A4 B4 C5 | G4 A4 B4 C5 | G4 A4 B4 C5 | G4 A4 B4 
                                                                                                           C5 |

C:/Users/Navid/AppData/Local/Temp/tmp6m69rdtn/render.ly:10:109: error: not a duration
G4 A4 B4 C5 | G4 A4 B4 C5 | G4 A4 B4 C5 | G4 A4 B4 C5 | G4 A4 B4 C5 | G4 A4 B4 C5 | G4 A4 B4 C5 | G4 A4 B4 C
                                                                                                            5 |

Interpreting music...
C:/Users/Navid/AppData/Local/Temp/tmp6m69rdtn/render.ly:10:13: warning: barcheck failed at: 3/4
G4 A4 B4 C5 
            | G4 A4 B4 C5 | G4 A4 B4 C5 | G4 A4 B4 C5 | G4 A4 B4 C5 | G4 A4 B4 C5 | G4 A4 B4 C5 | G4 A4 B4 C5 |

C:/Users/Navid/AppData/Local/Temp/tmp6m69rdtn/render.ly:10:27: warning: barcheck failed at: 1/2
G4 A4 B4 C5 | G4 A4 B4 C5 
                          | G4 A4 B4 C5 | G4 A4 B4 C5 | G4 A4 B4 C5 | G4 A4 B4 C5 | G4 A4 B4 C5 | G4 A4 B4 C5 |

C:/Users/Navid/AppData/Local/Temp/tmp6m69rdtn/render.ly:10:41: warning: barcheck failed at: 1/4
G4 A4 B4 C5 | G4 A4 B4 C5 | G4 A4 B4 C5 
                                        | G4 A4 B4 C5 | G4 A4 B4 C5 | G4 A4 B4 C5 | G4 A4 B4 C5 | G4 A4 B4 C5 |

[8]
C:/Users/Navid/AppData/Local/Temp/tmp6m69rdtn/render.ly:10:69: warning: barcheck failed at: 3/4
G4 A4 B4 C5 | G4 A4 B4 C5 | G4 A4 B4 C5 | G4 A4 B4 C5 | G4 A4 B4 C5 
                                                                    | G4 A4 B4 C5 | G4 A4 B4 C5 | G4 A4 B4 C5 |

C:/Users/Navid/AppData/Local/Temp/tmp6m69rdtn/render.ly:10:83: warning: barcheck failed at: 1/2
G4 A4 B4 C5 | G4 A4 B4 C5 | G4 A4 B4 C5 | G4 A4 B4 C5 | G4 A4 B4 C5 | G4 A4 B4 C5 
                                                                                  | G4 A4 B4 C5 | G4 A4 B4 C5 |

C:/Users/Navid/AppData/Local/Temp/tmp6m69rdtn/render.ly:10:97: warning: barcheck failed at: 1/4
G4 A4 B4 C5 | G4 A4 B4 C5 | G4 A4 B4 C5 | G4 A4 B4 C5 | G4 A4 B4 C5 | G4 A4 B4 C5 | G4 A4 B4 C5 
                                                                                                | G4 A4 B4 C5 |

Preprocessing graphical objects...
Interpreting music...
C:/Users/Navid/AppData/Local/Temp/tmp6m69rdtn/render.ly:10:13: warning: barcheck failed at: 3/4
G4 A4 B4 C5 
            | G4 A4 B4 C5 | G4 A4 B4 C5 | G4 A4 B4 C5 | G4 A4 B4 C5 | G4 A4 B4 C5 | G4 A4 B4 C5 | G4 A4 B4 C5 |

C:/Users/Navid/AppData/Local/Temp/tmp6m69rdtn/render.ly:10:27: warning: barcheck failed at: 1/2
G4 A4 B4 C5 | G4 A4 B4 C5 
                          | G4 A4 B4 C5 | G4 A4 B4 C5 | G4 A4 B4 C5 | G4 A4 B4 C5 | G4 A4 B4 C5 | G4 A4 B4 C5 |

C:/Users/Navid/AppData/Local/Temp/tmp6m69rdtn/render.ly:10:41: warning: barcheck failed at: 1/4
G4 A4 B4 C5 | G4 A4 B4 C5 | G4 A4 B4 C5 
                                        | G4 A4 B4 C5 | G4 A4 B4 C5 | G4 A4 B4 C5 | G4 A4 B4 C5 | G4 A4 B4 C5 |

C:/Users/Navid/AppData/Local/Temp/tmp6m69rdtn/render.ly:10:69: warning: barcheck failed at: 3/4
G4 A4 B4 C5 | G4 A4 B4 C5 | G4 A4 B4 C5 | G4 A4 B4 C5 | G4 A4 B4 C5 
                                                                    | G4 A4 B4 C5 | G4 A4 B4 C5 | G4 A4 B4 C5 |

C:/Users/Navid/AppData/Local/Temp/tmp6m69rdtn/render.ly:10:83: warning: barcheck failed at: 1/2
G4 A4 B4 C5 | G4 A4 B4 C5 | G4 A4 B4 C5 | G4 A4 B4 C5 | G4 A4 B4 C5 | G4 A4 B4 C5 
                                                                                  | G4 A4 B4 C5 | G4 A4 B4 C5 |

C:/Users/Navid/AppData/Local/Temp/tmp6m69rdtn/render.ly:10:97: warning: barcheck failed at: 1/4
G4 A4 B4 C5 | G4 A4 B4 C5 | G4 A4 B4 C5 | G4 A4 B4 C5 | G4 A4 B4 C5 | G4 A4 B4 C5 | G4 A4 B4 C5 
                                                                                                | G4 A4 B4 C5 |

MIDI output to `render.mid'...
Finding the ideal number of pages...
Fitting music on 1 page...
Drawing systems...
Converting to `render.pdf'...
fatal error: failed files: "C:\\Users\\Navid\\AppData\\Local\\Temp\\tmp6m69rdtn\\render.ly"

