[lilypond_failed] cmd: C:\lilypond-2.24.4-mingw-x86_64\lilypond-2.24.4\bin\lilypond.exe -dno-point-and-click -o C:\Users\Navid\AppData\Local\Temp\tmpjon8eoe4\render C:\Users\Navid\AppData\Local\Temp\tmpjon8eoe4\render.ly
returncode: 1

STDOUT:


STDERR:
Changing working directory to: `C:/Users/Navid/AppData/Local/Temp/tmpjon8eoe4'
Processing `C:/Users/Navid/AppData/Local/Temp/tmpjon8eoe4/render.ly'
Parsing...
C:/Users/Navid/AppData/Local/Temp/tmpjon8eoe4/render.ly:5:79: error: not a duration
\relative c' { \key c \major \time 4/4 \tempo 4 = 100 c4 d4 e4 f4 | g4 a4 b4 c
                                                                              5 | d5 e5 f5 g5 | a5 b5 c6 d6 | e6 f6 g6 a6 | b6 c7 d7 e7 | f7 g7 a7 b7 | c8 d8 e8 f8 | }

C:/Users/Navid/AppData/Local/Temp/tmpjon8eoe4/render.ly:5:84: error: not a duration
\relative c' { \key c \major \time 4/4 \tempo 4 = 100 c4 d4 e4 f4 | g4 a4 b4 c5 | d
                                                                                   5 e5 f5 g5 | a5 b5 c6 d6 | e6 f6 g6 a6 | b6 c7 d7 e7 | f7 g7 a7 b7 | c8 d8 e8 f8 | }

C:/Users/Navid/AppData/Local/Temp/tmpjon8eoe4/render.ly:5:87: error: not a duration
\relative c' { \key c \major \time 4/4 \tempo 4 = 100 c4 d4 e4 f4 | g4 a4 b4 c5 | d5 e
                                                                                      5 f5 g5 | a5 b5 c6 d6 | e6 f6 g6 a6 | b6 c7 d7 e7 | f7 g7 a7 b7 | c8 d8 e8 f8 | }

C:/Users/Navid/AppData/Local/Temp/tmpjon8eoe4/render.ly:5:90: error: not a duration
\relative c' { \key c \major \time 4/4 \tempo 4 = 100 c4 d4 e4 f4 | g4 a4 b4 c5 | d5 e5 f
                                                                                         5 g5 | a5 b5 c6 d6 | e6 f6 g6 a6 | b6 c7 d7 e7 | f7 g7 a7 b7 | c8 d8 e8 f8 | }

C:/Users/Navid/AppData/Local/Temp/tmpjon8eoe4/render.ly:5:93: error: not a duration
\relative c' { \key c \major \time 4/4 \tempo 4 = 100 c4 d4 e4 f4 | g4 a4 b4 c5 | d5 e5 f5 g
                                                                                            5 | a5 b5 c6 d6 | e6 f6 g6 a6 | b6 c7 d7 e7 | f7 g7 a7 b7 | c8 d8 e8 f8 | }

C:/Users/Navid/AppData/Local/Temp/tmpjon8eoe4/render.ly:5:98: error: not a duration
\relative c' { \key c \major \time 4/4 \tempo 4 = 100 c4 d4 e4 f4 | g4 a4 b4 c5 | d5 e5 f5 g5 | a
                                                                                                 5 b5 c6 d6 | e6 f6 g6 a6 | b6 c7 d7 e7 | f7 g7 a7 b7 | c8 d8 e8 f8 | }

C:/Users/Navid/AppData/Local/Temp/tmpjon8eoe4/render.ly:5:101: error: not a duration
\relative c' { \key c \major \time 4/4 \tempo 4 = 100 c4 d4 e4 f4 | g4 a4 b4 c5 | d5 e5 f5 g5 | a5 b
                                                                                                    5 c6 d6 | e6 f6 g6 a6 | b6 c7 d7 e7 | f7 g7 a7 b7 | c8 d8 e8 f8 | }

C:/Users/Navid/AppData/Local/Temp/tmpjon8eoe4/render.ly:5:104: error: not a duration
\relative c' { \key c \major \time 4/4 \tempo 4 = 100 c4 d4 e4 f4 | g4 a4 b4 c5 | d5 e5 f5 g5 | a5 b5 c
                                                                                                       6 d6 | e6 f6 g6 a6 | b6 c7 d7 e7 | f7 g7 a7 b7 | c8 d8 e8 f8 | }

C:/Users/Navid/AppData/Local/Temp/tmpjon8eoe4/render.ly:5:107: error: not a duration
\relative c' { \key c \major \time 4/4 \tempo 4 = 100 c4 d4 e4 f4 | g4 a4 b4 c5 | d5 e5 f5 g5 | a5 b5 c6 d
                                                                                                          6 | e6 f6 g6 a6 | b6 c7 d7 e7 | f7 g7 a7 b7 | c8 d8 e8 f8 | }

C:/Users/Navid/AppData/Local/Temp/tmpjon8eoe4/render.ly:5:112: error: not a duration
\relative c' { \key c \major \time 4/4 \tempo 4 = 100 c4 d4 e4 f4 | g4 a4 b4 c5 | d5 e5 f5 g5 | a5 b5 c6 d6 | e
                                                                                                               6 f6 g6 a6 | b6 c7 d7 e7 | f7 g7 a7 b7 | c8 d8 e8 f8 | }

C:/Users/Navid/AppData/Local/Temp/tmpjon8eoe4/render.ly:5:115: error: not a duration
\relative c' { \key c \major \time 4/4 \tempo 4 = 100 c4 d4 e4 f4 | g4 a4 b4 c5 | d5 e5 f5 g5 | a5 b5 c6 d6 | e6 f
                                                                                                                  6 g6 a6 | b6 c7 d7 e7 | f7 g7 a7 b7 | c8 d8 e8 f8 | }

C:/Users/Navid/AppData/Local/Temp/tmpjon8eoe4/render.ly:5:118: error: not a duration
\relative c' { \key c \major \time 4/4 \tempo 4 = 100 c4 d4 e4 f4 | g4 a4 b4 c5 | d5 e5 f5 g5 | a5 b5 c6 d6 | e6 f6 g
                                                                                                                     6 a6 | b6 c7 d7 e7 | f7 g7 a7 b7 | c8 d8 e8 f8 | }

C:/Users/Navid/AppData/Local/Temp/tmpjon8eoe4/render.ly:5:121: error: not a duration
\relative c' { \key c \major \time 4/4 \tempo 4 = 100 c4 d4 e4 f4 | g4 a4 b4 c5 | d5 e5 f5 g5 | a5 b5 c6 d6 | e6 f6 g6 a
                                                                                                                        6 | b6 c7 d7 e7 | f7 g7 a7 b7 | c8 d8 e8 f8 | }

C:/Users/Navid/AppData/Local/Temp/tmpjon8eoe4/render.ly:5:126: error: not a duration
\relative c' { \key c \major \time 4/4 \tempo 4 = 100 c4 d4 e4 f4 | g4 a4 b4 c5 | d5 e5 f5 g5 | a5 b5 c6 d6 | e6 f6 g6 a6 | b
                                                                                                                             6 c7 d7 e7 | f7 g7 a7 b7 | c8 d8 e8 f8 | }

C:/Users/Navid/AppData/Local/Temp/tmpjon8eoe4/render.ly:5:129: error: not a duration
\relative c' { \key c \major \time 4/4 \tempo 4 = 100 c4 d4 e4 f4 | g4 a4 b4 c5 | d5 e5 f5 g5 | a5 b5 c6 d6 | e6 f6 g6 a6 | b6 c
                                                                                                                                7 d7 e7 | f7 g7 a7 b7 | c8 d8 e8 f8 | }

C:/Users/Navid/AppData/Local/Temp/tmpjon8eoe4/render.ly:5:132: error: not a duration
\relative c' { \key c \major \time 4/4 \tempo 4 = 100 c4 d4 e4 f4 | g4 a4 b4 c5 | d5 e5 f5 g5 | a5 b5 c6 d6 | e6 f6 g6 a6 | b6 c7 d
                                                                                                                                   7 e7 | f7 g7 a7 b7 | c8 d8 e8 f8 | }

C:/Users/Navid/AppData/Local/Temp/tmpjon8eoe4/render.ly:5:135: error: not a duration
\relative c' { \key c \major \time 4/4 \tempo 4 = 100 c4 d4 e4 f4 | g4 a4 b4 c5 | d5 e5 f5 g5 | a5 b5 c6 d6 | e6 f6 g6 a6 | b6 c7 d7 e
                                                                                                                                      7 | f7 g7 a7 b7 | c8 d8 e8 f8 | }

C:/Users/Navid/AppData/Local/Temp/tmpjon8eoe4/render.ly:5:140: error: not a duration
\relative c' { \key c \major \time 4/4 \tempo 4 = 100 c4 d4 e4 f4 | g4 a4 b4 c5 | d5 e5 f5 g5 | a5 b5 c6 d6 | e6 f6 g6 a6 | b6 c7 d7 e7 | f
                                                                                                                                           7 g7 a7 b7 | c8 d8 e8 f8 | }

C:/Users/Navid/AppData/Local/Temp/tmpjon8eoe4/render.ly:5:143: error: not a duration
\relative c' { \key c \major \time 4/4 \tempo 4 = 100 c4 d4 e4 f4 | g4 a4 b4 c5 | d5 e5 f5 g5 | a5 b5 c6 d6 | e6 f6 g6 a6 | b6 c7 d7 e7 | f7 g
                                                                                                                                              7 a7 b7 | c8 d8 e8 f8 | }

C:/Users/Navid/AppData/Local/Temp/tmpjon8eoe4/render.ly:5:146: error: not a duration
\relative c' { \key c \major \time 4/4 \tempo 4 = 100 c4 d4 e4 f4 | g4 a4 b4 c5 | d5 e5 f5 g5 | a5 b5 c6 d6 | e6 f6 g6 a6 | b6 c7 d7 e7 | f7 g7 a
                                                                                                                                                 7 b7 | c8 d8 e8 f8 | }

C:/Users/Navid/AppData/Local/Temp/tmpjon8eoe4/render.ly:5:149: error: not a duration
\relative c' { \key c \major \time 4/4 \tempo 4 = 100 c4 d4 e4 f4 | g4 a4 b4 c5 | d5 e5 f5 g5 | a5 b5 c6 d6 | e6 f6 g6 a6 | b6 c7 d7 e7 | f7 g7 a7 b
                                                                                                                                                    7 | c8 d8 e8 f8 | }

C:/Users/Navid/AppData/Local/Temp/tmpjon8eoe4/render.ly:6:79: error: not a duration
\relative c' { \key c \major \time 4/4 \tempo 4 = 100 c4 d4 e4 f4 | g4 a4 b4 c
                                                                              5 | d5 e5 f5 g5 | a5 b5 c6 d6 | e6 f6 g6 a6 | b6 c7 d7 e7 | f7 g7 a7 b7 | c8 d8 e8 f8 | }

C:/Users/Navid/AppData/Local/Temp/tmpjon8eoe4/render.ly:6:84: error: not a duration
\relative c' { \key c \major \time 4/4 \tempo 4 = 100 c4 d4 e4 f4 | g4 a4 b4 c5 | d
                                                                                   5 e5 f5 g5 | a5 b5 c6 d6 | e6 f6 g6 a6 | b6 c7 d7 e7 | f7 g7 a7 b7 | c8 d8 e8 f8 | }

C:/Users/Navid/AppData/Local/Temp/tmpjon8eoe4/render.ly:6:87: error: not a duration
\relative c' { \key c \major \time 4/4 \tempo 4 = 100 c4 d4 e4 f4 | g4 a4 b4 c5 | d5 e
                                                                                      5 f5 g5 | a5 b5 c6 d6 | e6 f6 g6 a6 | b6 c7 d7 e7 | f7 g7 a7 b7 | c8 d8 e8 f8 | }

C:/Users/Navid/AppData/Local/Temp/tmpjon8eoe4/render.ly:6:90: error: not a duration
\relative c' { \key c \major \time 4/4 \tempo 4 = 100 c4 d4 e4 f4 | g4 a4 b4 c5 | d5 e5 f
                                                                                         5 g5 | a5 b5 c6 d6 | e6 f6 g6 a6 | b6 c7 d7 e7 | f7 g7 a7 b7 | c8 d8 e8 f8 | }

C:/Users/Navid/AppData/Local/Temp/tmpjon8eoe4/render.ly:6:93: error: not a duration
\relative c' { \key c \major \time 4/4 \tempo 4 = 100 c4 d4 e4 f4 | g4 a4 b4 c5 | d5 e5 f5 g
                                                                                            5 | a5 b5 c6 d6 | e6 f6 g6 a6 | b6 c7 d7 e7 | f7 g7 a7 b7 | c8 d8 e8 f8 | }

C:/Users/Navid/AppData/Local/Temp/tmpjon8eoe4/render.ly:6:98: error: not a duration
\relative c' { \key c \major \time 4/4 \tempo 4 = 100 c4 d4 e4 f4 | g4 a4 b4 c5 | d5 e5 f5 g5 | a
                                                                                                 5 b5 c6 d6 | e6 f6 g6 a6 | b6 c7 d7 e7 | f7 g7 a7 b7 | c8 d8 e8 f8 | }

C:/Users/Navid/AppData/Local/Temp/tmpjon8eoe4/render.ly:6:101: error: not a duration
\relative c' { \key c \major \time 4/4 \tempo 4 = 100 c4 d4 e4 f4 | g4 a4 b4 c5 | d5 e5 f5 g5 | a5 b
                                                                                                    5 c6 d6 | e6 f6 g6 a6 | b6 c7 d7 e7 | f7 g7 a7 b7 | c8 d8 e8 f8 | }

C:/Users/Navid/AppData/Local/Temp/tmpjon8eoe4/render.ly:6:104: error: not a duration
\relative c' { \key c \major \time 4/4 \tempo 4 = 100 c4 d4 e4 f4 | g4 a4 b4 c5 | d5 e5 f5 g5 | a5 b5 c
                                                                                                       6 d6 | e6 f6 g6 a6 | b6 c7 d7 e7 | f7 g7 a7 b7 | c8 d8 e8 f8 | }

C:/Users/Navid/AppData/Local/Temp/tmpjon8eoe4/render.ly:6:107: error: not a duration
\relative c' { \key c \major \time 4/4 \tempo 4 = 100 c4 d4 e4 f4 | g4 a4 b4 c5 | d5 e5 f5 g5 | a5 b5 c6 d
                                                                                                          6 | e6 f6 g6 a6 | b6 c7 d7 e7 | f7 g7 a7 b7 | c8 d8 e8 f8 | }

C:/Users/Navid/AppData/Local/Temp/tmpjon8eoe4/render.ly:6:112: error: not a duration
\relative c' { \key c \major \time 4/4 \tempo 4 = 100 c4 d4 e4 f4 | g4 a4 b4 c5 | d5 e5 f5 g5 | a5 b5 c6 d6 | e
                                                                                                               6 f6 g6 a6 | b6 c7 d7 e7 | f7 g7 a7 b7 | c8 d8 e8 f8 | }

C:/Users/Navid/AppData/Local/Temp/tmpjon8eoe4/render.ly:6:115: error: not a duration
\relative c' { \key c \major \time 4/4 \tempo 4 = 100 c4 d4 e4 f4 | g4 a4 b4 c5 | d5 e5 f5 g5 | a5 b5 c6 d6 | e6 f
                                                                                                                  6 g6 a6 | b6 c7 d7 e7 | f7 g7 a7 b7 | c8 d8 e8 f8 | }

C:/Users/Navid/AppData/Local/Temp/tmpjon8eoe4/render.ly:6:118: error: not a duration
\relative c' { \key c \major \time 4/4 \tempo 4 = 100 c4 d4 e4 f4 | g4 a4 b4 c5 | d5 e5 f5 g5 | a5 b5 c6 d6 | e6 f6 g
                                                                                                                     6 a6 | b6 c7 d7 e7 | f7 g7 a7 b7 | c8 d8 e8 f8 | }

C:/Users/Navid/AppData/Local/Temp/tmpjon8eoe4/render.ly:6:121: error: not a duration
\relative c' { \key c \major \time 4/4 \tempo 4 = 100 c4 d4 e4 f4 | g4 a4 b4 c5 | d5 e5 f5 g5 | a5 b5 c6 d6 | e6 f6 g6 a
                                                                                                                        6 | b6 c7 d7 e7 | f7 g7 a7 b7 | c8 d8 e8 f8 | }

C:/Users/Navid/AppData/Local/Temp/tmpjon8eoe4/render.ly:6:126: error: not a duration
\relative c' { \key c \major \time 4/4 \tempo 4 = 100 c4 d4 e4 f4 | g4 a4 b4 c5 | d5 e5 f5 g5 | a5 b5 c6 d6 | e6 f6 g6 a6 | b
                                                                                                                             6 c7 d7 e7 | f7 g7 a7 b7 | c8 d8 e8 f8 | }

C:/Users/Navid/AppData/Local/Temp/tmpjon8eoe4/render.ly:6:129: error: not a duration
\relative c' { \key c \major \time 4/4 \tempo 4 = 100 c4 d4 e4 f4 | g4 a4 b4 c5 | d5 e5 f5 g5 | a5 b5 c6 d6 | e6 f6 g6 a6 | b6 c
                                                                                                                                7 d7 e7 | f7 g7 a7 b7 | c8 d8 e8 f8 | }

C:/Users/Navid/AppData/Local/Temp/tmpjon8eoe4/render.ly:6:132: error: not a duration
\relative c' { \key c \major \time 4/4 \tempo 4 = 100 c4 d4 e4 f4 | g4 a4 b4 c5 | d5 e5 f5 g5 | a5 b5 c6 d6 | e6 f6 g6 a6 | b6 c7 d
                                                                                                                                   7 e7 | f7 g7 a7 b7 | c8 d8 e8 f8 | }

C:/Users/Navid/AppData/Local/Temp/tmpjon8eoe4/render.ly:6:135: error: not a duration
\relative c' { \key c \major \time 4/4 \tempo 4 = 100 c4 d4 e4 f4 | g4 a4 b4 c5 | d5 e5 f5 g5 | a5 b5 c6 d6 | e6 f6 g6 a6 | b6 c7 d7 e
                                                                                                                                      7 | f7 g7 a7 b7 | c8 d8 e8 f8 | }

C:/Users/Navid/AppData/Local/Temp/tmpjon8eoe4/render.ly:6:140: error: not a duration
\relative c' { \key c \major \time 4/4 \tempo 4 = 100 c4 d4 e4 f4 | g4 a4 b4 c5 | d5 e5 f5 g5 | a5 b5 c6 d6 | e6 f6 g6 a6 | b6 c7 d7 e7 | f
                                                                                                                                           7 g7 a7 b7 | c8 d8 e8 f8 | }

C:/Users/Navid/AppData/Local/Temp/tmpjon8eoe4/render.ly:6:143: error: not a duration
\relative c' { \key c \major \time 4/4 \tempo 4 = 100 c4 d4 e4 f4 | g4 a4 b4 c5 | d5 e5 f5 g5 | a5 b5 c6 d6 | e6 f6 g6 a6 | b6 c7 d7 e7 | f7 g
                                                                                                                                              7 a7 b7 | c8 d8 e8 f8 | }

C:/Users/Navid/AppData/Local/Temp/tmpjon8eoe4/render.ly:6:146: error: not a duration
\relative c' { \key c \major \time 4/4 \tempo 4 = 100 c4 d4 e4 f4 | g4 a4 b4 c5 | d5 e5 f5 g5 | a5 b5 c6 d6 | e6 f6 g6 a6 | b6 c7 d7 e7 | f7 g7 a
                                                                                                                                                 7 b7 | c8 d8 e8 f8 | }

C:/Users/Navid/AppData/Local/Temp/tmpjon8eoe4/render.ly:6:149: error: not a duration
\relative c' { \key c \major \time 4/4 \tempo 4 = 100 c4 d4 e4 f4 | g4 a4 b4 c5 | d5 e5 f5 g5 | a5 b5 c6 d6 | e6 f6 g6 a6 | b6 c7 d7 e7 | f7 g7 a7 b
                                                                                                                                                    7 | c8 d8 e8 f8 | }

Interpreting music...
C:/Users/Navid/AppData/Local/Temp/tmpjon8eoe4/render.ly:5:81: warning: barcheck failed at: 3/4
\relative c' { \key c \major \time 4/4 \tempo 4 = 100 c4 d4 e4 f4 | g4 a4 b4 c5 
                                                                                | d5 e5 f5 g5 | a5 b5 c6 d6 | e6 f6 g6 a6 | b6 c7 d7 e7 | f7 g7 a7 b7 | c8 d8 e8 f8 | }

C:/Users/Navid/AppData/Local/Temp/tmpjon8eoe4/render.ly:5:165: warning: barcheck failed at: 1/4
\relative c' { \key c \major \time 4/4 \tempo 4 = 100 c4 d4 e4 f4 | g4 a4 b4 c5 | d5 e5 f5 g5 | a5 b5 c6 d6 | e6 f6 g6 a6 | b6 c7 d7 e7 | f7 g7 a7 b7 | c8 d8 e8 f8 
                                                                                                                                                                    | }

C:/Users/Navid/AppData/Local/Temp/tmpjon8eoe4/render.ly:6:30: warning: mid-measure time signature without \partial
\relative c' { \key c \major 
                             \time 4/4 \tempo 4 = 100 c4 d4 e4 f4 | g4 a4 b4 c5 | d5 e5 f5 g5 | a5 b5 c6 d6 | e6 f6 g6 a6 | b6 c7 d7 e7 | f7 g7 a7 b7 | c8 d8 e8 f8 | }

[8][16][24]
C:/Users/Navid/AppData/Local/Temp/tmpjon8eoe4/render.ly:6:165: warning: barcheck failed at: 1/2
\relative c' { \key c \major \time 4/4 \tempo 4 = 100 c4 d4 e4 f4 | g4 a4 b4 c5 | d5 e5 f5 g5 | a5 b5 c6 d6 | e6 f6 g6 a6 | b6 c7 d7 e7 | f7 g7 a7 b7 | c8 d8 e8 f8 
                                                                                                                                                                    | }

Preprocessing graphical objects...
Interpreting music...
C:/Users/Navid/AppData/Local/Temp/tmpjon8eoe4/render.ly:5:81: warning: barcheck failed at: 3/4
\relative c' { \key c \major \time 4/4 \tempo 4 = 100 c4 d4 e4 f4 | g4 a4 b4 c5 
                                                                                | d5 e5 f5 g5 | a5 b5 c6 d6 | e6 f6 g6 a6 | b6 c7 d7 e7 | f7 g7 a7 b7 | c8 d8 e8 f8 | }

C:/Users/Navid/AppData/Local/Temp/tmpjon8eoe4/render.ly:5:165: warning: barcheck failed at: 1/4
\relative c' { \key c \major \time 4/4 \tempo 4 = 100 c4 d4 e4 f4 | g4 a4 b4 c5 | d5 e5 f5 g5 | a5 b5 c6 d6 | e6 f6 g6 a6 | b6 c7 d7 e7 | f7 g7 a7 b7 | c8 d8 e8 f8 
                                                                                                                                                                    | }

C:/Users/Navid/AppData/Local/Temp/tmpjon8eoe4/render.ly:6:165: warning: barcheck failed at: 1/2
\relative c' { \key c \major \time 4/4 \tempo 4 = 100 c4 d4 e4 f4 | g4 a4 b4 c5 | d5 e5 f5 g5 | a5 b5 c6 d6 | e6 f6 g6 a6 | b6 c7 d7 e7 | f7 g7 a7 b7 | c8 d8 e8 f8 
                                                                                                                                                                    | }

MIDI output to `render.mid'...
Finding the ideal number of pages...
Fitting music on 1 page...
Drawing systems...
Converting to `render.pdf'...
fatal error: failed files: "C:\\Users\\Navid\\AppData\\Local\\Temp\\tmpjon8eoe4\\render.ly"

