[lilypond_failed] cmd: C:\lilypond-2.24.4-mingw-x86_64\lilypond-2.24.4\bin\lilypond.exe -dno-point-and-click -o C:\Users\Navid\AppData\Local\Temp\tmp46f20066\render C:\Users\Navid\AppData\Local\Temp\tmp46f20066\render.ly
returncode: 1

STDOUT:


STDERR:
Changing working directory to: `C:/Users/Navid/AppData/Local/Temp/tmp46f20066'
Processing `C:/Users/Navid/AppData/Local/Temp/tmp46f20066/render.ly'
Parsing...
C:/Users/Navid/AppData/Local/Temp/tmp46f20066/render.ly:17:7: error: unknown escaped string: `\crescendo'
      
      \crescendo 4 r4 r4 |

C:/Users/Navid/AppData/Local/Temp/tmp46f20066/render.ly:17:7: error: string outside of text script or \lyricmode
      
      \crescendo 4 r4 r4 |

C:/Users/Navid/AppData/Local/Temp/tmp46f20066/render.ly:15:7: warning: Unattached AbsoluteDynamicEvent
      
      \p do''4~ do''8 re''8 sol''4 |

C:/Users/Navid/AppData/Local/Temp/tmp46f20066/render.ly:30:7: error: unknown escaped string: `\decrescendo'
      
      \decrescendo 4 r4 r4 |

C:/Users/Navid/AppData/Local/Temp/tmp46f20066/render.ly:30:7: error: string outside of text script or \lyricmode
      
      \decrescendo 4 r4 r4 |

C:/Users/Navid/AppData/Local/Temp/tmp46f20066/render.ly:26:7: warning: Unattached AbsoluteDynamicEvent
      
      \pp do''4~ do''8 re''8 sol''4 |

C:/Users/Navid/AppData/Local/Temp/tmp46f20066/render.ly:7:3: error: Spurious expression in \score
  
  <<

Interpreting music...
C:/Users/Navid/AppData/Local/Temp/tmp46f20066/render.ly:6:3: warning: skipping zero-duration score
  
  \time 3/4

C:/Users/Navid/AppData/Local/Temp/tmp46f20066/render.ly:6:3: warning: to suppress this, consider adding a spacer rest
  
  \time 3/4

Interpreting music...
C:/Users/Navid/AppData/Local/Temp/tmp46f20066/render.ly:6:3: warning: skipping zero-duration score
  
  \time 3/4

C:/Users/Navid/AppData/Local/Temp/tmp46f20066/render.ly:6:3: warning: to suppress this, consider adding a spacer rest
  
  \time 3/4

fatal error: failed files: "C:\\Users\\Navid\\AppData\\Local\\Temp\\tmp46f20066\\render.ly"

