[lilypond_failed] cmd: C:\lilypond-2.24.4-mingw-x86_64\lilypond-2.24.4\bin\lilypond.exe -dno-point-and-click -o C:\Users\Navid\AppData\Local\Temp\tmpcp_4kxiv\render C:\Users\Navid\AppData\Local\Temp\tmpcp_4kxiv\render.ly
returncode: 1

STDOUT:


STDERR:
Changing working directory to: `C:/Users/Navid/AppData/Local/Temp/tmpcp_4kxiv'
Processing `C:/Users/Navid/AppData/Local/Temp/tmpcp_4kxiv/render.ly'
Parsing...
C:/Users/Navid/AppData/Local/Temp/tmpcp_4kxiv/render.ly:9:12: error: syntax error, unexpected '!'
      ( do4
           ! mi4. sol4 )

C:/Users/Navid/AppData/Local/Temp/tmpcp_4kxiv/render.ly:9:7: warning: Unattached SlurEvent
      
      ( do4! mi4. sol4 )

C:/Users/Navid/AppData/Local/Temp/tmpcp_4kxiv/render.ly:18:11: error: syntax error, unexpected '!'
      sol4
          ! la4 sol4

C:/Users/Navid/AppData/Local/Temp/tmpcp_4kxiv/render.ly:7:3: error: Spurious expression in \score
  
  <<

Interpreting music...
C:/Users/Navid/AppData/Local/Temp/tmpcp_4kxiv/render.ly:6:3: warning: skipping zero-duration score
  
  \time 3/4

C:/Users/Navid/AppData/Local/Temp/tmpcp_4kxiv/render.ly:6:3: warning: to suppress this, consider adding a spacer rest
  
  \time 3/4

Interpreting music...
C:/Users/Navid/AppData/Local/Temp/tmpcp_4kxiv/render.ly:6:3: warning: skipping zero-duration score
  
  \time 3/4

C:/Users/Navid/AppData/Local/Temp/tmpcp_4kxiv/render.ly:6:3: warning: to suppress this, consider adding a spacer rest
  
  \time 3/4

fatal error: failed files: "C:\\Users\\Navid\\AppData\\Local\\Temp\\tmpcp_4kxiv\\render.ly"

