[lilypond_failed] cmd: C:\lilypond-2.24.4-mingw-x86_64\lilypond-2.24.4\bin\lilypond.exe -dno-point-and-click -o C:\Users\Navid\AppData\Local\Temp\tmp7kklm2ea\render C:\Users\Navid\AppData\Local\Temp\tmp7kklm2ea\render.ly
returncode: 1

STDOUT:


STDERR:
Changing working directory to: `C:/Users/Navid/AppData/Local/Temp/tmp7kklm2ea'
Processing `C:/Users/Navid/AppData/Local/Temp/tmp7kklm2ea/render.ly'
Parsing...
C:/Users/Navid/AppData/Local/Temp/tmp7kklm2ea/render.ly:6:10: error: wrong type for argument 1.  Expecting pitch, found "mi"
    \key 
         mi \minor

C:/Users/Navid/AppData/Local/Temp/tmp7kklm2ea/render.ly:11:5: error: not a note name: mi
    
    mi''8. re''16 mi''8. re''16 sol''4 ~ sol''8

C:/Users/Navid/AppData/Local/Temp/tmp7kklm2ea/render.ly:11:7: error: syntax error, unexpected '\''
    mi
      ''8. re''16 mi''8. re''16 sol''4 ~ sol''8

C:/Users/Navid/AppData/Local/Temp/tmp7kklm2ea/render.ly:11:12: error: not a note name: re
    mi''8. 
           re''16 mi''8. re''16 sol''4 ~ sol''8

C:/Users/Navid/AppData/Local/Temp/tmp7kklm2ea/render.ly:11:14: error: syntax error, unexpected '\''
    mi''8. re
             ''16 mi''8. re''16 sol''4 ~ sol''8

C:/Users/Navid/AppData/Local/Temp/tmp7kklm2ea/render.ly:11:19: error: not a note name: mi
    mi''8. re''16 
                  mi''8. re''16 sol''4 ~ sol''8

C:/Users/Navid/AppData/Local/Temp/tmp7kklm2ea/render.ly:11:26: error: not a note name: re
    mi''8. re''16 mi''8. 
                         re''16 sol''4 ~ sol''8

C:/Users/Navid/AppData/Local/Temp/tmp7kklm2ea/render.ly:11:28: error: syntax error, unexpected '\''
    mi''8. re''16 mi''8. re
                           ''16 sol''4 ~ sol''8

C:/Users/Navid/AppData/Local/Temp/tmp7kklm2ea/render.ly:11:33: error: not a note name: sol
    mi''8. re''16 mi''8. re''16 
                                sol''4 ~ sol''8

C:/Users/Navid/AppData/Local/Temp/tmp7kklm2ea/render.ly:11:42: error: not a note name: sol
    mi''8. re''16 mi''8. re''16 sol''4 ~ 
                                         sol''8

C:/Users/Navid/AppData/Local/Temp/tmp7kklm2ea/render.ly:11:45: error: syntax error, unexpected '\''
    mi''8. re''16 mi''8. re''16 sol''4 ~ sol
                                            ''8

C:/Users/Navid/AppData/Local/Temp/tmp7kklm2ea/render.ly:12:5: error: not a note name: fa
    
    fa''8[ mi''16 re''16 mi''8. mi''16] la''16 sol''16 fa''16 mi''16

C:/Users/Navid/AppData/Local/Temp/tmp7kklm2ea/render.ly:12:12: error: not a note name: mi
    fa''8[ 
           mi''16 re''16 mi''8. mi''16] la''16 sol''16 fa''16 mi''16

C:/Users/Navid/AppData/Local/Temp/tmp7kklm2ea/render.ly:12:14: error: syntax error, unexpected '\''
    fa''8[ mi
             ''16 re''16 mi''8. mi''16] la''16 sol''16 fa''16 mi''16

C:/Users/Navid/AppData/Local/Temp/tmp7kklm2ea/render.ly:12:19: error: not a note name: re
    fa''8[ mi''16 
                  re''16 mi''8. mi''16] la''16 sol''16 fa''16 mi''16

C:/Users/Navid/AppData/Local/Temp/tmp7kklm2ea/render.ly:12:26: error: not a note name: mi
    fa''8[ mi''16 re''16 
                         mi''8. mi''16] la''16 sol''16 fa''16 mi''16

C:/Users/Navid/AppData/Local/Temp/tmp7kklm2ea/render.ly:12:33: error: not a note name: mi
    fa''8[ mi''16 re''16 mi''8. 
                                mi''16] la''16 sol''16 fa''16 mi''16

C:/Users/Navid/AppData/Local/Temp/tmp7kklm2ea/render.ly:12:35: error: syntax error, unexpected '\''
    fa''8[ mi''16 re''16 mi''8. mi
                                  ''16] la''16 sol''16 fa''16 mi''16

C:/Users/Navid/AppData/Local/Temp/tmp7kklm2ea/render.ly:12:41: error: not a note name: la
    fa''8[ mi''16 re''16 mi''8. mi''16] 
                                        la''16 sol''16 fa''16 mi''16

C:/Users/Navid/AppData/Local/Temp/tmp7kklm2ea/render.ly:12:43: error: syntax error, unexpected '\''
    fa''8[ mi''16 re''16 mi''8. mi''16] la
                                          ''16 sol''16 fa''16 mi''16

C:/Users/Navid/AppData/Local/Temp/tmp7kklm2ea/render.ly:12:48: error: not a note name: sol
    fa''8[ mi''16 re''16 mi''8. mi''16] la''16 
                                               sol''16 fa''16 mi''16

C:/Users/Navid/AppData/Local/Temp/tmp7kklm2ea/render.ly:12:56: error: not a note name: fa
    fa''8[ mi''16 re''16 mi''8. mi''16] la''16 sol''16 
                                                       fa''16 mi''16

C:/Users/Navid/AppData/Local/Temp/tmp7kklm2ea/render.ly:12:63: error: not a note name: mi
    fa''8[ mi''16 re''16 mi''8. mi''16] la''16 sol''16 fa''16 
                                                              mi''16

C:/Users/Navid/AppData/Local/Temp/tmp7kklm2ea/render.ly:13:5: error: not a note name: re
    
    re''8 sol''16 fa''16 mi''8[ mi''8 la''8. mi''16] fad''!8 sol''16 la''16 fad''8. sol''16

C:/Users/Navid/AppData/Local/Temp/tmp7kklm2ea/render.ly:13:11: error: not a note name: sol
    re''8 
          sol''16 fa''16 mi''8[ mi''8 la''8. mi''16] fad''!8 sol''16 la''16 fad''8. sol''16

C:/Users/Navid/AppData/Local/Temp/tmp7kklm2ea/render.ly:13:19: error: not a note name: fa
    re''8 sol''16 
                  fa''16 mi''8[ mi''8 la''8. mi''16] fad''!8 sol''16 la''16 fad''8. sol''16

C:/Users/Navid/AppData/Local/Temp/tmp7kklm2ea/render.ly:13:26: error: not a note name: mi
    re''8 sol''16 fa''16 
                         mi''8[ mi''8 la''8. mi''16] fad''!8 sol''16 la''16 fad''8. sol''16

C:/Users/Navid/AppData/Local/Temp/tmp7kklm2ea/render.ly:13:33: error: not a note name: mi
    re''8 sol''16 fa''16 mi''8[ 
                                mi''8 la''8. mi''16] fad''!8 sol''16 la''16 fad''8. sol''16

C:/Users/Navid/AppData/Local/Temp/tmp7kklm2ea/render.ly:13:35: error: syntax error, unexpected '\''
    re''8 sol''16 fa''16 mi''8[ mi
                                  ''8 la''8. mi''16] fad''!8 sol''16 la''16 fad''8. sol''16

C:/Users/Navid/AppData/Local/Temp/tmp7kklm2ea/render.ly:13:39: error: not a note name: la
    re''8 sol''16 fa''16 mi''8[ mi''8 
                                      la''8. mi''16] fad''!8 sol''16 la''16 fad''8. sol''16

C:/Users/Navid/AppData/Local/Temp/tmp7kklm2ea/render.ly:13:46: error: not a note name: mi
    re''8 sol''16 fa''16 mi''8[ mi''8 la''8. 
                                             mi''16] fad''!8 sol''16 la''16 fad''8. sol''16

C:/Users/Navid/AppData/Local/Temp/tmp7kklm2ea/render.ly:13:48: error: syntax error, unexpected '\''
    re''8 sol''16 fa''16 mi''8[ mi''8 la''8. mi
                                               ''16] fad''!8 sol''16 la''16 fad''8. sol''16

C:/Users/Navid/AppData/Local/Temp/tmp7kklm2ea/render.ly:13:54: error: not a note name: fad
    re''8 sol''16 fa''16 mi''8[ mi''8 la''8. mi''16] 
                                                     fad''!8 sol''16 la''16 fad''8. sol''16

C:/Users/Navid/AppData/Local/Temp/tmp7kklm2ea/render.ly:13:57: error: syntax error, unexpected '\''
    re''8 sol''16 fa''16 mi''8[ mi''8 la''8. mi''16] fad
                                                        ''!8 sol''16 la''16 fad''8. sol''16

C:/Users/Navid/AppData/Local/Temp/tmp7kklm2ea/render.ly:13:62: error: not a note name: sol
    re''8 sol''16 fa''16 mi''8[ mi''8 la''8. mi''16] fad''!8 
                                                             sol''16 la''16 fad''8. sol''16

C:/Users/Navid/AppData/Local/Temp/tmp7kklm2ea/render.ly:13:70: error: not a note name: la
    re''8 sol''16 fa''16 mi''8[ mi''8 la''8. mi''16] fad''!8 sol''16 
                                                                     la''16 fad''8. sol''16

C:/Users/Navid/AppData/Local/Temp/tmp7kklm2ea/render.ly:13:77: error: not a note name: fad
    re''8 sol''16 fa''16 mi''8[ mi''8 la''8. mi''16] fad''!8 sol''16 la''16 
                                                                            fad''8. sol''16

C:/Users/Navid/AppData/Local/Temp/tmp7kklm2ea/render.ly:13:85: error: not a note name: sol
    re''8 sol''16 fa''16 mi''8[ mi''8 la''8. mi''16] fad''!8 sol''16 la''16 fad''8. 
                                                                                    sol''16

C:/Users/Navid/AppData/Local/Temp/tmp7kklm2ea/render.ly:13:88: error: syntax error, unexpected '\''
    re''8 sol''16 fa''16 mi''8[ mi''8 la''8. mi''16] fad''!8 sol''16 la''16 fad''8. sol
                                                                                       ''16

C:/Users/Navid/AppData/Local/Temp/tmp7kklm2ea/render.ly:14:5: error: not a note name: sol
    
    sol''4 r4 r2

C:/Users/Navid/AppData/Local/Temp/tmp7kklm2ea/render.ly:18:11: error: not a note name: la
    r4 r8 
          la''8 re''8 mi''16 fad''16 sol''8 fad''16 sol''16

C:/Users/Navid/AppData/Local/Temp/tmp7kklm2ea/render.ly:18:13: error: syntax error, unexpected '\''
    r4 r8 la
            ''8 re''8 mi''16 fad''16 sol''8 fad''16 sol''16

C:/Users/Navid/AppData/Local/Temp/tmp7kklm2ea/render.ly:18:17: error: not a note name: re
    r4 r8 la''8 
                re''8 mi''16 fad''16 sol''8 fad''16 sol''16

C:/Users/Navid/AppData/Local/Temp/tmp7kklm2ea/render.ly:18:23: error: not a note name: mi
    r4 r8 la''8 re''8 
                      mi''16 fad''16 sol''8 fad''16 sol''16

C:/Users/Navid/AppData/Local/Temp/tmp7kklm2ea/render.ly:18:30: error: not a note name: fad
    r4 r8 la''8 re''8 mi''16 
                             fad''16 sol''8 fad''16 sol''16

C:/Users/Navid/AppData/Local/Temp/tmp7kklm2ea/render.ly:18:38: error: not a note name: sol
    r4 r8 la''8 re''8 mi''16 fad''16 
                                     sol''8 fad''16 sol''16

C:/Users/Navid/AppData/Local/Temp/tmp7kklm2ea/render.ly:18:45: error: not a note name: fad
    r4 r8 la''8 re''8 mi''16 fad''16 sol''8 
                                            fad''16 sol''16

C:/Users/Navid/AppData/Local/Temp/tmp7kklm2ea/render.ly:18:53: error: not a note name: sol
    r4 r8 la''8 re''8 mi''16 fad''16 sol''8 fad''16 
                                                    sol''16

C:/Users/Navid/AppData/Local/Temp/tmp7kklm2ea/render.ly:19:5: error: not a note name: mi
    
    mi''8[ mi''8 la''8. la''16] sol''16 la''16 fad''16 sol''16 mi''8 la''16 sol''16

C:/Users/Navid/AppData/Local/Temp/tmp7kklm2ea/render.ly:19:12: error: not a note name: mi
    mi''8[ 
           mi''8 la''8. la''16] sol''16 la''16 fad''16 sol''16 mi''8 la''16 sol''16

C:/Users/Navid/AppData/Local/Temp/tmp7kklm2ea/render.ly:19:14: error: syntax error, unexpected '\''
    mi''8[ mi
             ''8 la''8. la''16] sol''16 la''16 fad''16 sol''16 mi''8 la''16 sol''16

C:/Users/Navid/AppData/Local/Temp/tmp7kklm2ea/render.ly:19:18: error: not a note name: la
    mi''8[ mi''8 
                 la''8. la''16] sol''16 la''16 fad''16 sol''16 mi''8 la''16 sol''16

C:/Users/Navid/AppData/Local/Temp/tmp7kklm2ea/render.ly:19:25: error: not a note name: la
    mi''8[ mi''8 la''8. 
                        la''16] sol''16 la''16 fad''16 sol''16 mi''8 la''16 sol''16

C:/Users/Navid/AppData/Local/Temp/tmp7kklm2ea/render.ly:19:27: error: syntax error, unexpected '\''
    mi''8[ mi''8 la''8. la
                          ''16] sol''16 la''16 fad''16 sol''16 mi''8 la''16 sol''16

C:/Users/Navid/AppData/Local/Temp/tmp7kklm2ea/render.ly:19:33: error: not a note name: sol
    mi''8[ mi''8 la''8. la''16] 
                                sol''16 la''16 fad''16 sol''16 mi''8 la''16 sol''16

C:/Users/Navid/AppData/Local/Temp/tmp7kklm2ea/render.ly:19:36: error: syntax error, unexpected '\''
    mi''8[ mi''8 la''8. la''16] sol
                                   ''16 la''16 fad''16 sol''16 mi''8 la''16 sol''16

C:/Users/Navid/AppData/Local/Temp/tmp7kklm2ea/render.ly:19:41: error: not a note name: la
    mi''8[ mi''8 la''8. la''16] sol''16 
                                        la''16 fad''16 sol''16 mi''8 la''16 sol''16

C:/Users/Navid/AppData/Local/Temp/tmp7kklm2ea/render.ly:19:48: error: not a note name: fad
    mi''8[ mi''8 la''8. la''16] sol''16 la''16 
                                               fad''16 sol''16 mi''8 la''16 sol''16

C:/Users/Navid/AppData/Local/Temp/tmp7kklm2ea/render.ly:19:56: error: not a note name: sol
    mi''8[ mi''8 la''8. la''16] sol''16 la''16 fad''16 
                                                       sol''16 mi''8 la''16 sol''16

C:/Users/Navid/AppData/Local/Temp/tmp7kklm2ea/render.ly:19:64: error: not a note name: mi
    mi''8[ mi''8 la''8. la''16] sol''16 la''16 fad''16 sol''16 
                                                               mi''8 la''16 sol''16

C:/Users/Navid/AppData/Local/Temp/tmp7kklm2ea/render.ly:19:70: error: not a note name: la
    mi''8[ mi''8 la''8. la''16] sol''16 la''16 fad''16 sol''16 mi''8 
                                                                     la''16 sol''16

C:/Users/Navid/AppData/Local/Temp/tmp7kklm2ea/render.ly:19:77: error: not a note name: sol
    mi''8[ mi''8 la''8. la''16] sol''16 la''16 fad''16 sol''16 mi''8 la''16 
                                                                            sol''16

C:/Users/Navid/AppData/Local/Temp/tmp7kklm2ea/render.ly:20:5: error: not a note name: fad
    
    fad''4 r4 r2

C:/Users/Navid/AppData/Local/Temp/tmp7kklm2ea/render.ly:24:8: error: not a note name: sol
    r4 
       sol''4 ~ sol''8

C:/Users/Navid/AppData/Local/Temp/tmp7kklm2ea/render.ly:24:11: error: syntax error, unexpected '\''
    r4 sol
          ''4 ~ sol''8

C:/Users/Navid/AppData/Local/Temp/tmp7kklm2ea/render.ly:24:17: error: not a note name: sol
    r4 sol''4 ~ 
                sol''8

C:/Users/Navid/AppData/Local/Temp/tmp7kklm2ea/render.ly:24:20: error: syntax error, unexpected '\''
    r4 sol''4 ~ sol
                   ''8

C:/Users/Navid/AppData/Local/Temp/tmp7kklm2ea/render.ly:5:3: error: errors found, ignoring music expression
  
  {

fatal error: failed files: "C:\\Users\\Navid\\AppData\\Local\\Temp\\tmp7kklm2ea\\render.ly"

