[lilypond_failed] cmd: C:\lilypond-2.24.4-mingw-x86_64\lilypond-2.24.4\bin\lilypond.exe -dno-point-and-click -o C:\Users\Navid\AppData\Local\Temp\tmpfz0fodnv\render C:\Users\Navid\AppData\Local\Temp\tmpfz0fodnv\render.ly
returncode: 1

STDOUT:


STDERR:
Changing working directory to: `C:/Users/Navid/AppData/Local/Temp/tmpfz0fodnv'
Processing `C:/Users/Navid/AppData/Local/Temp/tmpfz0fodnv/render.ly'
Parsing...
C:/Users/Navid/AppData/Local/Temp/tmpfz0fodnv/render.ly:6:6: error: syntax error, unexpected SYMBOL
    <
     do' re'>4 <mi' fa'>4 <sol' la'>4 <si' do''>4

C:/Users/Navid/AppData/Local/Temp/tmpfz0fodnv/render.ly:6:6: error: not a note name: do
    <
     do' re'>4 <mi' fa'>4 <sol' la'>4 <si' do''>4

C:/Users/Navid/AppData/Local/Temp/tmpfz0fodnv/render.ly:6:10: error: not a note name: re
    <do' 
         re'>4 <mi' fa'>4 <sol' la'>4 <si' do''>4

C:/Users/Navid/AppData/Local/Temp/tmpfz0fodnv/render.ly:6:17: error: not a note name: mi
    <do' re'>4 <
                mi' fa'>4 <sol' la'>4 <si' do''>4

C:/Users/Navid/AppData/Local/Temp/tmpfz0fodnv/render.ly:6:21: error: not a note name: fa
    <do' re'>4 <mi' 
                    fa'>4 <sol' la'>4 <si' do''>4

C:/Users/Navid/AppData/Local/Temp/tmpfz0fodnv/render.ly:6:28: error: not a note name: sol
    <do' re'>4 <mi' fa'>4 <
                           sol' la'>4 <si' do''>4

C:/Users/Navid/AppData/Local/Temp/tmpfz0fodnv/render.ly:6:33: error: not a note name: la
    <do' re'>4 <mi' fa'>4 <sol' 
                                la'>4 <si' do''>4

C:/Users/Navid/AppData/Local/Temp/tmpfz0fodnv/render.ly:6:40: error: not a note name: si
    <do' re'>4 <mi' fa'>4 <sol' la'>4 <
                                       si' do''>4

C:/Users/Navid/AppData/Local/Temp/tmpfz0fodnv/render.ly:6:44: error: not a note name: do
    <do' re'>4 <mi' fa'>4 <sol' la'>4 <si' 
                                           do''>4

C:/Users/Navid/AppData/Local/Temp/tmpfz0fodnv/render.ly:7:6: error: not a note name: do
    <
     do' mi'>8 <re' sol'>8 <fa' la'>8 <si' do''>8

C:/Users/Navid/AppData/Local/Temp/tmpfz0fodnv/render.ly:7:10: error: not a note name: mi
    <do' 
         mi'>8 <re' sol'>8 <fa' la'>8 <si' do''>8

C:/Users/Navid/AppData/Local/Temp/tmpfz0fodnv/render.ly:7:17: error: not a note name: re
    <do' mi'>8 <
                re' sol'>8 <fa' la'>8 <si' do''>8

C:/Users/Navid/AppData/Local/Temp/tmpfz0fodnv/render.ly:7:21: error: not a note name: sol
    <do' mi'>8 <re' 
                    sol'>8 <fa' la'>8 <si' do''>8

C:/Users/Navid/AppData/Local/Temp/tmpfz0fodnv/render.ly:7:29: error: not a note name: fa
    <do' mi'>8 <re' sol'>8 <
                            fa' la'>8 <si' do''>8

C:/Users/Navid/AppData/Local/Temp/tmpfz0fodnv/render.ly:7:33: error: not a note name: la
    <do' mi'>8 <re' sol'>8 <fa' 
                                la'>8 <si' do''>8

C:/Users/Navid/AppData/Local/Temp/tmpfz0fodnv/render.ly:7:40: error: not a note name: si
    <do' mi'>8 <re' sol'>8 <fa' la'>8 <
                                       si' do''>8

C:/Users/Navid/AppData/Local/Temp/tmpfz0fodnv/render.ly:7:44: error: not a note name: do
    <do' mi'>8 <re' sol'>8 <fa' la'>8 <si' 
                                           do''>8

C:/Users/Navid/AppData/Local/Temp/tmpfz0fodnv/render.ly:8:6: error: not a note name: do
    <
     do' re'>2 <mi' fa'>2

C:/Users/Navid/AppData/Local/Temp/tmpfz0fodnv/render.ly:8:10: error: not a note name: re
    <do' 
         re'>2 <mi' fa'>2

C:/Users/Navid/AppData/Local/Temp/tmpfz0fodnv/render.ly:8:17: error: not a note name: mi
    <do' re'>2 <
                mi' fa'>2

C:/Users/Navid/AppData/Local/Temp/tmpfz0fodnv/render.ly:8:21: error: not a note name: fa
    <do' re'>2 <mi' 
                    fa'>2

C:/Users/Navid/AppData/Local/Temp/tmpfz0fodnv/render.ly:9:6: error: not a note name: sol
    <
     sol' la'>1

C:/Users/Navid/AppData/Local/Temp/tmpfz0fodnv/render.ly:9:11: error: not a note name: la
    <sol' 
          la'>1

C:/Users/Navid/AppData/Local/Temp/tmpfz0fodnv/render.ly:10:6: error: not a note name: re
    <
     re' mi'>4 <do' sol'>4 <fa' re'>4 <mi' si'>4

C:/Users/Navid/AppData/Local/Temp/tmpfz0fodnv/render.ly:10:10: error: not a note name: mi
    <re' 
         mi'>4 <do' sol'>4 <fa' re'>4 <mi' si'>4

C:/Users/Navid/AppData/Local/Temp/tmpfz0fodnv/render.ly:10:17: error: not a note name: do
    <re' mi'>4 <
                do' sol'>4 <fa' re'>4 <mi' si'>4

C:/Users/Navid/AppData/Local/Temp/tmpfz0fodnv/render.ly:10:21: error: not a note name: sol
    <re' mi'>4 <do' 
                    sol'>4 <fa' re'>4 <mi' si'>4

C:/Users/Navid/AppData/Local/Temp/tmpfz0fodnv/render.ly:10:29: error: not a note name: fa
    <re' mi'>4 <do' sol'>4 <
                            fa' re'>4 <mi' si'>4

C:/Users/Navid/AppData/Local/Temp/tmpfz0fodnv/render.ly:10:33: error: not a note name: re
    <re' mi'>4 <do' sol'>4 <fa' 
                                re'>4 <mi' si'>4

C:/Users/Navid/AppData/Local/Temp/tmpfz0fodnv/render.ly:10:40: error: not a note name: mi
    <re' mi'>4 <do' sol'>4 <fa' re'>4 <
                                       mi' si'>4

C:/Users/Navid/AppData/Local/Temp/tmpfz0fodnv/render.ly:10:44: error: not a note name: si
    <re' mi'>4 <do' sol'>4 <fa' re'>4 <mi' 
                                           si'>4

C:/Users/Navid/AppData/Local/Temp/tmpfz0fodnv/render.ly:11:6: error: not a note name: re
    <
     re' do'>8 <mi' fa'>8 <sol' la'>8 <si' do''>8

C:/Users/Navid/AppData/Local/Temp/tmpfz0fodnv/render.ly:11:10: error: not a note name: do
    <re' 
         do'>8 <mi' fa'>8 <sol' la'>8 <si' do''>8

C:/Users/Navid/AppData/Local/Temp/tmpfz0fodnv/render.ly:11:17: error: not a note name: mi
    <re' do'>8 <
                mi' fa'>8 <sol' la'>8 <si' do''>8

C:/Users/Navid/AppData/Local/Temp/tmpfz0fodnv/render.ly:11:21: error: not a note name: fa
    <re' do'>8 <mi' 
                    fa'>8 <sol' la'>8 <si' do''>8

C:/Users/Navid/AppData/Local/Temp/tmpfz0fodnv/render.ly:11:28: error: not a note name: sol
    <re' do'>8 <mi' fa'>8 <
                           sol' la'>8 <si' do''>8

C:/Users/Navid/AppData/Local/Temp/tmpfz0fodnv/render.ly:11:33: error: not a note name: la
    <re' do'>8 <mi' fa'>8 <sol' 
                                la'>8 <si' do''>8

C:/Users/Navid/AppData/Local/Temp/tmpfz0fodnv/render.ly:11:40: error: not a note name: si
    <re' do'>8 <mi' fa'>8 <sol' la'>8 <
                                       si' do''>8

C:/Users/Navid/AppData/Local/Temp/tmpfz0fodnv/render.ly:11:44: error: not a note name: do
    <re' do'>8 <mi' fa'>8 <sol' la'>8 <si' 
                                           do''>8

C:/Users/Navid/AppData/Local/Temp/tmpfz0fodnv/render.ly:5:3: error: errors found, ignoring music expression
  
  {

fatal error: failed files: "C:\\Users\\Navid\\AppData\\Local\\Temp\\tmpfz0fodnv\\render.ly"

