[lilypond_failed] cmd: C:\lilypond-2.24.4-mingw-x86_64\lilypond-2.24.4\bin\lilypond.exe -dno-point-and-click -o C:\Users\Navid\AppData\Local\Temp\tmpz7nsfe22\render C:\Users\Navid\AppData\Local\Temp\tmpz7nsfe22\render.ly
returncode: 1

STDOUT:


STDERR:
Changing working directory to: `C:/Users/Navid/AppData/Local/Temp/tmpz7nsfe22'
Processing `C:/Users/Navid/AppData/Local/Temp/tmpz7nsfe22/render.ly'
Parsing...
C:/Users/Navid/AppData/Local/Temp/tmpz7nsfe22/render.ly:8:5: error: not a note name: do
    
    do'4 re' mi'

C:/Users/Navid/AppData/Local/Temp/tmpz7nsfe22/render.ly:8:7: error: syntax error, unexpected '\''
    do
      '4 re' mi'

C:/Users/Navid/AppData/Local/Temp/tmpz7nsfe22/render.ly:8:10: error: not a note name: re
    do'4 
         re' mi'

C:/Users/Navid/AppData/Local/Temp/tmpz7nsfe22/render.ly:8:14: error: not a note name: mi
    do'4 re' 
             mi'

C:/Users/Navid/AppData/Local/Temp/tmpz7nsfe22/render.ly:9:5: error: not a note name: fa
    
    fa'4 sol' la'

C:/Users/Navid/AppData/Local/Temp/tmpz7nsfe22/render.ly:9:10: error: not a note name: sol
    fa'4 
         sol' la'

C:/Users/Navid/AppData/Local/Temp/tmpz7nsfe22/render.ly:9:15: error: not a note name: la
    fa'4 sol' 
              la'

C:/Users/Navid/AppData/Local/Temp/tmpz7nsfe22/render.ly:10:5: error: not a note name: si
    
    si'4 do'' re''

C:/Users/Navid/AppData/Local/Temp/tmpz7nsfe22/render.ly:10:10: error: not a note name: do
    si'4 
         do'' re''

C:/Users/Navid/AppData/Local/Temp/tmpz7nsfe22/render.ly:10:15: error: not a note name: re
    si'4 do'' 
              re''

C:/Users/Navid/AppData/Local/Temp/tmpz7nsfe22/render.ly:12:5: error: not a note name: sol
    
    sol'4 re'' sol''

C:/Users/Navid/AppData/Local/Temp/tmpz7nsfe22/render.ly:12:8: error: syntax error, unexpected '\''
    sol
       '4 re'' sol''

C:/Users/Navid/AppData/Local/Temp/tmpz7nsfe22/render.ly:12:11: error: not a note name: re
    sol'4 
          re'' sol''

C:/Users/Navid/AppData/Local/Temp/tmpz7nsfe22/render.ly:12:16: error: not a note name: sol
    sol'4 re'' 
               sol''

C:/Users/Navid/AppData/Local/Temp/tmpz7nsfe22/render.ly:13:5: error: not a note name: la
    
    la''4 si'' do'''

C:/Users/Navid/AppData/Local/Temp/tmpz7nsfe22/render.ly:13:11: error: not a note name: si
    la''4 
          si'' do'''

C:/Users/Navid/AppData/Local/Temp/tmpz7nsfe22/render.ly:13:16: error: not a note name: do
    la''4 si'' 
               do'''

C:/Users/Navid/AppData/Local/Temp/tmpz7nsfe22/render.ly:14:5: error: not a note name: re
    
    re'''4 mi''' do'''

C:/Users/Navid/AppData/Local/Temp/tmpz7nsfe22/render.ly:14:12: error: not a note name: mi
    re'''4 
           mi''' do'''

C:/Users/Navid/AppData/Local/Temp/tmpz7nsfe22/render.ly:14:18: error: not a note name: do
    re'''4 mi''' 
                 do'''

C:/Users/Navid/AppData/Local/Temp/tmpz7nsfe22/render.ly:16:5: error: not a note name: do
    
    do''4 re'' mi''

C:/Users/Navid/AppData/Local/Temp/tmpz7nsfe22/render.ly:16:7: error: syntax error, unexpected '\''
    do
      ''4 re'' mi''

C:/Users/Navid/AppData/Local/Temp/tmpz7nsfe22/render.ly:16:11: error: not a note name: re
    do''4 
          re'' mi''

C:/Users/Navid/AppData/Local/Temp/tmpz7nsfe22/render.ly:16:16: error: not a note name: mi
    do''4 re'' 
               mi''

C:/Users/Navid/AppData/Local/Temp/tmpz7nsfe22/render.ly:17:5: error: not a note name: fa
    
    fa''4 sol'' la''

C:/Users/Navid/AppData/Local/Temp/tmpz7nsfe22/render.ly:17:11: error: not a note name: sol
    fa''4 
          sol'' la''

C:/Users/Navid/AppData/Local/Temp/tmpz7nsfe22/render.ly:17:17: error: not a note name: la
    fa''4 sol'' 
                la''

C:/Users/Navid/AppData/Local/Temp/tmpz7nsfe22/render.ly:18:5: error: not a note name: si
    
    si''4 do''' re'''

C:/Users/Navid/AppData/Local/Temp/tmpz7nsfe22/render.ly:18:11: error: not a note name: do
    si''4 
          do''' re'''

C:/Users/Navid/AppData/Local/Temp/tmpz7nsfe22/render.ly:18:17: error: not a note name: re
    si''4 do''' 
                re'''

C:/Users/Navid/AppData/Local/Temp/tmpz7nsfe22/render.ly:5:3: error: errors found, ignoring music expression
  
  \new Staff {

fatal error: failed files: "C:\\Users\\Navid\\AppData\\Local\\Temp\\tmpz7nsfe22\\render.ly"

