[lilypond_failed] cmd: C:\lilypond-2.24.4-mingw-x86_64\lilypond-2.24.4\bin\lilypond.exe -dno-point-and-click -o C:\Users\Navid\AppData\Local\Temp\tmpusg_rvgh\render C:\Users\Navid\AppData\Local\Temp\tmpusg_rvgh\render.ly
returncode: 1

STDOUT:


STDERR:
Changing working directory to: `C:/Users/Navid/AppData/Local/Temp/tmpusg_rvgh'
Processing `C:/Users/Navid/AppData/Local/Temp/tmpusg_rvgh/render.ly'
Parsing...
C:/Users/Navid/AppData/Local/Temp/tmpusg_rvgh/render.ly:15:6: error: not a duration
    R
     3*2

Interpreting music...
C:/Users/Navid/AppData/Local/Temp/tmpusg_rvgh/render.ly:15:5: warning: barcheck failed at: 1/2
    
    R3*2

C:/Users/Navid/AppData/Local/Temp/tmpusg_rvgh/render.ly:15:5: warning: barcheck failed at: 1/4
    
    R3*2

[8]
Preprocessing graphical objects...
Interpreting music...
C:/Users/Navid/AppData/Local/Temp/tmpusg_rvgh/render.ly:15:5: warning: barcheck failed at: 1/2
    
    R3*2

C:/Users/Navid/AppData/Local/Temp/tmpusg_rvgh/render.ly:15:5: warning: barcheck failed at: 1/4
    
    R3*2

MIDI output to `render.mid'...
Finding the ideal number of pages...
Fitting music on 1 page...
Drawing systems...
Converting to `render.pdf'...
fatal error: failed files: "C:\\Users\\Navid\\AppData\\Local\\Temp\\tmpusg_rvgh\\render.ly"

