[lilypond_failed] cmd: C:\lilypond-2.24.4-mingw-x86_64\lilypond-2.24.4\bin\lilypond.exe -dno-point-and-click -o C:\Users\Navid\AppData\Local\Temp\tmpxauuu6e1\render C:\Users\Navid\AppData\Local\Temp\tmpxauuu6e1\render.ly
returncode: 1

STDOUT:


STDERR:
Changing working directory to: `C:/Users/Navid/AppData/Local/Temp/tmpxauuu6e1'
Processing `C:/Users/Navid/AppData/Local/Temp/tmpxauuu6e1/render.ly'
Parsing...
C:/Users/Navid/AppData/Local/Temp/tmpxauuu6e1/render.ly:6:10: error: wrong type for argument 1.  Expecting pitch, found "re"
    \key 
         re \major

C:/Users/Navid/AppData/Local/Temp/tmpxauuu6e1/render.ly:11:5: error: not a note name: re
    
    re'4 mi'4 fa'4 sol'4

C:/Users/Navid/AppData/Local/Temp/tmpxauuu6e1/render.ly:11:7: error: syntax error, unexpected '\''
    re
      '4 mi'4 fa'4 sol'4

C:/Users/Navid/AppData/Local/Temp/tmpxauuu6e1/render.ly:11:10: error: not a note name: mi
    re'4 
         mi'4 fa'4 sol'4

C:/Users/Navid/AppData/Local/Temp/tmpxauuu6e1/render.ly:11:15: error: not a note name: fa
    re'4 mi'4 
              fa'4 sol'4

C:/Users/Navid/AppData/Local/Temp/tmpxauuu6e1/render.ly:11:20: error: not a note name: sol
    re'4 mi'4 fa'4 
                   sol'4

C:/Users/Navid/AppData/Local/Temp/tmpxauuu6e1/render.ly:12:5: error: not a note name: la
    
    la'4 si'8 re''8 la'8

C:/Users/Navid/AppData/Local/Temp/tmpxauuu6e1/render.ly:12:10: error: not a note name: si
    la'4 
         si'8 re''8 la'8

C:/Users/Navid/AppData/Local/Temp/tmpxauuu6e1/render.ly:12:15: error: not a note name: re
    la'4 si'8 
              re''8 la'8

C:/Users/Navid/AppData/Local/Temp/tmpxauuu6e1/render.ly:12:21: error: not a note name: la
    la'4 si'8 re''8 
                    la'8

C:/Users/Navid/AppData/Local/Temp/tmpxauuu6e1/render.ly:13:5: error: not a note name: re
    
    re''8 mi''8 fa''8 sol''8 la''8

C:/Users/Navid/AppData/Local/Temp/tmpxauuu6e1/render.ly:13:11: error: not a note name: mi
    re''8 
          mi''8 fa''8 sol''8 la''8

C:/Users/Navid/AppData/Local/Temp/tmpxauuu6e1/render.ly:13:17: error: not a note name: fa
    re''8 mi''8 
                fa''8 sol''8 la''8

C:/Users/Navid/AppData/Local/Temp/tmpxauuu6e1/render.ly:13:23: error: not a note name: sol
    re''8 mi''8 fa''8 
                      sol''8 la''8

C:/Users/Navid/AppData/Local/Temp/tmpxauuu6e1/render.ly:13:30: error: not a note name: la
    re''8 mi''8 fa''8 sol''8 
                             la''8

C:/Users/Navid/AppData/Local/Temp/tmpxauuu6e1/render.ly:14:5: error: not a note name: re
    
    re''8 mi''8 fa''8 sol''8

C:/Users/Navid/AppData/Local/Temp/tmpxauuu6e1/render.ly:14:11: error: not a note name: mi
    re''8 
          mi''8 fa''8 sol''8

C:/Users/Navid/AppData/Local/Temp/tmpxauuu6e1/render.ly:14:17: error: not a note name: fa
    re''8 mi''8 
                fa''8 sol''8

C:/Users/Navid/AppData/Local/Temp/tmpxauuu6e1/render.ly:14:23: error: not a note name: sol
    re''8 mi''8 fa''8 
                      sol''8

C:/Users/Navid/AppData/Local/Temp/tmpxauuu6e1/render.ly:17:5: error: not a note name: re
    
    re'4 re'4 mi'4 mi'4

C:/Users/Navid/AppData/Local/Temp/tmpxauuu6e1/render.ly:17:10: error: not a note name: re
    re'4 
         re'4 mi'4 mi'4

C:/Users/Navid/AppData/Local/Temp/tmpxauuu6e1/render.ly:17:15: error: not a note name: mi
    re'4 re'4 
              mi'4 mi'4

C:/Users/Navid/AppData/Local/Temp/tmpxauuu6e1/render.ly:17:20: error: not a note name: mi
    re'4 re'4 mi'4 
                   mi'4

C:/Users/Navid/AppData/Local/Temp/tmpxauuu6e1/render.ly:18:5: error: not a note name: fa
    
    fa'4 fa'4 sol'4 sol'4

C:/Users/Navid/AppData/Local/Temp/tmpxauuu6e1/render.ly:18:10: error: not a note name: fa
    fa'4 
         fa'4 sol'4 sol'4

C:/Users/Navid/AppData/Local/Temp/tmpxauuu6e1/render.ly:18:15: error: not a note name: sol
    fa'4 fa'4 
              sol'4 sol'4

C:/Users/Navid/AppData/Local/Temp/tmpxauuu6e1/render.ly:18:21: error: not a note name: sol
    fa'4 fa'4 sol'4 
                    sol'4

C:/Users/Navid/AppData/Local/Temp/tmpxauuu6e1/render.ly:19:5: error: not a note name: la
    
    la'4 la'4 si'4 si'4

C:/Users/Navid/AppData/Local/Temp/tmpxauuu6e1/render.ly:19:10: error: not a note name: la
    la'4 
         la'4 si'4 si'4

C:/Users/Navid/AppData/Local/Temp/tmpxauuu6e1/render.ly:19:15: error: not a note name: si
    la'4 la'4 
              si'4 si'4

C:/Users/Navid/AppData/Local/Temp/tmpxauuu6e1/render.ly:19:20: error: not a note name: si
    la'4 la'4 si'4 
                   si'4

C:/Users/Navid/AppData/Local/Temp/tmpxauuu6e1/render.ly:20:5: error: not a note name: re
    
    re''4 re''4 mi''4 mi''4

C:/Users/Navid/AppData/Local/Temp/tmpxauuu6e1/render.ly:20:11: error: not a note name: re
    re''4 
          re''4 mi''4 mi''4

C:/Users/Navid/AppData/Local/Temp/tmpxauuu6e1/render.ly:20:17: error: not a note name: mi
    re''4 re''4 
                mi''4 mi''4

C:/Users/Navid/AppData/Local/Temp/tmpxauuu6e1/render.ly:20:23: error: not a note name: mi
    re''4 re''4 mi''4 
                      mi''4

C:/Users/Navid/AppData/Local/Temp/tmpxauuu6e1/render.ly:23:5: error: not a note name: re
    
    re'8 re'8 mi'8 mi'8 fa'8 fa'8 sol'8 sol'8

C:/Users/Navid/AppData/Local/Temp/tmpxauuu6e1/render.ly:23:10: error: not a note name: re
    re'8 
         re'8 mi'8 mi'8 fa'8 fa'8 sol'8 sol'8

C:/Users/Navid/AppData/Local/Temp/tmpxauuu6e1/render.ly:23:15: error: not a note name: mi
    re'8 re'8 
              mi'8 mi'8 fa'8 fa'8 sol'8 sol'8

C:/Users/Navid/AppData/Local/Temp/tmpxauuu6e1/render.ly:23:20: error: not a note name: mi
    re'8 re'8 mi'8 
                   mi'8 fa'8 fa'8 sol'8 sol'8

C:/Users/Navid/AppData/Local/Temp/tmpxauuu6e1/render.ly:23:25: error: not a note name: fa
    re'8 re'8 mi'8 mi'8 
                        fa'8 fa'8 sol'8 sol'8

C:/Users/Navid/AppData/Local/Temp/tmpxauuu6e1/render.ly:23:30: error: not a note name: fa
    re'8 re'8 mi'8 mi'8 fa'8 
                             fa'8 sol'8 sol'8

C:/Users/Navid/AppData/Local/Temp/tmpxauuu6e1/render.ly:23:35: error: not a note name: sol
    re'8 re'8 mi'8 mi'8 fa'8 fa'8 
                                  sol'8 sol'8

C:/Users/Navid/AppData/Local/Temp/tmpxauuu6e1/render.ly:23:41: error: not a note name: sol
    re'8 re'8 mi'8 mi'8 fa'8 fa'8 sol'8 
                                        sol'8

C:/Users/Navid/AppData/Local/Temp/tmpxauuu6e1/render.ly:24:5: error: not a note name: la
    
    la'8 la'8 si'8 si'8 re''8 re''8 mi''8 mi''8

C:/Users/Navid/AppData/Local/Temp/tmpxauuu6e1/render.ly:24:10: error: not a note name: la
    la'8 
         la'8 si'8 si'8 re''8 re''8 mi''8 mi''8

C:/Users/Navid/AppData/Local/Temp/tmpxauuu6e1/render.ly:24:15: error: not a note name: si
    la'8 la'8 
              si'8 si'8 re''8 re''8 mi''8 mi''8

C:/Users/Navid/AppData/Local/Temp/tmpxauuu6e1/render.ly:24:20: error: not a note name: si
    la'8 la'8 si'8 
                   si'8 re''8 re''8 mi''8 mi''8

C:/Users/Navid/AppData/Local/Temp/tmpxauuu6e1/render.ly:24:25: error: not a note name: re
    la'8 la'8 si'8 si'8 
                        re''8 re''8 mi''8 mi''8

C:/Users/Navid/AppData/Local/Temp/tmpxauuu6e1/render.ly:24:31: error: not a note name: re
    la'8 la'8 si'8 si'8 re''8 
                              re''8 mi''8 mi''8

C:/Users/Navid/AppData/Local/Temp/tmpxauuu6e1/render.ly:24:37: error: not a note name: mi
    la'8 la'8 si'8 si'8 re''8 re''8 
                                    mi''8 mi''8

C:/Users/Navid/AppData/Local/Temp/tmpxauuu6e1/render.ly:24:43: error: not a note name: mi
    la'8 la'8 si'8 si'8 re''8 re''8 mi''8 
                                          mi''8

C:/Users/Navid/AppData/Local/Temp/tmpxauuu6e1/render.ly:5:3: error: errors found, ignoring music expression
  
  {

fatal error: failed files: "C:\\Users\\Navid\\AppData\\Local\\Temp\\tmpxauuu6e1\\render.ly"

