[lilypond_failed] cmd: C:\lilypond-2.24.4-mingw-x86_64\lilypond-2.24.4\bin\lilypond.exe -dno-point-and-click -o C:\Users\Navid\AppData\Local\Temp\tmps2rsgtzx\render C:\Users\Navid\AppData\Local\Temp\tmps2rsgtzx\render.ly
returncode: 1

STDOUT:


STDERR:
Changing working directory to: `C:/Users/Navid/AppData/Local/Temp/tmps2rsgtzx'
Processing `C:/Users/Navid/AppData/Local/Temp/tmps2rsgtzx/render.ly'
Parsing...
C:/Users/Navid/AppData/Local/Temp/tmps2rsgtzx/render.ly:6:10: error: wrong type for argument 1.  Expecting pitch, found "re"
    \key 
         re \major

C:/Users/Navid/AppData/Local/Temp/tmps2rsgtzx/render.ly:8:5: error: not a note name: re
    
    re''4 mi''4 fad''4 sol''4

C:/Users/Navid/AppData/Local/Temp/tmps2rsgtzx/render.ly:8:7: error: syntax error, unexpected '\''
    re
      ''4 mi''4 fad''4 sol''4

C:/Users/Navid/AppData/Local/Temp/tmps2rsgtzx/render.ly:8:11: error: not a note name: mi
    re''4 
          mi''4 fad''4 sol''4

C:/Users/Navid/AppData/Local/Temp/tmps2rsgtzx/render.ly:8:17: error: not a note name: fad
    re''4 mi''4 
                fad''4 sol''4

C:/Users/Navid/AppData/Local/Temp/tmps2rsgtzx/render.ly:8:24: error: not a note name: sol
    re''4 mi''4 fad''4 
                       sol''4

C:/Users/Navid/AppData/Local/Temp/tmps2rsgtzx/render.ly:9:5: error: not a note name: re
    
    re''8 mi''16 fad''16 sol''8 re''16 mi''16

C:/Users/Navid/AppData/Local/Temp/tmps2rsgtzx/render.ly:9:11: error: not a note name: mi
    re''8 
          mi''16 fad''16 sol''8 re''16 mi''16

C:/Users/Navid/AppData/Local/Temp/tmps2rsgtzx/render.ly:9:18: error: not a note name: fad
    re''8 mi''16 
                 fad''16 sol''8 re''16 mi''16

C:/Users/Navid/AppData/Local/Temp/tmps2rsgtzx/render.ly:9:26: error: not a note name: sol
    re''8 mi''16 fad''16 
                         sol''8 re''16 mi''16

C:/Users/Navid/AppData/Local/Temp/tmps2rsgtzx/render.ly:9:33: error: not a note name: re
    re''8 mi''16 fad''16 sol''8 
                                re''16 mi''16

C:/Users/Navid/AppData/Local/Temp/tmps2rsgtzx/render.ly:9:40: error: not a note name: mi
    re''8 mi''16 fad''16 sol''8 re''16 
                                       mi''16

C:/Users/Navid/AppData/Local/Temp/tmps2rsgtzx/render.ly:10:5: error: not a note name: fad
    
    fad''8 sol''8 la''4 ~ la''8 re''8

C:/Users/Navid/AppData/Local/Temp/tmps2rsgtzx/render.ly:10:12: error: not a note name: sol
    fad''8 
           sol''8 la''4 ~ la''8 re''8

C:/Users/Navid/AppData/Local/Temp/tmps2rsgtzx/render.ly:10:19: error: not a note name: la
    fad''8 sol''8 
                  la''4 ~ la''8 re''8

C:/Users/Navid/AppData/Local/Temp/tmps2rsgtzx/render.ly:10:27: error: not a note name: la
    fad''8 sol''8 la''4 ~ 
                          la''8 re''8

C:/Users/Navid/AppData/Local/Temp/tmps2rsgtzx/render.ly:10:29: error: syntax error, unexpected '\''
    fad''8 sol''8 la''4 ~ la
                            ''8 re''8

C:/Users/Navid/AppData/Local/Temp/tmps2rsgtzx/render.ly:10:33: error: not a note name: re
    fad''8 sol''8 la''4 ~ la''8 
                                re''8

C:/Users/Navid/AppData/Local/Temp/tmps2rsgtzx/render.ly:12:5: error: not a note name: re
    
    re''4 re''4 mi''4 mi''4

C:/Users/Navid/AppData/Local/Temp/tmps2rsgtzx/render.ly:12:7: error: syntax error, unexpected '\''
    re
      ''4 re''4 mi''4 mi''4

C:/Users/Navid/AppData/Local/Temp/tmps2rsgtzx/render.ly:12:11: error: not a note name: re
    re''4 
          re''4 mi''4 mi''4

C:/Users/Navid/AppData/Local/Temp/tmps2rsgtzx/render.ly:12:17: error: not a note name: mi
    re''4 re''4 
                mi''4 mi''4

C:/Users/Navid/AppData/Local/Temp/tmps2rsgtzx/render.ly:12:23: error: not a note name: mi
    re''4 re''4 mi''4 
                      mi''4

C:/Users/Navid/AppData/Local/Temp/tmps2rsgtzx/render.ly:13:5: error: not a note name: fad
    
    fad''8 fad''8 sol''8 sol''8 lad''8 la''8

C:/Users/Navid/AppData/Local/Temp/tmps2rsgtzx/render.ly:13:12: error: not a note name: fad
    fad''8 
           fad''8 sol''8 sol''8 lad''8 la''8

C:/Users/Navid/AppData/Local/Temp/tmps2rsgtzx/render.ly:13:19: error: not a note name: sol
    fad''8 fad''8 
                  sol''8 sol''8 lad''8 la''8

C:/Users/Navid/AppData/Local/Temp/tmps2rsgtzx/render.ly:13:26: error: not a note name: sol
    fad''8 fad''8 sol''8 
                         sol''8 lad''8 la''8

C:/Users/Navid/AppData/Local/Temp/tmps2rsgtzx/render.ly:13:33: error: not a note name: lad
    fad''8 fad''8 sol''8 sol''8 
                                lad''8 la''8

C:/Users/Navid/AppData/Local/Temp/tmps2rsgtzx/render.ly:13:40: error: not a note name: la
    fad''8 fad''8 sol''8 sol''8 lad''8 
                                       la''8

C:/Users/Navid/AppData/Local/Temp/tmps2rsgtzx/render.ly:14:5: error: not a note name: re
    
    re''4 re''4 mi''8 re''8

C:/Users/Navid/AppData/Local/Temp/tmps2rsgtzx/render.ly:14:11: error: not a note name: re
    re''4 
          re''4 mi''8 re''8

C:/Users/Navid/AppData/Local/Temp/tmps2rsgtzx/render.ly:14:17: error: not a note name: mi
    re''4 re''4 
                mi''8 re''8

C:/Users/Navid/AppData/Local/Temp/tmps2rsgtzx/render.ly:14:23: error: not a note name: re
    re''4 re''4 mi''8 
                      re''8

C:/Users/Navid/AppData/Local/Temp/tmps2rsgtzx/render.ly:16:5: error: not a note name: dod
    
    dod''4 re''4 mi''4 mi''4

C:/Users/Navid/AppData/Local/Temp/tmps2rsgtzx/render.ly:16:8: error: syntax error, unexpected '\''
    dod
       ''4 re''4 mi''4 mi''4

C:/Users/Navid/AppData/Local/Temp/tmps2rsgtzx/render.ly:16:12: error: not a note name: re
    dod''4 
           re''4 mi''4 mi''4

C:/Users/Navid/AppData/Local/Temp/tmps2rsgtzx/render.ly:16:18: error: not a note name: mi
    dod''4 re''4 
                 mi''4 mi''4

C:/Users/Navid/AppData/Local/Temp/tmps2rsgtzx/render.ly:16:24: error: not a note name: mi
    dod''4 re''4 mi''4 
                       mi''4

C:/Users/Navid/AppData/Local/Temp/tmps2rsgtzx/render.ly:17:5: error: not a note name: fad
    
    fad''8 fad''8 sol''8 sol''8 la''8 la''8

C:/Users/Navid/AppData/Local/Temp/tmps2rsgtzx/render.ly:17:12: error: not a note name: fad
    fad''8 
           fad''8 sol''8 sol''8 la''8 la''8

C:/Users/Navid/AppData/Local/Temp/tmps2rsgtzx/render.ly:17:19: error: not a note name: sol
    fad''8 fad''8 
                  sol''8 sol''8 la''8 la''8

C:/Users/Navid/AppData/Local/Temp/tmps2rsgtzx/render.ly:17:26: error: not a note name: sol
    fad''8 fad''8 sol''8 
                         sol''8 la''8 la''8

C:/Users/Navid/AppData/Local/Temp/tmps2rsgtzx/render.ly:17:33: error: not a note name: la
    fad''8 fad''8 sol''8 sol''8 
                                la''8 la''8

C:/Users/Navid/AppData/Local/Temp/tmps2rsgtzx/render.ly:17:39: error: not a note name: la
    fad''8 fad''8 sol''8 sol''8 la''8 
                                      la''8

C:/Users/Navid/AppData/Local/Temp/tmps2rsgtzx/render.ly:18:5: error: not a note name: re
    
    re''4 re''4 mi''8 re''8

C:/Users/Navid/AppData/Local/Temp/tmps2rsgtzx/render.ly:18:11: error: not a note name: re
    re''4 
          re''4 mi''8 re''8

C:/Users/Navid/AppData/Local/Temp/tmps2rsgtzx/render.ly:18:17: error: not a note name: mi
    re''4 re''4 
                mi''8 re''8

C:/Users/Navid/AppData/Local/Temp/tmps2rsgtzx/render.ly:18:23: error: not a note name: re
    re''4 re''4 mi''8 
                      re''8

C:/Users/Navid/AppData/Local/Temp/tmps2rsgtzx/render.ly:5:3: error: errors found, ignoring music expression
  
  {

fatal error: failed files: "C:\\Users\\Navid\\AppData\\Local\\Temp\\tmps2rsgtzx\\render.ly"

