[lilypond_failed] cmd: C:\lilypond-2.24.4-mingw-x86_64\lilypond-2.24.4\bin\lilypond.exe -dno-point-and-click -o C:\Users\Navid\AppData\Local\Temp\tmpdwu9k7r4\render C:\Users\Navid\AppData\Local\Temp\tmpdwu9k7r4\render.ly
returncode: 1

STDOUT:


STDERR:
Changing working directory to: `C:/Users/Navid/AppData/Local/Temp/tmpdwu9k7r4'
Processing `C:/Users/Navid/AppData/Local/Temp/tmpdwu9k7r4/render.ly'
Parsing...
C:/Users/Navid/AppData/Local/Temp/tmpdwu9k7r4/render.ly:7:8: error: not a note name: re
    r4 
       re'8 mi'8 fa'8 sol'8

C:/Users/Navid/AppData/Local/Temp/tmpdwu9k7r4/render.ly:7:10: error: syntax error, unexpected '\''
    r4 re
         '8 mi'8 fa'8 sol'8

C:/Users/Navid/AppData/Local/Temp/tmpdwu9k7r4/render.ly:7:13: error: not a note name: mi
    r4 re'8 
            mi'8 fa'8 sol'8

C:/Users/Navid/AppData/Local/Temp/tmpdwu9k7r4/render.ly:7:18: error: not a note name: fa
    r4 re'8 mi'8 
                 fa'8 sol'8

C:/Users/Navid/AppData/Local/Temp/tmpdwu9k7r4/render.ly:7:23: error: not a note name: sol
    r4 re'8 mi'8 fa'8 
                      sol'8

C:/Users/Navid/AppData/Local/Temp/tmpdwu9k7r4/render.ly:8:5: error: not a note name: la
    
    la'8 la'8 sol'8 mi'8

C:/Users/Navid/AppData/Local/Temp/tmpdwu9k7r4/render.ly:8:10: error: not a note name: la
    la'8 
         la'8 sol'8 mi'8

C:/Users/Navid/AppData/Local/Temp/tmpdwu9k7r4/render.ly:8:15: error: not a note name: sol
    la'8 la'8 
              sol'8 mi'8

C:/Users/Navid/AppData/Local/Temp/tmpdwu9k7r4/render.ly:8:21: error: not a note name: mi
    la'8 la'8 sol'8 
                    mi'8

C:/Users/Navid/AppData/Local/Temp/tmpdwu9k7r4/render.ly:9:5: error: not a note name: re
    
    re'4 re'8 re'8

C:/Users/Navid/AppData/Local/Temp/tmpdwu9k7r4/render.ly:9:10: error: not a note name: re
    re'4 
         re'8 re'8

C:/Users/Navid/AppData/Local/Temp/tmpdwu9k7r4/render.ly:9:15: error: not a note name: re
    re'4 re'8 
              re'8

C:/Users/Navid/AppData/Local/Temp/tmpdwu9k7r4/render.ly:10:5: error: not a note name: mi
    
    mi'8 fa'8 sol'8 la'8

C:/Users/Navid/AppData/Local/Temp/tmpdwu9k7r4/render.ly:10:10: error: not a note name: fa
    mi'8 
         fa'8 sol'8 la'8

C:/Users/Navid/AppData/Local/Temp/tmpdwu9k7r4/render.ly:10:15: error: not a note name: sol
    mi'8 fa'8 
              sol'8 la'8

C:/Users/Navid/AppData/Local/Temp/tmpdwu9k7r4/render.ly:10:21: error: not a note name: la
    mi'8 fa'8 sol'8 
                    la'8

C:/Users/Navid/AppData/Local/Temp/tmpdwu9k7r4/render.ly:11:5: error: not a note name: re
    
    re''8 re''8 mi''8 fa''8

C:/Users/Navid/AppData/Local/Temp/tmpdwu9k7r4/render.ly:11:11: error: not a note name: re
    re''8 
          re''8 mi''8 fa''8

C:/Users/Navid/AppData/Local/Temp/tmpdwu9k7r4/render.ly:11:17: error: not a note name: mi
    re''8 re''8 
                mi''8 fa''8

C:/Users/Navid/AppData/Local/Temp/tmpdwu9k7r4/render.ly:11:23: error: not a note name: fa
    re''8 re''8 mi''8 
                      fa''8

C:/Users/Navid/AppData/Local/Temp/tmpdwu9k7r4/render.ly:12:5: error: not a note name: sol
    
    sol''8 la''8 si''8 re''8

C:/Users/Navid/AppData/Local/Temp/tmpdwu9k7r4/render.ly:12:12: error: not a note name: la
    sol''8 
           la''8 si''8 re''8

C:/Users/Navid/AppData/Local/Temp/tmpdwu9k7r4/render.ly:12:18: error: not a note name: si
    sol''8 la''8 
                 si''8 re''8

C:/Users/Navid/AppData/Local/Temp/tmpdwu9k7r4/render.ly:12:24: error: not a note name: re
    sol''8 la''8 si''8 
                       re''8

C:/Users/Navid/AppData/Local/Temp/tmpdwu9k7r4/render.ly:16:5: error: not a note name: re
    
    re'8 mi'16 fa'16 sol'8 la'8

C:/Users/Navid/AppData/Local/Temp/tmpdwu9k7r4/render.ly:16:7: error: syntax error, unexpected '\''
    re
      '8 mi'16 fa'16 sol'8 la'8

C:/Users/Navid/AppData/Local/Temp/tmpdwu9k7r4/render.ly:16:10: error: not a note name: mi
    re'8 
         mi'16 fa'16 sol'8 la'8

C:/Users/Navid/AppData/Local/Temp/tmpdwu9k7r4/render.ly:16:16: error: not a note name: fa
    re'8 mi'16 
               fa'16 sol'8 la'8

C:/Users/Navid/AppData/Local/Temp/tmpdwu9k7r4/render.ly:16:22: error: not a note name: sol
    re'8 mi'16 fa'16 
                     sol'8 la'8

C:/Users/Navid/AppData/Local/Temp/tmpdwu9k7r4/render.ly:16:28: error: not a note name: la
    re'8 mi'16 fa'16 sol'8 
                           la'8

C:/Users/Navid/AppData/Local/Temp/tmpdwu9k7r4/render.ly:17:5: error: not a note name: re
    
    re''8 mi''16 fa''16 sol''8 la''8

C:/Users/Navid/AppData/Local/Temp/tmpdwu9k7r4/render.ly:17:11: error: not a note name: mi
    re''8 
          mi''16 fa''16 sol''8 la''8

C:/Users/Navid/AppData/Local/Temp/tmpdwu9k7r4/render.ly:17:18: error: not a note name: fa
    re''8 mi''16 
                 fa''16 sol''8 la''8

C:/Users/Navid/AppData/Local/Temp/tmpdwu9k7r4/render.ly:17:25: error: not a note name: sol
    re''8 mi''16 fa''16 
                        sol''8 la''8

C:/Users/Navid/AppData/Local/Temp/tmpdwu9k7r4/render.ly:17:32: error: not a note name: la
    re''8 mi''16 fa''16 sol''8 
                               la''8

C:/Users/Navid/AppData/Local/Temp/tmpdwu9k7r4/render.ly:18:5: error: not a note name: re
    
    re'4 r4 r2

C:/Users/Navid/AppData/Local/Temp/tmpdwu9k7r4/render.ly:22:5: error: not a note name: re
    
    re'8 re'8 mi'8 mi'8

C:/Users/Navid/AppData/Local/Temp/tmpdwu9k7r4/render.ly:22:7: error: syntax error, unexpected '\''
    re
      '8 re'8 mi'8 mi'8

C:/Users/Navid/AppData/Local/Temp/tmpdwu9k7r4/render.ly:22:10: error: not a note name: re
    re'8 
         re'8 mi'8 mi'8

C:/Users/Navid/AppData/Local/Temp/tmpdwu9k7r4/render.ly:22:15: error: not a note name: mi
    re'8 re'8 
              mi'8 mi'8

C:/Users/Navid/AppData/Local/Temp/tmpdwu9k7r4/render.ly:22:20: error: not a note name: mi
    re'8 re'8 mi'8 
                   mi'8

C:/Users/Navid/AppData/Local/Temp/tmpdwu9k7r4/render.ly:23:5: error: not a note name: fa
    
    fa'8 fa'8 sol'8 sol'8

C:/Users/Navid/AppData/Local/Temp/tmpdwu9k7r4/render.ly:23:10: error: not a note name: fa
    fa'8 
         fa'8 sol'8 sol'8

C:/Users/Navid/AppData/Local/Temp/tmpdwu9k7r4/render.ly:23:15: error: not a note name: sol
    fa'8 fa'8 
              sol'8 sol'8

C:/Users/Navid/AppData/Local/Temp/tmpdwu9k7r4/render.ly:23:21: error: not a note name: sol
    fa'8 fa'8 sol'8 
                    sol'8

C:/Users/Navid/AppData/Local/Temp/tmpdwu9k7r4/render.ly:24:5: error: not a note name: la
    
    la'8 la'8 si'8 si'8

C:/Users/Navid/AppData/Local/Temp/tmpdwu9k7r4/render.ly:24:10: error: not a note name: la
    la'8 
         la'8 si'8 si'8

C:/Users/Navid/AppData/Local/Temp/tmpdwu9k7r4/render.ly:24:15: error: not a note name: si
    la'8 la'8 
              si'8 si'8

C:/Users/Navid/AppData/Local/Temp/tmpdwu9k7r4/render.ly:24:20: error: not a note name: si
    la'8 la'8 si'8 
                   si'8

C:/Users/Navid/AppData/Local/Temp/tmpdwu9k7r4/render.ly:25:5: error: not a note name: re
    
    re''8 re''8 mi''8 mi''8

C:/Users/Navid/AppData/Local/Temp/tmpdwu9k7r4/render.ly:25:11: error: not a note name: re
    re''8 
          re''8 mi''8 mi''8

C:/Users/Navid/AppData/Local/Temp/tmpdwu9k7r4/render.ly:25:17: error: not a note name: mi
    re''8 re''8 
                mi''8 mi''8

C:/Users/Navid/AppData/Local/Temp/tmpdwu9k7r4/render.ly:25:23: error: not a note name: mi
    re''8 re''8 mi''8 
                      mi''8

C:/Users/Navid/AppData/Local/Temp/tmpdwu9k7r4/render.ly:27:8: error: not a note name: re
    r4 
       re'8 mi'8 fa'8 sol'8

C:/Users/Navid/AppData/Local/Temp/tmpdwu9k7r4/render.ly:27:10: error: syntax error, unexpected '\''
    r4 re
         '8 mi'8 fa'8 sol'8

C:/Users/Navid/AppData/Local/Temp/tmpdwu9k7r4/render.ly:27:13: error: not a note name: mi
    r4 re'8 
            mi'8 fa'8 sol'8

C:/Users/Navid/AppData/Local/Temp/tmpdwu9k7r4/render.ly:27:18: error: not a note name: fa
    r4 re'8 mi'8 
                 fa'8 sol'8

C:/Users/Navid/AppData/Local/Temp/tmpdwu9k7r4/render.ly:27:23: error: not a note name: sol
    r4 re'8 mi'8 fa'8 
                      sol'8

C:/Users/Navid/AppData/Local/Temp/tmpdwu9k7r4/render.ly:5:3: error: errors found, ignoring music expression
  
  {

fatal error: failed files: "C:\\Users\\Navid\\AppData\\Local\\Temp\\tmpdwu9k7r4\\render.ly"

