[lilypond_failed] cmd: C:\lilypond-2.24.4-mingw-x86_64\lilypond-2.24.4\bin\lilypond.exe -dno-point-and-click -o C:\Users\Navid\AppData\Local\Temp\tmp7w3mzrid\render C:\Users\Navid\AppData\Local\Temp\tmp7w3mzrid\render.ly
returncode: 1

STDOUT:


STDERR:
Changing working directory to: `C:/Users/Navid/AppData/Local/Temp/tmp7w3mzrid'
Processing `C:/Users/Navid/AppData/Local/Temp/tmp7w3mzrid/render.ly'
Parsing...
C:/Users/Navid/AppData/Local/Temp/tmp7w3mzrid/render.ly:6:10: error: wrong type for argument 1.  Expecting pitch, found "re"
    \key 
         re \major

C:/Users/Navid/AppData/Local/Temp/tmp7w3mzrid/render.ly:9:5: error: not a note name: re
    
    re'4 mi'4 fa'4 sol'4

C:/Users/Navid/AppData/Local/Temp/tmp7w3mzrid/render.ly:9:7: error: syntax error, unexpected '\''
    re
      '4 mi'4 fa'4 sol'4

C:/Users/Navid/AppData/Local/Temp/tmp7w3mzrid/render.ly:9:10: error: not a note name: mi
    re'4 
         mi'4 fa'4 sol'4

C:/Users/Navid/AppData/Local/Temp/tmp7w3mzrid/render.ly:9:15: error: not a note name: fa
    re'4 mi'4 
              fa'4 sol'4

C:/Users/Navid/AppData/Local/Temp/tmp7w3mzrid/render.ly:9:20: error: not a note name: sol
    re'4 mi'4 fa'4 
                   sol'4

C:/Users/Navid/AppData/Local/Temp/tmp7w3mzrid/render.ly:10:5: error: not a note name: la
    
    la'4 re''8 la''8 sol''8 re''8

C:/Users/Navid/AppData/Local/Temp/tmp7w3mzrid/render.ly:10:10: error: not a note name: re
    la'4 
         re''8 la''8 sol''8 re''8

C:/Users/Navid/AppData/Local/Temp/tmp7w3mzrid/render.ly:10:16: error: not a note name: la
    la'4 re''8 
               la''8 sol''8 re''8

C:/Users/Navid/AppData/Local/Temp/tmp7w3mzrid/render.ly:10:22: error: not a note name: sol
    la'4 re''8 la''8 
                     sol''8 re''8

C:/Users/Navid/AppData/Local/Temp/tmp7w3mzrid/render.ly:10:29: error: not a note name: re
    la'4 re''8 la''8 sol''8 
                            re''8

C:/Users/Navid/AppData/Local/Temp/tmp7w3mzrid/render.ly:11:5: error: not a note name: mi
    
    mi''4 mi''4 mi''4 mi''4

C:/Users/Navid/AppData/Local/Temp/tmp7w3mzrid/render.ly:11:11: error: not a note name: mi
    mi''4 
          mi''4 mi''4 mi''4

C:/Users/Navid/AppData/Local/Temp/tmp7w3mzrid/render.ly:11:17: error: not a note name: mi
    mi''4 mi''4 
                mi''4 mi''4

C:/Users/Navid/AppData/Local/Temp/tmp7w3mzrid/render.ly:11:23: error: not a note name: mi
    mi''4 mi''4 mi''4 
                      mi''4

C:/Users/Navid/AppData/Local/Temp/tmp7w3mzrid/render.ly:12:5: error: not a note name: re
    
    re''4 re''4 re''4 re''4

C:/Users/Navid/AppData/Local/Temp/tmp7w3mzrid/render.ly:12:11: error: not a note name: re
    re''4 
          re''4 re''4 re''4

C:/Users/Navid/AppData/Local/Temp/tmp7w3mzrid/render.ly:12:17: error: not a note name: re
    re''4 re''4 
                re''4 re''4

C:/Users/Navid/AppData/Local/Temp/tmp7w3mzrid/render.ly:12:23: error: not a note name: re
    re''4 re''4 re''4 
                      re''4

C:/Users/Navid/AppData/Local/Temp/tmp7w3mzrid/render.ly:13:5: error: not a note name: re
    
    re'8 mi'8 fa'8 sol'8 la'8 re''8 si''8 la'8

C:/Users/Navid/AppData/Local/Temp/tmp7w3mzrid/render.ly:13:10: error: not a note name: mi
    re'8 
         mi'8 fa'8 sol'8 la'8 re''8 si''8 la'8

C:/Users/Navid/AppData/Local/Temp/tmp7w3mzrid/render.ly:13:15: error: not a note name: fa
    re'8 mi'8 
              fa'8 sol'8 la'8 re''8 si''8 la'8

C:/Users/Navid/AppData/Local/Temp/tmp7w3mzrid/render.ly:13:20: error: not a note name: sol
    re'8 mi'8 fa'8 
                   sol'8 la'8 re''8 si''8 la'8

C:/Users/Navid/AppData/Local/Temp/tmp7w3mzrid/render.ly:13:26: error: not a note name: la
    re'8 mi'8 fa'8 sol'8 
                         la'8 re''8 si''8 la'8

C:/Users/Navid/AppData/Local/Temp/tmp7w3mzrid/render.ly:13:31: error: not a note name: re
    re'8 mi'8 fa'8 sol'8 la'8 
                              re''8 si''8 la'8

C:/Users/Navid/AppData/Local/Temp/tmp7w3mzrid/render.ly:13:37: error: not a note name: si
    re'8 mi'8 fa'8 sol'8 la'8 re''8 
                                    si''8 la'8

C:/Users/Navid/AppData/Local/Temp/tmp7w3mzrid/render.ly:13:43: error: not a note name: la
    re'8 mi'8 fa'8 sol'8 la'8 re''8 si''8 
                                          la'8

C:/Users/Navid/AppData/Local/Temp/tmp7w3mzrid/render.ly:14:5: error: not a note name: re
    
    re''8 re''8 re''8 re''8 re''8 re''8 re''8 re''8

C:/Users/Navid/AppData/Local/Temp/tmp7w3mzrid/render.ly:14:11: error: not a note name: re
    re''8 
          re''8 re''8 re''8 re''8 re''8 re''8 re''8

C:/Users/Navid/AppData/Local/Temp/tmp7w3mzrid/render.ly:14:17: error: not a note name: re
    re''8 re''8 
                re''8 re''8 re''8 re''8 re''8 re''8

C:/Users/Navid/AppData/Local/Temp/tmp7w3mzrid/render.ly:14:23: error: not a note name: re
    re''8 re''8 re''8 
                      re''8 re''8 re''8 re''8 re''8

C:/Users/Navid/AppData/Local/Temp/tmp7w3mzrid/render.ly:14:29: error: not a note name: re
    re''8 re''8 re''8 re''8 
                            re''8 re''8 re''8 re''8

C:/Users/Navid/AppData/Local/Temp/tmp7w3mzrid/render.ly:14:35: error: not a note name: re
    re''8 re''8 re''8 re''8 re''8 
                                  re''8 re''8 re''8

C:/Users/Navid/AppData/Local/Temp/tmp7w3mzrid/render.ly:14:41: error: not a note name: re
    re''8 re''8 re''8 re''8 re''8 re''8 
                                        re''8 re''8

C:/Users/Navid/AppData/Local/Temp/tmp7w3mzrid/render.ly:14:47: error: not a note name: re
    re''8 re''8 re''8 re''8 re''8 re''8 re''8 
                                              re''8

C:/Users/Navid/AppData/Local/Temp/tmp7w3mzrid/render.ly:15:5: error: not a note name: la
    
    la''8 la''8 la''8 la''8 re''8 re''8 re''8 re''8

C:/Users/Navid/AppData/Local/Temp/tmp7w3mzrid/render.ly:15:11: error: not a note name: la
    la''8 
          la''8 la''8 la''8 re''8 re''8 re''8 re''8

C:/Users/Navid/AppData/Local/Temp/tmp7w3mzrid/render.ly:15:17: error: not a note name: la
    la''8 la''8 
                la''8 la''8 re''8 re''8 re''8 re''8

C:/Users/Navid/AppData/Local/Temp/tmp7w3mzrid/render.ly:15:23: error: not a note name: la
    la''8 la''8 la''8 
                      la''8 re''8 re''8 re''8 re''8

C:/Users/Navid/AppData/Local/Temp/tmp7w3mzrid/render.ly:15:29: error: not a note name: re
    la''8 la''8 la''8 la''8 
                            re''8 re''8 re''8 re''8

C:/Users/Navid/AppData/Local/Temp/tmp7w3mzrid/render.ly:15:35: error: not a note name: re
    la''8 la''8 la''8 la''8 re''8 
                                  re''8 re''8 re''8

C:/Users/Navid/AppData/Local/Temp/tmp7w3mzrid/render.ly:15:41: error: not a note name: re
    la''8 la''8 la''8 la''8 re''8 re''8 
                                        re''8 re''8

C:/Users/Navid/AppData/Local/Temp/tmp7w3mzrid/render.ly:15:47: error: not a note name: re
    la''8 la''8 la''8 la''8 re''8 re''8 re''8 
                                              re''8

C:/Users/Navid/AppData/Local/Temp/tmp7w3mzrid/render.ly:16:5: error: not a note name: re
    
    re'1

C:/Users/Navid/AppData/Local/Temp/tmp7w3mzrid/render.ly:17:5: error: not a note name: re
    
    re''4 re''4 re''4 re''4

C:/Users/Navid/AppData/Local/Temp/tmp7w3mzrid/render.ly:17:11: error: not a note name: re
    re''4 
          re''4 re''4 re''4

C:/Users/Navid/AppData/Local/Temp/tmp7w3mzrid/render.ly:17:17: error: not a note name: re
    re''4 re''4 
                re''4 re''4

C:/Users/Navid/AppData/Local/Temp/tmp7w3mzrid/render.ly:17:23: error: not a note name: re
    re''4 re''4 re''4 
                      re''4

C:/Users/Navid/AppData/Local/Temp/tmp7w3mzrid/render.ly:18:5: error: not a note name: re
    
    re'4 re'4 re'4 re'4

C:/Users/Navid/AppData/Local/Temp/tmp7w3mzrid/render.ly:18:10: error: not a note name: re
    re'4 
         re'4 re'4 re'4

C:/Users/Navid/AppData/Local/Temp/tmp7w3mzrid/render.ly:18:15: error: not a note name: re
    re'4 re'4 
              re'4 re'4

C:/Users/Navid/AppData/Local/Temp/tmp7w3mzrid/render.ly:18:20: error: not a note name: re
    re'4 re'4 re'4 
                   re'4

C:/Users/Navid/AppData/Local/Temp/tmp7w3mzrid/render.ly:19:5: error: not a note name: re
    
    re'8 re'8 re'8 re'8 re'8 re'8 re'8 re'8

C:/Users/Navid/AppData/Local/Temp/tmp7w3mzrid/render.ly:19:10: error: not a note name: re
    re'8 
         re'8 re'8 re'8 re'8 re'8 re'8 re'8

C:/Users/Navid/AppData/Local/Temp/tmp7w3mzrid/render.ly:19:15: error: not a note name: re
    re'8 re'8 
              re'8 re'8 re'8 re'8 re'8 re'8

C:/Users/Navid/AppData/Local/Temp/tmp7w3mzrid/render.ly:19:20: error: not a note name: re
    re'8 re'8 re'8 
                   re'8 re'8 re'8 re'8 re'8

C:/Users/Navid/AppData/Local/Temp/tmp7w3mzrid/render.ly:19:25: error: not a note name: re
    re'8 re'8 re'8 re'8 
                        re'8 re'8 re'8 re'8

C:/Users/Navid/AppData/Local/Temp/tmp7w3mzrid/render.ly:19:30: error: not a note name: re
    re'8 re'8 re'8 re'8 re'8 
                             re'8 re'8 re'8

C:/Users/Navid/AppData/Local/Temp/tmp7w3mzrid/render.ly:19:35: error: not a note name: re
    re'8 re'8 re'8 re'8 re'8 re'8 
                                  re'8 re'8

C:/Users/Navid/AppData/Local/Temp/tmp7w3mzrid/render.ly:19:40: error: not a note name: re
    re'8 re'8 re'8 re'8 re'8 re'8 re'8 
                                       re'8

C:/Users/Navid/AppData/Local/Temp/tmp7w3mzrid/render.ly:20:5: error: not a note name: re
    
    re''8 re''8 re''8 re''8 re''8 re''8 re''8 re''8

C:/Users/Navid/AppData/Local/Temp/tmp7w3mzrid/render.ly:20:11: error: not a note name: re
    re''8 
          re''8 re''8 re''8 re''8 re''8 re''8 re''8

C:/Users/Navid/AppData/Local/Temp/tmp7w3mzrid/render.ly:20:17: error: not a note name: re
    re''8 re''8 
                re''8 re''8 re''8 re''8 re''8 re''8

C:/Users/Navid/AppData/Local/Temp/tmp7w3mzrid/render.ly:20:23: error: not a note name: re
    re''8 re''8 re''8 
                      re''8 re''8 re''8 re''8 re''8

C:/Users/Navid/AppData/Local/Temp/tmp7w3mzrid/render.ly:20:29: error: not a note name: re
    re''8 re''8 re''8 re''8 
                            re''8 re''8 re''8 re''8

C:/Users/Navid/AppData/Local/Temp/tmp7w3mzrid/render.ly:20:35: error: not a note name: re
    re''8 re''8 re''8 re''8 re''8 
                                  re''8 re''8 re''8

C:/Users/Navid/AppData/Local/Temp/tmp7w3mzrid/render.ly:20:41: error: not a note name: re
    re''8 re''8 re''8 re''8 re''8 re''8 
                                        re''8 re''8

C:/Users/Navid/AppData/Local/Temp/tmp7w3mzrid/render.ly:20:47: error: not a note name: re
    re''8 re''8 re''8 re''8 re''8 re''8 re''8 
                                              re''8

C:/Users/Navid/AppData/Local/Temp/tmp7w3mzrid/render.ly:21:5: error: not a note name: re
    
    re'4 mi'4 fa'4 sol'4

C:/Users/Navid/AppData/Local/Temp/tmp7w3mzrid/render.ly:21:10: error: not a note name: mi
    re'4 
         mi'4 fa'4 sol'4

C:/Users/Navid/AppData/Local/Temp/tmp7w3mzrid/render.ly:21:15: error: not a note name: fa
    re'4 mi'4 
              fa'4 sol'4

C:/Users/Navid/AppData/Local/Temp/tmp7w3mzrid/render.ly:21:20: error: not a note name: sol
    re'4 mi'4 fa'4 
                   sol'4

C:/Users/Navid/AppData/Local/Temp/tmp7w3mzrid/render.ly:22:5: error: not a note name: la
    
    la'4 re''8 la''8 sol''8 re''8

C:/Users/Navid/AppData/Local/Temp/tmp7w3mzrid/render.ly:22:10: error: not a note name: re
    la'4 
         re''8 la''8 sol''8 re''8

C:/Users/Navid/AppData/Local/Temp/tmp7w3mzrid/render.ly:22:16: error: not a note name: la
    la'4 re''8 
               la''8 sol''8 re''8

C:/Users/Navid/AppData/Local/Temp/tmp7w3mzrid/render.ly:22:22: error: not a note name: sol
    la'4 re''8 la''8 
                     sol''8 re''8

C:/Users/Navid/AppData/Local/Temp/tmp7w3mzrid/render.ly:22:29: error: not a note name: re
    la'4 re''8 la''8 sol''8 
                            re''8

C:/Users/Navid/AppData/Local/Temp/tmp7w3mzrid/render.ly:23:5: error: not a note name: re
    
    re''1

C:/Users/Navid/AppData/Local/Temp/tmp7w3mzrid/render.ly:5:3: error: errors found, ignoring music expression
  
  {

fatal error: failed files: "C:\\Users\\Navid\\AppData\\Local\\Temp\\tmp7w3mzrid\\render.ly"

