[lilypond_failed] cmd: C:\lilypond-2.24.4-mingw-x86_64\lilypond-2.24.4\bin\lilypond.exe -dno-point-and-click -o C:\Users\Navid\AppData\Local\Temp\tmpzzpm6zlo\render C:\Users\Navid\AppData\Local\Temp\tmpzzpm6zlo\render.ly
returncode: 1

STDOUT:


STDERR:
Changing working directory to: `C:/Users/Navid/AppData/Local/Temp/tmpzzpm6zlo'
Processing `C:/Users/Navid/AppData/Local/Temp/tmpzzpm6zlo/render.ly'
Parsing...
C:/Users/Navid/AppData/Local/Temp/tmpzzpm6zlo/render.ly:5:70: error: not a note name: is
{ \clef treble \key c \lydian \time 4/4 \tempo 4 = 100 c'4 d'4 e'4 f'
                                                                     is4 | c'4 d'4 e'4 f'is4 | c'4 d'4 e'4 f'is4 | c'4 d'4 e'4 f'is4 | c'4 d'4 e'4 f'is4 | c'4 d'4 e'4 f'is4 | c'4 d'4 e'4 f'is4 | c'4 d'4 e'4 f'is4 | }

C:/Users/Navid/AppData/Local/Temp/tmpzzpm6zlo/render.ly:5:90: error: not a note name: is
{ \clef treble \key c \lydian \time 4/4 \tempo 4 = 100 c'4 d'4 e'4 f'is4 | c'4 d'4 e'4 f'
                                                                                         is4 | c'4 d'4 e'4 f'is4 | c'4 d'4 e'4 f'is4 | c'4 d'4 e'4 f'is4 | c'4 d'4 e'4 f'is4 | c'4 d'4 e'4 f'is4 | c'4 d'4 e'4 f'is4 | }

C:/Users/Navid/AppData/Local/Temp/tmpzzpm6zlo/render.ly:5:110: error: not a note name: is
{ \clef treble \key c \lydian \time 4/4 \tempo 4 = 100 c'4 d'4 e'4 f'is4 | c'4 d'4 e'4 f'is4 | c'4 d'4 e'4 f'
                                                                                                             is4 | c'4 d'4 e'4 f'is4 | c'4 d'4 e'4 f'is4 | c'4 d'4 e'4 f'is4 | c'4 d'4 e'4 f'is4 | c'4 d'4 e'4 f'is4 | }

C:/Users/Navid/AppData/Local/Temp/tmpzzpm6zlo/render.ly:5:130: error: not a note name: is
{ \clef treble \key c \lydian \time 4/4 \tempo 4 = 100 c'4 d'4 e'4 f'is4 | c'4 d'4 e'4 f'is4 | c'4 d'4 e'4 f'is4 | c'4 d'4 e'4 f'
                                                                                                                                 is4 | c'4 d'4 e'4 f'is4 | c'4 d'4 e'4 f'is4 | c'4 d'4 e'4 f'is4 | c'4 d'4 e'4 f'is4 | }

C:/Users/Navid/AppData/Local/Temp/tmpzzpm6zlo/render.ly:5:150: error: not a note name: is
{ \clef treble \key c \lydian \time 4/4 \tempo 4 = 100 c'4 d'4 e'4 f'is4 | c'4 d'4 e'4 f'is4 | c'4 d'4 e'4 f'is4 | c'4 d'4 e'4 f'is4 | c'4 d'4 e'4 f'
                                                                                                                                                     is4 | c'4 d'4 e'4 f'is4 | c'4 d'4 e'4 f'is4 | c'4 d'4 e'4 f'is4 | }

C:/Users/Navid/AppData/Local/Temp/tmpzzpm6zlo/render.ly:5:170: error: not a note name: is
{ \clef treble \key c \lydian \time 4/4 \tempo 4 = 100 c'4 d'4 e'4 f'is4 | c'4 d'4 e'4 f'is4 | c'4 d'4 e'4 f'is4 | c'4 d'4 e'4 f'is4 | c'4 d'4 e'4 f'is4 | c'4 d'4 e'4 f'
                                                                                                                                                                         is4 | c'4 d'4 e'4 f'is4 | c'4 d'4 e'4 f'is4 | }

C:/Users/Navid/AppData/Local/Temp/tmpzzpm6zlo/render.ly:5:190: error: not a note name: is
{ \clef treble \key c \lydian \time 4/4 \tempo 4 = 100 c'4 d'4 e'4 f'is4 | c'4 d'4 e'4 f'is4 | c'4 d'4 e'4 f'is4 | c'4 d'4 e'4 f'is4 | c'4 d'4 e'4 f'is4 | c'4 d'4 e'4 f'is4 | c'4 d'4 e'4 f'
                                                                                                                                                                                             is4 | c'4 d'4 e'4 f'is4 | }

C:/Users/Navid/AppData/Local/Temp/tmpzzpm6zlo/render.ly:5:210: error: not a note name: is
{ \clef treble \key c \lydian \time 4/4 \tempo 4 = 100 c'4 d'4 e'4 f'is4 | c'4 d'4 e'4 f'is4 | c'4 d'4 e'4 f'is4 | c'4 d'4 e'4 f'is4 | c'4 d'4 e'4 f'is4 | c'4 d'4 e'4 f'is4 | c'4 d'4 e'4 f'is4 | c'4 d'4 e'4 f'
                                                                                                                                                                                                                 is4 | }

Interpreting music...
C:/Users/Navid/AppData/Local/Temp/tmpzzpm6zlo/render.ly:5:74: warning: barcheck failed at: 1/4
{ \clef treble \key c \lydian \time 4/4 \tempo 4 = 100 c'4 d'4 e'4 f'is4 
                                                                         | c'4 d'4 e'4 f'is4 | c'4 d'4 e'4 f'is4 | c'4 d'4 e'4 f'is4 | c'4 d'4 e'4 f'is4 | c'4 d'4 e'4 f'is4 | c'4 d'4 e'4 f'is4 | c'4 d'4 e'4 f'is4 | }

C:/Users/Navid/AppData/Local/Temp/tmpzzpm6zlo/render.ly:5:94: warning: barcheck failed at: 1/2
{ \clef treble \key c \lydian \time 4/4 \tempo 4 = 100 c'4 d'4 e'4 f'is4 | c'4 d'4 e'4 f'is4 
                                                                                             | c'4 d'4 e'4 f'is4 | c'4 d'4 e'4 f'is4 | c'4 d'4 e'4 f'is4 | c'4 d'4 e'4 f'is4 | c'4 d'4 e'4 f'is4 | c'4 d'4 e'4 f'is4 | }

C:/Users/Navid/AppData/Local/Temp/tmpzzpm6zlo/render.ly:5:114: warning: barcheck failed at: 3/4
{ \clef treble \key c \lydian \time 4/4 \tempo 4 = 100 c'4 d'4 e'4 f'is4 | c'4 d'4 e'4 f'is4 | c'4 d'4 e'4 f'is4 
                                                                                                                 | c'4 d'4 e'4 f'is4 | c'4 d'4 e'4 f'is4 | c'4 d'4 e'4 f'is4 | c'4 d'4 e'4 f'is4 | c'4 d'4 e'4 f'is4 | }

C:/Users/Navid/AppData/Local/Temp/tmpzzpm6zlo/render.ly:5:154: warning: barcheck failed at: 1/4
{ \clef treble \key c \lydian \time 4/4 \tempo 4 = 100 c'4 d'4 e'4 f'is4 | c'4 d'4 e'4 f'is4 | c'4 d'4 e'4 f'is4 | c'4 d'4 e'4 f'is4 | c'4 d'4 e'4 f'is4 
                                                                                                                                                         | c'4 d'4 e'4 f'is4 | c'4 d'4 e'4 f'is4 | c'4 d'4 e'4 f'is4 | }

[8]
C:/Users/Navid/AppData/Local/Temp/tmpzzpm6zlo/render.ly:5:174: warning: barcheck failed at: 1/2
{ \clef treble \key c \lydian \time 4/4 \tempo 4 = 100 c'4 d'4 e'4 f'is4 | c'4 d'4 e'4 f'is4 | c'4 d'4 e'4 f'is4 | c'4 d'4 e'4 f'is4 | c'4 d'4 e'4 f'is4 | c'4 d'4 e'4 f'is4 
                                                                                                                                                                             | c'4 d'4 e'4 f'is4 | c'4 d'4 e'4 f'is4 | }

C:/Users/Navid/AppData/Local/Temp/tmpzzpm6zlo/render.ly:5:194: warning: barcheck failed at: 3/4
{ \clef treble \key c \lydian \time 4/4 \tempo 4 = 100 c'4 d'4 e'4 f'is4 | c'4 d'4 e'4 f'is4 | c'4 d'4 e'4 f'is4 | c'4 d'4 e'4 f'is4 | c'4 d'4 e'4 f'is4 | c'4 d'4 e'4 f'is4 | c'4 d'4 e'4 f'is4 
                                                                                                                                                                                                 | c'4 d'4 e'4 f'is4 | }

Preprocessing graphical objects...
Interpreting music...
C:/Users/Navid/AppData/Local/Temp/tmpzzpm6zlo/render.ly:5:74: warning: barcheck failed at: 1/4
{ \clef treble \key c \lydian \time 4/4 \tempo 4 = 100 c'4 d'4 e'4 f'is4 
                                                                         | c'4 d'4 e'4 f'is4 | c'4 d'4 e'4 f'is4 | c'4 d'4 e'4 f'is4 | c'4 d'4 e'4 f'is4 | c'4 d'4 e'4 f'is4 | c'4 d'4 e'4 f'is4 | c'4 d'4 e'4 f'is4 | }

C:/Users/Navid/AppData/Local/Temp/tmpzzpm6zlo/render.ly:5:94: warning: barcheck failed at: 1/2
{ \clef treble \key c \lydian \time 4/4 \tempo 4 = 100 c'4 d'4 e'4 f'is4 | c'4 d'4 e'4 f'is4 
                                                                                             | c'4 d'4 e'4 f'is4 | c'4 d'4 e'4 f'is4 | c'4 d'4 e'4 f'is4 | c'4 d'4 e'4 f'is4 | c'4 d'4 e'4 f'is4 | c'4 d'4 e'4 f'is4 | }

C:/Users/Navid/AppData/Local/Temp/tmpzzpm6zlo/render.ly:5:114: warning: barcheck failed at: 3/4
{ \clef treble \key c \lydian \time 4/4 \tempo 4 = 100 c'4 d'4 e'4 f'is4 | c'4 d'4 e'4 f'is4 | c'4 d'4 e'4 f'is4 
                                                                                                                 | c'4 d'4 e'4 f'is4 | c'4 d'4 e'4 f'is4 | c'4 d'4 e'4 f'is4 | c'4 d'4 e'4 f'is4 | c'4 d'4 e'4 f'is4 | }

C:/Users/Navid/AppData/Local/Temp/tmpzzpm6zlo/render.ly:5:154: warning: barcheck failed at: 1/4
{ \clef treble \key c \lydian \time 4/4 \tempo 4 = 100 c'4 d'4 e'4 f'is4 | c'4 d'4 e'4 f'is4 | c'4 d'4 e'4 f'is4 | c'4 d'4 e'4 f'is4 | c'4 d'4 e'4 f'is4 
                                                                                                                                                         | c'4 d'4 e'4 f'is4 | c'4 d'4 e'4 f'is4 | c'4 d'4 e'4 f'is4 | }

C:/Users/Navid/AppData/Local/Temp/tmpzzpm6zlo/render.ly:5:174: warning: barcheck failed at: 1/2
{ \clef treble \key c \lydian \time 4/4 \tempo 4 = 100 c'4 d'4 e'4 f'is4 | c'4 d'4 e'4 f'is4 | c'4 d'4 e'4 f'is4 | c'4 d'4 e'4 f'is4 | c'4 d'4 e'4 f'is4 | c'4 d'4 e'4 f'is4 
                                                                                                                                                                             | c'4 d'4 e'4 f'is4 | c'4 d'4 e'4 f'is4 | }

C:/Users/Navid/AppData/Local/Temp/tmpzzpm6zlo/render.ly:5:194: warning: barcheck failed at: 3/4
{ \clef treble \key c \lydian \time 4/4 \tempo 4 = 100 c'4 d'4 e'4 f'is4 | c'4 d'4 e'4 f'is4 | c'4 d'4 e'4 f'is4 | c'4 d'4 e'4 f'is4 | c'4 d'4 e'4 f'is4 | c'4 d'4 e'4 f'is4 | c'4 d'4 e'4 f'is4 
                                                                                                                                                                                                 | c'4 d'4 e'4 f'is4 | }

MIDI output to `render.mid'...
Finding the ideal number of pages...
Fitting music on 1 page...
Drawing systems...
Converting to `render.pdf'...
fatal error: failed files: "C:\\Users\\Navid\\AppData\\Local\\Temp\\tmpzzpm6zlo\\render.ly"

