[lilypond_failed] cmd: C:\lilypond-2.24.4-mingw-x86_64\lilypond-2.24.4\bin\lilypond.exe -dno-point-and-click -o C:\Users\Navid\AppData\Local\Temp\tmpbsboff0w\render C:\Users\Navid\AppData\Local\Temp\tmpbsboff0w\render.ly
returncode: 1

STDOUT:


STDERR:
Changing working directory to: `C:/Users/Navid/AppData/Local/Temp/tmpbsboff0w'
Processing `C:/Users/Navid/AppData/Local/Temp/tmpbsboff0w/render.ly'
Parsing...
C:/Users/Navid/AppData/Local/Temp/tmpbsboff0w/render.ly:9:17: error: not a note name: is
  c'4 d'4 e'4 f'
                is4 | g'4 a'4 b'4 c''4 | f'is4 e'4 d'4 c'4 | b'4 a'4 g'4 f'is4 | e'4 d'4 c'4 b'4 | a'4 g'4 f'is4 e'4 | d'4 c'4 b'4 a'4 | g'4 f'is4 e'4 d'4 |

C:/Users/Navid/AppData/Local/Temp/tmpbsboff0w/render.ly:9:44: error: not a note name: is
  c'4 d'4 e'4 f'is4 | g'4 a'4 b'4 c''4 | f'
                                           is4 e'4 d'4 c'4 | b'4 a'4 g'4 f'is4 | e'4 d'4 c'4 b'4 | a'4 g'4 f'is4 e'4 | d'4 c'4 b'4 a'4 | g'4 f'is4 e'4 d'4 |

C:/Users/Navid/AppData/Local/Temp/tmpbsboff0w/render.ly:9:76: error: not a note name: is
  c'4 d'4 e'4 f'is4 | g'4 a'4 b'4 c''4 | f'is4 e'4 d'4 c'4 | b'4 a'4 g'4 f'
                                                                           is4 | e'4 d'4 c'4 b'4 | a'4 g'4 f'is4 e'4 | d'4 c'4 b'4 a'4 | g'4 f'is4 e'4 d'4 |

C:/Users/Navid/AppData/Local/Temp/tmpbsboff0w/render.ly:9:110: error: not a note name: is
  c'4 d'4 e'4 f'is4 | g'4 a'4 b'4 c''4 | f'is4 e'4 d'4 c'4 | b'4 a'4 g'4 f'is4 | e'4 d'4 c'4 b'4 | a'4 g'4 f'
                                                                                                             is4 e'4 | d'4 c'4 b'4 a'4 | g'4 f'is4 e'4 d'4 |

C:/Users/Navid/AppData/Local/Temp/tmpbsboff0w/render.ly:9:144: error: not a note name: is
  c'4 d'4 e'4 f'is4 | g'4 a'4 b'4 c''4 | f'is4 e'4 d'4 c'4 | b'4 a'4 g'4 f'is4 | e'4 d'4 c'4 b'4 | a'4 g'4 f'is4 e'4 | d'4 c'4 b'4 a'4 | g'4 f'
                                                                                                                                               is4 e'4 d'4 |

Interpreting music...
C:/Users/Navid/AppData/Local/Temp/tmpbsboff0w/render.ly:9:21: warning: barcheck failed at: 1/4
  c'4 d'4 e'4 f'is4 
                    | g'4 a'4 b'4 c''4 | f'is4 e'4 d'4 c'4 | b'4 a'4 g'4 f'is4 | e'4 d'4 c'4 b'4 | a'4 g'4 f'is4 e'4 | d'4 c'4 b'4 a'4 | g'4 f'is4 e'4 d'4 |

C:/Users/Navid/AppData/Local/Temp/tmpbsboff0w/render.ly:9:60: warning: barcheck failed at: 1/2
  c'4 d'4 e'4 f'is4 | g'4 a'4 b'4 c''4 | f'is4 e'4 d'4 c'4 
                                                           | b'4 a'4 g'4 f'is4 | e'4 d'4 c'4 b'4 | a'4 g'4 f'is4 e'4 | d'4 c'4 b'4 a'4 | g'4 f'is4 e'4 d'4 |

C:/Users/Navid/AppData/Local/Temp/tmpbsboff0w/render.ly:9:80: warning: barcheck failed at: 3/4
  c'4 d'4 e'4 f'is4 | g'4 a'4 b'4 c''4 | f'is4 e'4 d'4 c'4 | b'4 a'4 g'4 f'is4 
                                                                               | e'4 d'4 c'4 b'4 | a'4 g'4 f'is4 e'4 | d'4 c'4 b'4 a'4 | g'4 f'is4 e'4 d'4 |

[8]
C:/Users/Navid/AppData/Local/Temp/tmpbsboff0w/render.ly:9:156: warning: barcheck failed at: 1/4
  c'4 d'4 e'4 f'is4 | g'4 a'4 b'4 c''4 | f'is4 e'4 d'4 c'4 | b'4 a'4 g'4 f'is4 | e'4 d'4 c'4 b'4 | a'4 g'4 f'is4 e'4 | d'4 c'4 b'4 a'4 | g'4 f'is4 e'4 d'4 
                                                                                                                                                           |

Preprocessing graphical objects...
Interpreting music...
C:/Users/Navid/AppData/Local/Temp/tmpbsboff0w/render.ly:9:21: warning: barcheck failed at: 1/4
  c'4 d'4 e'4 f'is4 
                    | g'4 a'4 b'4 c''4 | f'is4 e'4 d'4 c'4 | b'4 a'4 g'4 f'is4 | e'4 d'4 c'4 b'4 | a'4 g'4 f'is4 e'4 | d'4 c'4 b'4 a'4 | g'4 f'is4 e'4 d'4 |

C:/Users/Navid/AppData/Local/Temp/tmpbsboff0w/render.ly:9:60: warning: barcheck failed at: 1/2
  c'4 d'4 e'4 f'is4 | g'4 a'4 b'4 c''4 | f'is4 e'4 d'4 c'4 
                                                           | b'4 a'4 g'4 f'is4 | e'4 d'4 c'4 b'4 | a'4 g'4 f'is4 e'4 | d'4 c'4 b'4 a'4 | g'4 f'is4 e'4 d'4 |

C:/Users/Navid/AppData/Local/Temp/tmpbsboff0w/render.ly:9:80: warning: barcheck failed at: 3/4
  c'4 d'4 e'4 f'is4 | g'4 a'4 b'4 c''4 | f'is4 e'4 d'4 c'4 | b'4 a'4 g'4 f'is4 
                                                                               | e'4 d'4 c'4 b'4 | a'4 g'4 f'is4 e'4 | d'4 c'4 b'4 a'4 | g'4 f'is4 e'4 d'4 |

C:/Users/Navid/AppData/Local/Temp/tmpbsboff0w/render.ly:9:156: warning: barcheck failed at: 1/4
  c'4 d'4 e'4 f'is4 | g'4 a'4 b'4 c''4 | f'is4 e'4 d'4 c'4 | b'4 a'4 g'4 f'is4 | e'4 d'4 c'4 b'4 | a'4 g'4 f'is4 e'4 | d'4 c'4 b'4 a'4 | g'4 f'is4 e'4 d'4 
                                                                                                                                                           |

MIDI output to `render.mid'...
Finding the ideal number of pages...
Fitting music on 1 page...
Drawing systems...
Converting to `render.pdf'...
fatal error: failed files: "C:\\Users\\Navid\\AppData\\Local\\Temp\\tmpbsboff0w\\render.ly"

