[lilypond_failed] cmd: C:\lilypond-2.24.4-mingw-x86_64\lilypond-2.24.4\bin\lilypond.exe -dno-point-and-click -o C:\Users\Navid\AppData\Local\Temp\tmpeucali4e\render C:\Users\Navid\AppData\Local\Temp\tmpeucali4e\render.ly
returncode: 1

STDOUT:


STDERR:
Changing working directory to: `C:/Users/Navid/AppData/Local/Temp/tmpeucali4e'
Processing `C:/Users/Navid/AppData/Local/Temp/tmpeucali4e/render.ly'
Parsing...
C:/Users/Navid/AppData/Local/Temp/tmpeucali4e/render.ly:6:10: error: wrong type for argument 1.  Expecting pitch, found "sol"
    \key 
         sol \major

C:/Users/Navid/AppData/Local/Temp/tmpeucali4e/render.ly:11:5: error: not a note name: sol
    
    sol'4 la'4 si'4 sol'4

C:/Users/Navid/AppData/Local/Temp/tmpeucali4e/render.ly:11:8: error: syntax error, unexpected '\''
    sol
       '4 la'4 si'4 sol'4

C:/Users/Navid/AppData/Local/Temp/tmpeucali4e/render.ly:11:11: error: not a note name: la
    sol'4 
          la'4 si'4 sol'4

C:/Users/Navid/AppData/Local/Temp/tmpeucali4e/render.ly:11:16: error: not a note name: si
    sol'4 la'4 
               si'4 sol'4

C:/Users/Navid/AppData/Local/Temp/tmpeucali4e/render.ly:11:21: error: not a note name: sol
    sol'4 la'4 si'4 
                    sol'4

C:/Users/Navid/AppData/Local/Temp/tmpeucali4e/render.ly:12:5: error: not a note name: re
    
    re'8 mi'8 fa'8 sol'8

C:/Users/Navid/AppData/Local/Temp/tmpeucali4e/render.ly:12:10: error: not a note name: mi
    re'8 
         mi'8 fa'8 sol'8

C:/Users/Navid/AppData/Local/Temp/tmpeucali4e/render.ly:12:15: error: not a note name: fa
    re'8 mi'8 
              fa'8 sol'8

C:/Users/Navid/AppData/Local/Temp/tmpeucali4e/render.ly:12:20: error: not a note name: sol
    re'8 mi'8 fa'8 
                   sol'8

C:/Users/Navid/AppData/Local/Temp/tmpeucali4e/render.ly:13:5: error: not a note name: sol
    
    sol'8 sol'8 re'8 re'8

C:/Users/Navid/AppData/Local/Temp/tmpeucali4e/render.ly:13:11: error: not a note name: sol
    sol'8 
          sol'8 re'8 re'8

C:/Users/Navid/AppData/Local/Temp/tmpeucali4e/render.ly:13:17: error: not a note name: re
    sol'8 sol'8 
                re'8 re'8

C:/Users/Navid/AppData/Local/Temp/tmpeucali4e/render.ly:13:22: error: not a note name: re
    sol'8 sol'8 re'8 
                     re'8

C:/Users/Navid/AppData/Local/Temp/tmpeucali4e/render.ly:17:5: error: not a note name: reb
    
    reb'4 si'4 sol'4 la'4

C:/Users/Navid/AppData/Local/Temp/tmpeucali4e/render.ly:17:8: error: syntax error, unexpected '\''
    reb
       '4 si'4 sol'4 la'4

C:/Users/Navid/AppData/Local/Temp/tmpeucali4e/render.ly:17:11: error: not a note name: si
    reb'4 
          si'4 sol'4 la'4

C:/Users/Navid/AppData/Local/Temp/tmpeucali4e/render.ly:17:16: error: not a note name: sol
    reb'4 si'4 
               sol'4 la'4

C:/Users/Navid/AppData/Local/Temp/tmpeucali4e/render.ly:17:22: error: not a note name: la
    reb'4 si'4 sol'4 
                     la'4

C:/Users/Navid/AppData/Local/Temp/tmpeucali4e/render.ly:18:5: error: not a note name: re
    
    re'8 mi'8 fa'8 sol'8

C:/Users/Navid/AppData/Local/Temp/tmpeucali4e/render.ly:18:10: error: not a note name: mi
    re'8 
         mi'8 fa'8 sol'8

C:/Users/Navid/AppData/Local/Temp/tmpeucali4e/render.ly:18:15: error: not a note name: fa
    re'8 mi'8 
              fa'8 sol'8

C:/Users/Navid/AppData/Local/Temp/tmpeucali4e/render.ly:18:20: error: not a note name: sol
    re'8 mi'8 fa'8 
                   sol'8

C:/Users/Navid/AppData/Local/Temp/tmpeucali4e/render.ly:19:5: error: not a note name: re
    
    re'8 re'8 mi'8 mi'8

C:/Users/Navid/AppData/Local/Temp/tmpeucali4e/render.ly:19:10: error: not a note name: re
    re'8 
         re'8 mi'8 mi'8

C:/Users/Navid/AppData/Local/Temp/tmpeucali4e/render.ly:19:15: error: not a note name: mi
    re'8 re'8 
              mi'8 mi'8

C:/Users/Navid/AppData/Local/Temp/tmpeucali4e/render.ly:19:20: error: not a note name: mi
    re'8 re'8 mi'8 
                   mi'8

C:/Users/Navid/AppData/Local/Temp/tmpeucali4e/render.ly:23:5: error: not a note name: sol
    
    sol'8 sol'8 sol'8 sol'8 si'8 sol'8 fa'8 fa'8

C:/Users/Navid/AppData/Local/Temp/tmpeucali4e/render.ly:23:8: error: syntax error, unexpected '\''
    sol
       '8 sol'8 sol'8 sol'8 si'8 sol'8 fa'8 fa'8

C:/Users/Navid/AppData/Local/Temp/tmpeucali4e/render.ly:23:11: error: not a note name: sol
    sol'8 
          sol'8 sol'8 sol'8 si'8 sol'8 fa'8 fa'8

C:/Users/Navid/AppData/Local/Temp/tmpeucali4e/render.ly:23:17: error: not a note name: sol
    sol'8 sol'8 
                sol'8 sol'8 si'8 sol'8 fa'8 fa'8

C:/Users/Navid/AppData/Local/Temp/tmpeucali4e/render.ly:23:23: error: not a note name: sol
    sol'8 sol'8 sol'8 
                      sol'8 si'8 sol'8 fa'8 fa'8

C:/Users/Navid/AppData/Local/Temp/tmpeucali4e/render.ly:23:29: error: not a note name: si
    sol'8 sol'8 sol'8 sol'8 
                            si'8 sol'8 fa'8 fa'8

C:/Users/Navid/AppData/Local/Temp/tmpeucali4e/render.ly:23:34: error: not a note name: sol
    sol'8 sol'8 sol'8 sol'8 si'8 
                                 sol'8 fa'8 fa'8

C:/Users/Navid/AppData/Local/Temp/tmpeucali4e/render.ly:23:40: error: not a note name: fa
    sol'8 sol'8 sol'8 sol'8 si'8 sol'8 
                                       fa'8 fa'8

C:/Users/Navid/AppData/Local/Temp/tmpeucali4e/render.ly:23:45: error: not a note name: fa
    sol'8 sol'8 sol'8 sol'8 si'8 sol'8 fa'8 
                                            fa'8

C:/Users/Navid/AppData/Local/Temp/tmpeucali4e/render.ly:24:5: error: not a note name: sol
    
    sol'8 sol'8 sol'8 sol'8 si'8 sol'8 fa'8 fa'8

C:/Users/Navid/AppData/Local/Temp/tmpeucali4e/render.ly:24:11: error: not a note name: sol
    sol'8 
          sol'8 sol'8 sol'8 si'8 sol'8 fa'8 fa'8

C:/Users/Navid/AppData/Local/Temp/tmpeucali4e/render.ly:24:17: error: not a note name: sol
    sol'8 sol'8 
                sol'8 sol'8 si'8 sol'8 fa'8 fa'8

C:/Users/Navid/AppData/Local/Temp/tmpeucali4e/render.ly:24:23: error: not a note name: sol
    sol'8 sol'8 sol'8 
                      sol'8 si'8 sol'8 fa'8 fa'8

C:/Users/Navid/AppData/Local/Temp/tmpeucali4e/render.ly:24:29: error: not a note name: si
    sol'8 sol'8 sol'8 sol'8 
                            si'8 sol'8 fa'8 fa'8

C:/Users/Navid/AppData/Local/Temp/tmpeucali4e/render.ly:24:34: error: not a note name: sol
    sol'8 sol'8 sol'8 sol'8 si'8 
                                 sol'8 fa'8 fa'8

C:/Users/Navid/AppData/Local/Temp/tmpeucali4e/render.ly:24:40: error: not a note name: fa
    sol'8 sol'8 sol'8 sol'8 si'8 sol'8 
                                       fa'8 fa'8

C:/Users/Navid/AppData/Local/Temp/tmpeucali4e/render.ly:24:45: error: not a note name: fa
    sol'8 sol'8 sol'8 sol'8 si'8 sol'8 fa'8 
                                            fa'8

C:/Users/Navid/AppData/Local/Temp/tmpeucali4e/render.ly:28:5: error: not a note name: sol
    
    sol'4 la'4 si'4 sol'4

C:/Users/Navid/AppData/Local/Temp/tmpeucali4e/render.ly:28:8: error: syntax error, unexpected '\''
    sol
       '4 la'4 si'4 sol'4

C:/Users/Navid/AppData/Local/Temp/tmpeucali4e/render.ly:28:11: error: not a note name: la
    sol'4 
          la'4 si'4 sol'4

C:/Users/Navid/AppData/Local/Temp/tmpeucali4e/render.ly:28:16: error: not a note name: si
    sol'4 la'4 
               si'4 sol'4

C:/Users/Navid/AppData/Local/Temp/tmpeucali4e/render.ly:28:21: error: not a note name: sol
    sol'4 la'4 si'4 
                    sol'4

C:/Users/Navid/AppData/Local/Temp/tmpeucali4e/render.ly:29:5: error: not a note name: re
    
    re'8 mi'8 fa'8 sol'8

C:/Users/Navid/AppData/Local/Temp/tmpeucali4e/render.ly:29:10: error: not a note name: mi
    re'8 
         mi'8 fa'8 sol'8

C:/Users/Navid/AppData/Local/Temp/tmpeucali4e/render.ly:29:15: error: not a note name: fa
    re'8 mi'8 
              fa'8 sol'8

C:/Users/Navid/AppData/Local/Temp/tmpeucali4e/render.ly:29:20: error: not a note name: sol
    re'8 mi'8 fa'8 
                   sol'8

C:/Users/Navid/AppData/Local/Temp/tmpeucali4e/render.ly:30:5: error: not a note name: sol
    
    sol'8 sol'8 re'8 re'8

C:/Users/Navid/AppData/Local/Temp/tmpeucali4e/render.ly:30:11: error: not a note name: sol
    sol'8 
          sol'8 re'8 re'8

C:/Users/Navid/AppData/Local/Temp/tmpeucali4e/render.ly:30:17: error: not a note name: re
    sol'8 sol'8 
                re'8 re'8

C:/Users/Navid/AppData/Local/Temp/tmpeucali4e/render.ly:30:22: error: not a note name: re
    sol'8 sol'8 re'8 
                     re'8

C:/Users/Navid/AppData/Local/Temp/tmpeucali4e/render.ly:34:5: error: not a note name: sol
    
    sol'8 re'8 mi'8 sol'8 la'8 si'8 sol'8 re'8

C:/Users/Navid/AppData/Local/Temp/tmpeucali4e/render.ly:34:8: error: syntax error, unexpected '\''
    sol
       '8 re'8 mi'8 sol'8 la'8 si'8 sol'8 re'8

C:/Users/Navid/AppData/Local/Temp/tmpeucali4e/render.ly:34:11: error: not a note name: re
    sol'8 
          re'8 mi'8 sol'8 la'8 si'8 sol'8 re'8

C:/Users/Navid/AppData/Local/Temp/tmpeucali4e/render.ly:34:16: error: not a note name: mi
    sol'8 re'8 
               mi'8 sol'8 la'8 si'8 sol'8 re'8

C:/Users/Navid/AppData/Local/Temp/tmpeucali4e/render.ly:34:21: error: not a note name: sol
    sol'8 re'8 mi'8 
                    sol'8 la'8 si'8 sol'8 re'8

C:/Users/Navid/AppData/Local/Temp/tmpeucali4e/render.ly:34:27: error: not a note name: la
    sol'8 re'8 mi'8 sol'8 
                          la'8 si'8 sol'8 re'8

C:/Users/Navid/AppData/Local/Temp/tmpeucali4e/render.ly:34:32: error: not a note name: si
    sol'8 re'8 mi'8 sol'8 la'8 
                               si'8 sol'8 re'8

C:/Users/Navid/AppData/Local/Temp/tmpeucali4e/render.ly:34:37: error: not a note name: sol
    sol'8 re'8 mi'8 sol'8 la'8 si'8 
                                    sol'8 re'8

C:/Users/Navid/AppData/Local/Temp/tmpeucali4e/render.ly:34:43: error: not a note name: re
    sol'8 re'8 mi'8 sol'8 la'8 si'8 sol'8 
                                          re'8

C:/Users/Navid/AppData/Local/Temp/tmpeucali4e/render.ly:38:5: error: not a note name: sol
    
    sol'4 re'4 mi'4 fa'4

C:/Users/Navid/AppData/Local/Temp/tmpeucali4e/render.ly:38:8: error: syntax error, unexpected '\''
    sol
       '4 re'4 mi'4 fa'4

C:/Users/Navid/AppData/Local/Temp/tmpeucali4e/render.ly:38:11: error: not a note name: re
    sol'4 
          re'4 mi'4 fa'4

C:/Users/Navid/AppData/Local/Temp/tmpeucali4e/render.ly:38:16: error: not a note name: mi
    sol'4 re'4 
               mi'4 fa'4

C:/Users/Navid/AppData/Local/Temp/tmpeucali4e/render.ly:38:21: error: not a note name: fa
    sol'4 re'4 mi'4 
                    fa'4

C:/Users/Navid/AppData/Local/Temp/tmpeucali4e/render.ly:42:5: error: not a note name: sol
    
    sol'4 la'4 si'4 sol'4

C:/Users/Navid/AppData/Local/Temp/tmpeucali4e/render.ly:42:8: error: syntax error, unexpected '\''
    sol
       '4 la'4 si'4 sol'4

C:/Users/Navid/AppData/Local/Temp/tmpeucali4e/render.ly:42:11: error: not a note name: la
    sol'4 
          la'4 si'4 sol'4

C:/Users/Navid/AppData/Local/Temp/tmpeucali4e/render.ly:42:16: error: not a note name: si
    sol'4 la'4 
               si'4 sol'4

C:/Users/Navid/AppData/Local/Temp/tmpeucali4e/render.ly:42:21: error: not a note name: sol
    sol'4 la'4 si'4 
                    sol'4

C:/Users/Navid/AppData/Local/Temp/tmpeucali4e/render.ly:43:5: error: not a note name: re
    
    re'8 mi'8 fa'8 sol'8

C:/Users/Navid/AppData/Local/Temp/tmpeucali4e/render.ly:43:10: error: not a note name: mi
    re'8 
         mi'8 fa'8 sol'8

C:/Users/Navid/AppData/Local/Temp/tmpeucali4e/render.ly:43:15: error: not a note name: fa
    re'8 mi'8 
              fa'8 sol'8

C:/Users/Navid/AppData/Local/Temp/tmpeucali4e/render.ly:43:20: error: not a note name: sol
    re'8 mi'8 fa'8 
                   sol'8

C:/Users/Navid/AppData/Local/Temp/tmpeucali4e/render.ly:44:5: error: not a note name: sol
    
    sol'8 sol'8 re'8 re'8

C:/Users/Navid/AppData/Local/Temp/tmpeucali4e/render.ly:44:11: error: not a note name: sol
    sol'8 
          sol'8 re'8 re'8

C:/Users/Navid/AppData/Local/Temp/tmpeucali4e/render.ly:44:17: error: not a note name: re
    sol'8 sol'8 
                re'8 re'8

C:/Users/Navid/AppData/Local/Temp/tmpeucali4e/render.ly:44:22: error: not a note name: re
    sol'8 sol'8 re'8 
                     re'8

C:/Users/Navid/AppData/Local/Temp/tmpeucali4e/render.ly:48:5: error: not a note name: sol
    
    sol'8 re'8 mi'8 sol'8 la'8 si'8 sol'8 re'8

C:/Users/Navid/AppData/Local/Temp/tmpeucali4e/render.ly:48:8: error: syntax error, unexpected '\''
    sol
       '8 re'8 mi'8 sol'8 la'8 si'8 sol'8 re'8

C:/Users/Navid/AppData/Local/Temp/tmpeucali4e/render.ly:48:11: error: not a note name: re
    sol'8 
          re'8 mi'8 sol'8 la'8 si'8 sol'8 re'8

C:/Users/Navid/AppData/Local/Temp/tmpeucali4e/render.ly:48:16: error: not a note name: mi
    sol'8 re'8 
               mi'8 sol'8 la'8 si'8 sol'8 re'8

C:/Users/Navid/AppData/Local/Temp/tmpeucali4e/render.ly:48:21: error: not a note name: sol
    sol'8 re'8 mi'8 
                    sol'8 la'8 si'8 sol'8 re'8

C:/Users/Navid/AppData/Local/Temp/tmpeucali4e/render.ly:48:27: error: not a note name: la
    sol'8 re'8 mi'8 sol'8 
                          la'8 si'8 sol'8 re'8

C:/Users/Navid/AppData/Local/Temp/tmpeucali4e/render.ly:48:32: error: not a note name: si
    sol'8 re'8 mi'8 sol'8 la'8 
                               si'8 sol'8 re'8

C:/Users/Navid/AppData/Local/Temp/tmpeucali4e/render.ly:48:37: error: not a note name: sol
    sol'8 re'8 mi'8 sol'8 la'8 si'8 
                                    sol'8 re'8

C:/Users/Navid/AppData/Local/Temp/tmpeucali4e/render.ly:48:43: error: not a note name: re
    sol'8 re'8 mi'8 sol'8 la'8 si'8 sol'8 
                                          re'8

C:/Users/Navid/AppData/Local/Temp/tmpeucali4e/render.ly:5:3: error: errors found, ignoring music expression
  
  {

fatal error: failed files: "C:\\Users\\Navid\\AppData\\Local\\Temp\\tmpeucali4e\\render.ly"

