[lilypond_failed] cmd: C:\lilypond-2.24.4-mingw-x86_64\lilypond-2.24.4\bin\lilypond.exe -dno-point-and-click -o C:\Users\Navid\AppData\Local\Temp\tmpd6w08sra\render C:\Users\Navid\AppData\Local\Temp\tmpd6w08sra\render.ly
returncode: 1

STDOUT:


STDERR:
Changing working directory to: `C:/Users/Navid/AppData/Local/Temp/tmpd6w08sra'
Processing `C:/Users/Navid/AppData/Local/Temp/tmpd6w08sra/render.ly'
Parsing...
C:/Users/Navid/AppData/Local/Temp/tmpd6w08sra/render.ly:5:60: error: not a note name: G
{ \clef treble \key g \mixolydian \time 4/4 \tempo 4 = 100 
                                                           G'4 A'4 B'4 C''4 | D''4 E''4 G'4 A'4 | B'4 C''4 D''4 E''4 | G'4 A'4 B'4 C''4 | D''4 E''4 G'4 A'4 | B'4 C''4 D''4 E''4 | G'4 A'4 B'4 C''4 | D''4 E''4 G'4 A'4 | }

C:/Users/Navid/AppData/Local/Temp/tmpd6w08sra/render.ly:5:61: error: syntax error, unexpected '\''
{ \clef treble \key g \mixolydian \time 4/4 \tempo 4 = 100 G
                                                            '4 A'4 B'4 C''4 | D''4 E''4 G'4 A'4 | B'4 C''4 D''4 E''4 | G'4 A'4 B'4 C''4 | D''4 E''4 G'4 A'4 | B'4 C''4 D''4 E''4 | G'4 A'4 B'4 C''4 | D''4 E''4 G'4 A'4 | }

C:/Users/Navid/AppData/Local/Temp/tmpd6w08sra/render.ly:5:64: error: not a note name: A
{ \clef treble \key g \mixolydian \time 4/4 \tempo 4 = 100 G'4 
                                                               A'4 B'4 C''4 | D''4 E''4 G'4 A'4 | B'4 C''4 D''4 E''4 | G'4 A'4 B'4 C''4 | D''4 E''4 G'4 A'4 | B'4 C''4 D''4 E''4 | G'4 A'4 B'4 C''4 | D''4 E''4 G'4 A'4 | }

C:/Users/Navid/AppData/Local/Temp/tmpd6w08sra/render.ly:5:68: error: not a note name: B
{ \clef treble \key g \mixolydian \time 4/4 \tempo 4 = 100 G'4 A'4 
                                                                   B'4 C''4 | D''4 E''4 G'4 A'4 | B'4 C''4 D''4 E''4 | G'4 A'4 B'4 C''4 | D''4 E''4 G'4 A'4 | B'4 C''4 D''4 E''4 | G'4 A'4 B'4 C''4 | D''4 E''4 G'4 A'4 | }

C:/Users/Navid/AppData/Local/Temp/tmpd6w08sra/render.ly:5:72: error: not a note name: C
{ \clef treble \key g \mixolydian \time 4/4 \tempo 4 = 100 G'4 A'4 B'4 
                                                                       C''4 | D''4 E''4 G'4 A'4 | B'4 C''4 D''4 E''4 | G'4 A'4 B'4 C''4 | D''4 E''4 G'4 A'4 | B'4 C''4 D''4 E''4 | G'4 A'4 B'4 C''4 | D''4 E''4 G'4 A'4 | }

C:/Users/Navid/AppData/Local/Temp/tmpd6w08sra/render.ly:5:79: error: not a note name: D
{ \clef treble \key g \mixolydian \time 4/4 \tempo 4 = 100 G'4 A'4 B'4 C''4 | 
                                                                              D''4 E''4 G'4 A'4 | B'4 C''4 D''4 E''4 | G'4 A'4 B'4 C''4 | D''4 E''4 G'4 A'4 | B'4 C''4 D''4 E''4 | G'4 A'4 B'4 C''4 | D''4 E''4 G'4 A'4 | }

C:/Users/Navid/AppData/Local/Temp/tmpd6w08sra/render.ly:5:80: error: syntax error, unexpected '\''
{ \clef treble \key g \mixolydian \time 4/4 \tempo 4 = 100 G'4 A'4 B'4 C''4 | D
                                                                               ''4 E''4 G'4 A'4 | B'4 C''4 D''4 E''4 | G'4 A'4 B'4 C''4 | D''4 E''4 G'4 A'4 | B'4 C''4 D''4 E''4 | G'4 A'4 B'4 C''4 | D''4 E''4 G'4 A'4 | }

C:/Users/Navid/AppData/Local/Temp/tmpd6w08sra/render.ly:5:84: error: not a note name: E
{ \clef treble \key g \mixolydian \time 4/4 \tempo 4 = 100 G'4 A'4 B'4 C''4 | D''4 
                                                                                   E''4 G'4 A'4 | B'4 C''4 D''4 E''4 | G'4 A'4 B'4 C''4 | D''4 E''4 G'4 A'4 | B'4 C''4 D''4 E''4 | G'4 A'4 B'4 C''4 | D''4 E''4 G'4 A'4 | }

C:/Users/Navid/AppData/Local/Temp/tmpd6w08sra/render.ly:5:89: error: not a note name: G
{ \clef treble \key g \mixolydian \time 4/4 \tempo 4 = 100 G'4 A'4 B'4 C''4 | D''4 E''4 
                                                                                        G'4 A'4 | B'4 C''4 D''4 E''4 | G'4 A'4 B'4 C''4 | D''4 E''4 G'4 A'4 | B'4 C''4 D''4 E''4 | G'4 A'4 B'4 C''4 | D''4 E''4 G'4 A'4 | }

C:/Users/Navid/AppData/Local/Temp/tmpd6w08sra/render.ly:5:93: error: not a note name: A
{ \clef treble \key g \mixolydian \time 4/4 \tempo 4 = 100 G'4 A'4 B'4 C''4 | D''4 E''4 G'4 
                                                                                            A'4 | B'4 C''4 D''4 E''4 | G'4 A'4 B'4 C''4 | D''4 E''4 G'4 A'4 | B'4 C''4 D''4 E''4 | G'4 A'4 B'4 C''4 | D''4 E''4 G'4 A'4 | }

C:/Users/Navid/AppData/Local/Temp/tmpd6w08sra/render.ly:5:99: error: not a note name: B
{ \clef treble \key g \mixolydian \time 4/4 \tempo 4 = 100 G'4 A'4 B'4 C''4 | D''4 E''4 G'4 A'4 | 
                                                                                                  B'4 C''4 D''4 E''4 | G'4 A'4 B'4 C''4 | D''4 E''4 G'4 A'4 | B'4 C''4 D''4 E''4 | G'4 A'4 B'4 C''4 | D''4 E''4 G'4 A'4 | }

C:/Users/Navid/AppData/Local/Temp/tmpd6w08sra/render.ly:5:100: error: syntax error, unexpected '\''
{ \clef treble \key g \mixolydian \time 4/4 \tempo 4 = 100 G'4 A'4 B'4 C''4 | D''4 E''4 G'4 A'4 | B
                                                                                                   '4 C''4 D''4 E''4 | G'4 A'4 B'4 C''4 | D''4 E''4 G'4 A'4 | B'4 C''4 D''4 E''4 | G'4 A'4 B'4 C''4 | D''4 E''4 G'4 A'4 | }

C:/Users/Navid/AppData/Local/Temp/tmpd6w08sra/render.ly:5:103: error: not a note name: C
{ \clef treble \key g \mixolydian \time 4/4 \tempo 4 = 100 G'4 A'4 B'4 C''4 | D''4 E''4 G'4 A'4 | B'4 
                                                                                                      C''4 D''4 E''4 | G'4 A'4 B'4 C''4 | D''4 E''4 G'4 A'4 | B'4 C''4 D''4 E''4 | G'4 A'4 B'4 C''4 | D''4 E''4 G'4 A'4 | }

C:/Users/Navid/AppData/Local/Temp/tmpd6w08sra/render.ly:5:108: error: not a note name: D
{ \clef treble \key g \mixolydian \time 4/4 \tempo 4 = 100 G'4 A'4 B'4 C''4 | D''4 E''4 G'4 A'4 | B'4 C''4 
                                                                                                           D''4 E''4 | G'4 A'4 B'4 C''4 | D''4 E''4 G'4 A'4 | B'4 C''4 D''4 E''4 | G'4 A'4 B'4 C''4 | D''4 E''4 G'4 A'4 | }

C:/Users/Navid/AppData/Local/Temp/tmpd6w08sra/render.ly:5:113: error: not a note name: E
{ \clef treble \key g \mixolydian \time 4/4 \tempo 4 = 100 G'4 A'4 B'4 C''4 | D''4 E''4 G'4 A'4 | B'4 C''4 D''4 
                                                                                                                E''4 | G'4 A'4 B'4 C''4 | D''4 E''4 G'4 A'4 | B'4 C''4 D''4 E''4 | G'4 A'4 B'4 C''4 | D''4 E''4 G'4 A'4 | }

C:/Users/Navid/AppData/Local/Temp/tmpd6w08sra/render.ly:5:120: error: not a note name: G
{ \clef treble \key g \mixolydian \time 4/4 \tempo 4 = 100 G'4 A'4 B'4 C''4 | D''4 E''4 G'4 A'4 | B'4 C''4 D''4 E''4 | 
                                                                                                                       G'4 A'4 B'4 C''4 | D''4 E''4 G'4 A'4 | B'4 C''4 D''4 E''4 | G'4 A'4 B'4 C''4 | D''4 E''4 G'4 A'4 | }

C:/Users/Navid/AppData/Local/Temp/tmpd6w08sra/render.ly:5:121: error: syntax error, unexpected '\''
{ \clef treble \key g \mixolydian \time 4/4 \tempo 4 = 100 G'4 A'4 B'4 C''4 | D''4 E''4 G'4 A'4 | B'4 C''4 D''4 E''4 | G
                                                                                                                        '4 A'4 B'4 C''4 | D''4 E''4 G'4 A'4 | B'4 C''4 D''4 E''4 | G'4 A'4 B'4 C''4 | D''4 E''4 G'4 A'4 | }

C:/Users/Navid/AppData/Local/Temp/tmpd6w08sra/render.ly:5:124: error: not a note name: A
{ \clef treble \key g \mixolydian \time 4/4 \tempo 4 = 100 G'4 A'4 B'4 C''4 | D''4 E''4 G'4 A'4 | B'4 C''4 D''4 E''4 | G'4 
                                                                                                                           A'4 B'4 C''4 | D''4 E''4 G'4 A'4 | B'4 C''4 D''4 E''4 | G'4 A'4 B'4 C''4 | D''4 E''4 G'4 A'4 | }

C:/Users/Navid/AppData/Local/Temp/tmpd6w08sra/render.ly:5:128: error: not a note name: B
{ \clef treble \key g \mixolydian \time 4/4 \tempo 4 = 100 G'4 A'4 B'4 C''4 | D''4 E''4 G'4 A'4 | B'4 C''4 D''4 E''4 | G'4 A'4 
                                                                                                                               B'4 C''4 | D''4 E''4 G'4 A'4 | B'4 C''4 D''4 E''4 | G'4 A'4 B'4 C''4 | D''4 E''4 G'4 A'4 | }

C:/Users/Navid/AppData/Local/Temp/tmpd6w08sra/render.ly:5:132: error: not a note name: C
{ \clef treble \key g \mixolydian \time 4/4 \tempo 4 = 100 G'4 A'4 B'4 C''4 | D''4 E''4 G'4 A'4 | B'4 C''4 D''4 E''4 | G'4 A'4 B'4 
                                                                                                                                   C''4 | D''4 E''4 G'4 A'4 | B'4 C''4 D''4 E''4 | G'4 A'4 B'4 C''4 | D''4 E''4 G'4 A'4 | }

C:/Users/Navid/AppData/Local/Temp/tmpd6w08sra/render.ly:5:139: error: not a note name: D
{ \clef treble \key g \mixolydian \time 4/4 \tempo 4 = 100 G'4 A'4 B'4 C''4 | D''4 E''4 G'4 A'4 | B'4 C''4 D''4 E''4 | G'4 A'4 B'4 C''4 | 
                                                                                                                                          D''4 E''4 G'4 A'4 | B'4 C''4 D''4 E''4 | G'4 A'4 B'4 C''4 | D''4 E''4 G'4 A'4 | }

C:/Users/Navid/AppData/Local/Temp/tmpd6w08sra/render.ly:5:140: error: syntax error, unexpected '\''
{ \clef treble \key g \mixolydian \time 4/4 \tempo 4 = 100 G'4 A'4 B'4 C''4 | D''4 E''4 G'4 A'4 | B'4 C''4 D''4 E''4 | G'4 A'4 B'4 C''4 | D
                                                                                                                                           ''4 E''4 G'4 A'4 | B'4 C''4 D''4 E''4 | G'4 A'4 B'4 C''4 | D''4 E''4 G'4 A'4 | }

C:/Users/Navid/AppData/Local/Temp/tmpd6w08sra/render.ly:5:144: error: not a note name: E
{ \clef treble \key g \mixolydian \time 4/4 \tempo 4 = 100 G'4 A'4 B'4 C''4 | D''4 E''4 G'4 A'4 | B'4 C''4 D''4 E''4 | G'4 A'4 B'4 C''4 | D''4 
                                                                                                                                               E''4 G'4 A'4 | B'4 C''4 D''4 E''4 | G'4 A'4 B'4 C''4 | D''4 E''4 G'4 A'4 | }

C:/Users/Navid/AppData/Local/Temp/tmpd6w08sra/render.ly:5:149: error: not a note name: G
{ \clef treble \key g \mixolydian \time 4/4 \tempo 4 = 100 G'4 A'4 B'4 C''4 | D''4 E''4 G'4 A'4 | B'4 C''4 D''4 E''4 | G'4 A'4 B'4 C''4 | D''4 E''4 
                                                                                                                                                    G'4 A'4 | B'4 C''4 D''4 E''4 | G'4 A'4 B'4 C''4 | D''4 E''4 G'4 A'4 | }

C:/Users/Navid/AppData/Local/Temp/tmpd6w08sra/render.ly:5:153: error: not a note name: A
{ \clef treble \key g \mixolydian \time 4/4 \tempo 4 = 100 G'4 A'4 B'4 C''4 | D''4 E''4 G'4 A'4 | B'4 C''4 D''4 E''4 | G'4 A'4 B'4 C''4 | D''4 E''4 G'4 
                                                                                                                                                        A'4 | B'4 C''4 D''4 E''4 | G'4 A'4 B'4 C''4 | D''4 E''4 G'4 A'4 | }

C:/Users/Navid/AppData/Local/Temp/tmpd6w08sra/render.ly:5:159: error: not a note name: B
{ \clef treble \key g \mixolydian \time 4/4 \tempo 4 = 100 G'4 A'4 B'4 C''4 | D''4 E''4 G'4 A'4 | B'4 C''4 D''4 E''4 | G'4 A'4 B'4 C''4 | D''4 E''4 G'4 A'4 | 
                                                                                                                                                              B'4 C''4 D''4 E''4 | G'4 A'4 B'4 C''4 | D''4 E''4 G'4 A'4 | }

C:/Users/Navid/AppData/Local/Temp/tmpd6w08sra/render.ly:5:160: error: syntax error, unexpected '\''
{ \clef treble \key g \mixolydian \time 4/4 \tempo 4 = 100 G'4 A'4 B'4 C''4 | D''4 E''4 G'4 A'4 | B'4 C''4 D''4 E''4 | G'4 A'4 B'4 C''4 | D''4 E''4 G'4 A'4 | B
                                                                                                                                                               '4 C''4 D''4 E''4 | G'4 A'4 B'4 C''4 | D''4 E''4 G'4 A'4 | }

C:/Users/Navid/AppData/Local/Temp/tmpd6w08sra/render.ly:5:163: error: not a note name: C
{ \clef treble \key g \mixolydian \time 4/4 \tempo 4 = 100 G'4 A'4 B'4 C''4 | D''4 E''4 G'4 A'4 | B'4 C''4 D''4 E''4 | G'4 A'4 B'4 C''4 | D''4 E''4 G'4 A'4 | B'4 
                                                                                                                                                                  C''4 D''4 E''4 | G'4 A'4 B'4 C''4 | D''4 E''4 G'4 A'4 | }

C:/Users/Navid/AppData/Local/Temp/tmpd6w08sra/render.ly:5:168: error: not a note name: D
{ \clef treble \key g \mixolydian \time 4/4 \tempo 4 = 100 G'4 A'4 B'4 C''4 | D''4 E''4 G'4 A'4 | B'4 C''4 D''4 E''4 | G'4 A'4 B'4 C''4 | D''4 E''4 G'4 A'4 | B'4 C''4 
                                                                                                                                                                       D''4 E''4 | G'4 A'4 B'4 C''4 | D''4 E''4 G'4 A'4 | }

C:/Users/Navid/AppData/Local/Temp/tmpd6w08sra/render.ly:5:173: error: not a note name: E
{ \clef treble \key g \mixolydian \time 4/4 \tempo 4 = 100 G'4 A'4 B'4 C''4 | D''4 E''4 G'4 A'4 | B'4 C''4 D''4 E''4 | G'4 A'4 B'4 C''4 | D''4 E''4 G'4 A'4 | B'4 C''4 D''4 
                                                                                                                                                                            E''4 | G'4 A'4 B'4 C''4 | D''4 E''4 G'4 A'4 | }

C:/Users/Navid/AppData/Local/Temp/tmpd6w08sra/render.ly:5:180: error: not a note name: G
{ \clef treble \key g \mixolydian \time 4/4 \tempo 4 = 100 G'4 A'4 B'4 C''4 | D''4 E''4 G'4 A'4 | B'4 C''4 D''4 E''4 | G'4 A'4 B'4 C''4 | D''4 E''4 G'4 A'4 | B'4 C''4 D''4 E''4 | 
                                                                                                                                                                                   G'4 A'4 B'4 C''4 | D''4 E''4 G'4 A'4 | }

C:/Users/Navid/AppData/Local/Temp/tmpd6w08sra/render.ly:5:181: error: syntax error, unexpected '\''
{ \clef treble \key g \mixolydian \time 4/4 \tempo 4 = 100 G'4 A'4 B'4 C''4 | D''4 E''4 G'4 A'4 | B'4 C''4 D''4 E''4 | G'4 A'4 B'4 C''4 | D''4 E''4 G'4 A'4 | B'4 C''4 D''4 E''4 | G
                                                                                                                                                                                    '4 A'4 B'4 C''4 | D''4 E''4 G'4 A'4 | }

C:/Users/Navid/AppData/Local/Temp/tmpd6w08sra/render.ly:5:184: error: not a note name: A
{ \clef treble \key g \mixolydian \time 4/4 \tempo 4 = 100 G'4 A'4 B'4 C''4 | D''4 E''4 G'4 A'4 | B'4 C''4 D''4 E''4 | G'4 A'4 B'4 C''4 | D''4 E''4 G'4 A'4 | B'4 C''4 D''4 E''4 | G'4 
                                                                                                                                                                                       A'4 B'4 C''4 | D''4 E''4 G'4 A'4 | }

C:/Users/Navid/AppData/Local/Temp/tmpd6w08sra/render.ly:5:188: error: not a note name: B
{ \clef treble \key g \mixolydian \time 4/4 \tempo 4 = 100 G'4 A'4 B'4 C''4 | D''4 E''4 G'4 A'4 | B'4 C''4 D''4 E''4 | G'4 A'4 B'4 C''4 | D''4 E''4 G'4 A'4 | B'4 C''4 D''4 E''4 | G'4 A'4 
                                                                                                                                                                                           B'4 C''4 | D''4 E''4 G'4 A'4 | }

C:/Users/Navid/AppData/Local/Temp/tmpd6w08sra/render.ly:5:192: error: not a note name: C
{ \clef treble \key g \mixolydian \time 4/4 \tempo 4 = 100 G'4 A'4 B'4 C''4 | D''4 E''4 G'4 A'4 | B'4 C''4 D''4 E''4 | G'4 A'4 B'4 C''4 | D''4 E''4 G'4 A'4 | B'4 C''4 D''4 E''4 | G'4 A'4 B'4 
                                                                                                                                                                                               C''4 | D''4 E''4 G'4 A'4 | }

C:/Users/Navid/AppData/Local/Temp/tmpd6w08sra/render.ly:5:199: error: not a note name: D
{ \clef treble \key g \mixolydian \time 4/4 \tempo 4 = 100 G'4 A'4 B'4 C''4 | D''4 E''4 G'4 A'4 | B'4 C''4 D''4 E''4 | G'4 A'4 B'4 C''4 | D''4 E''4 G'4 A'4 | B'4 C''4 D''4 E''4 | G'4 A'4 B'4 C''4 | 
                                                                                                                                                                                                      D''4 E''4 G'4 A'4 | }

C:/Users/Navid/AppData/Local/Temp/tmpd6w08sra/render.ly:5:200: error: syntax error, unexpected '\''
{ \clef treble \key g \mixolydian \time 4/4 \tempo 4 = 100 G'4 A'4 B'4 C''4 | D''4 E''4 G'4 A'4 | B'4 C''4 D''4 E''4 | G'4 A'4 B'4 C''4 | D''4 E''4 G'4 A'4 | B'4 C''4 D''4 E''4 | G'4 A'4 B'4 C''4 | D
                                                                                                                                                                                                       ''4 E''4 G'4 A'4 | }

C:/Users/Navid/AppData/Local/Temp/tmpd6w08sra/render.ly:5:204: error: not a note name: E
{ \clef treble \key g \mixolydian \time 4/4 \tempo 4 = 100 G'4 A'4 B'4 C''4 | D''4 E''4 G'4 A'4 | B'4 C''4 D''4 E''4 | G'4 A'4 B'4 C''4 | D''4 E''4 G'4 A'4 | B'4 C''4 D''4 E''4 | G'4 A'4 B'4 C''4 | D''4 
                                                                                                                                                                                                           E''4 G'4 A'4 | }

C:/Users/Navid/AppData/Local/Temp/tmpd6w08sra/render.ly:5:209: error: not a note name: G
{ \clef treble \key g \mixolydian \time 4/4 \tempo 4 = 100 G'4 A'4 B'4 C''4 | D''4 E''4 G'4 A'4 | B'4 C''4 D''4 E''4 | G'4 A'4 B'4 C''4 | D''4 E''4 G'4 A'4 | B'4 C''4 D''4 E''4 | G'4 A'4 B'4 C''4 | D''4 E''4 
                                                                                                                                                                                                                G'4 A'4 | }

C:/Users/Navid/AppData/Local/Temp/tmpd6w08sra/render.ly:5:213: error: not a note name: A
{ \clef treble \key g \mixolydian \time 4/4 \tempo 4 = 100 G'4 A'4 B'4 C''4 | D''4 E''4 G'4 A'4 | B'4 C''4 D''4 E''4 | G'4 A'4 B'4 C''4 | D''4 E''4 G'4 A'4 | B'4 C''4 D''4 E''4 | G'4 A'4 B'4 C''4 | D''4 E''4 G'4 
                                                                                                                                                                                                                    A'4 | }

C:/Users/Navid/AppData/Local/Temp/tmpd6w08sra/render.ly:4:3: error: errors found, ignoring music expression
  
  \new Staff {

fatal error: failed files: "C:\\Users\\Navid\\AppData\\Local\\Temp\\tmpd6w08sra\\render.ly"

