[lilypond_failed] cmd: C:\lilypond-2.24.4-mingw-x86_64\lilypond-2.24.4\bin\lilypond.exe -dno-point-and-click -o C:\Users\Navid\AppData\Local\Temp\tmprsei50r_\render C:\Users\Navid\AppData\Local\Temp\tmprsei50r_\render.ly
returncode: 1

STDOUT:


STDERR:
Changing working directory to: `C:/Users/Navid/AppData/Local/Temp/tmprsei50r_'
Processing `C:/Users/Navid/AppData/Local/Temp/tmprsei50r_/render.ly'
Parsing...
C:/Users/Navid/AppData/Local/Temp/tmprsei50r_/render.ly:10:1: error: not a note name: G

G'4 A'4 B'4 C'4 | D'4 E'4 F'4 G'4 | A'4 B'4 C'4 D'4 | E'4 F'4 G'4 A'4 | B'4 C'4 D'4 E'4 | F'4 G'4 A'4 B'4 | C'4 D'4 E'4 F'4 | G'4 A'4 B'4 C'4 |

C:/Users/Navid/AppData/Local/Temp/tmprsei50r_/render.ly:10:2: error: syntax error, unexpected '\''
G
 '4 A'4 B'4 C'4 | D'4 E'4 F'4 G'4 | A'4 B'4 C'4 D'4 | E'4 F'4 G'4 A'4 | B'4 C'4 D'4 E'4 | F'4 G'4 A'4 B'4 | C'4 D'4 E'4 F'4 | G'4 A'4 B'4 C'4 |

C:/Users/Navid/AppData/Local/Temp/tmprsei50r_/render.ly:10:5: error: not a note name: A
G'4 
    A'4 B'4 C'4 | D'4 E'4 F'4 G'4 | A'4 B'4 C'4 D'4 | E'4 F'4 G'4 A'4 | B'4 C'4 D'4 E'4 | F'4 G'4 A'4 B'4 | C'4 D'4 E'4 F'4 | G'4 A'4 B'4 C'4 |

C:/Users/Navid/AppData/Local/Temp/tmprsei50r_/render.ly:10:9: error: not a note name: B
G'4 A'4 
        B'4 C'4 | D'4 E'4 F'4 G'4 | A'4 B'4 C'4 D'4 | E'4 F'4 G'4 A'4 | B'4 C'4 D'4 E'4 | F'4 G'4 A'4 B'4 | C'4 D'4 E'4 F'4 | G'4 A'4 B'4 C'4 |

C:/Users/Navid/AppData/Local/Temp/tmprsei50r_/render.ly:10:13: error: not a note name: C
G'4 A'4 B'4 
            C'4 | D'4 E'4 F'4 G'4 | A'4 B'4 C'4 D'4 | E'4 F'4 G'4 A'4 | B'4 C'4 D'4 E'4 | F'4 G'4 A'4 B'4 | C'4 D'4 E'4 F'4 | G'4 A'4 B'4 C'4 |

C:/Users/Navid/AppData/Local/Temp/tmprsei50r_/render.ly:10:19: error: not a note name: D
G'4 A'4 B'4 C'4 | 
                  D'4 E'4 F'4 G'4 | A'4 B'4 C'4 D'4 | E'4 F'4 G'4 A'4 | B'4 C'4 D'4 E'4 | F'4 G'4 A'4 B'4 | C'4 D'4 E'4 F'4 | G'4 A'4 B'4 C'4 |

C:/Users/Navid/AppData/Local/Temp/tmprsei50r_/render.ly:10:20: error: syntax error, unexpected '\''
G'4 A'4 B'4 C'4 | D
                   '4 E'4 F'4 G'4 | A'4 B'4 C'4 D'4 | E'4 F'4 G'4 A'4 | B'4 C'4 D'4 E'4 | F'4 G'4 A'4 B'4 | C'4 D'4 E'4 F'4 | G'4 A'4 B'4 C'4 |

C:/Users/Navid/AppData/Local/Temp/tmprsei50r_/render.ly:10:23: error: not a note name: E
G'4 A'4 B'4 C'4 | D'4 
                      E'4 F'4 G'4 | A'4 B'4 C'4 D'4 | E'4 F'4 G'4 A'4 | B'4 C'4 D'4 E'4 | F'4 G'4 A'4 B'4 | C'4 D'4 E'4 F'4 | G'4 A'4 B'4 C'4 |

C:/Users/Navid/AppData/Local/Temp/tmprsei50r_/render.ly:10:27: error: not a note name: F
G'4 A'4 B'4 C'4 | D'4 E'4 
                          F'4 G'4 | A'4 B'4 C'4 D'4 | E'4 F'4 G'4 A'4 | B'4 C'4 D'4 E'4 | F'4 G'4 A'4 B'4 | C'4 D'4 E'4 F'4 | G'4 A'4 B'4 C'4 |

C:/Users/Navid/AppData/Local/Temp/tmprsei50r_/render.ly:10:31: error: not a note name: G
G'4 A'4 B'4 C'4 | D'4 E'4 F'4 
                              G'4 | A'4 B'4 C'4 D'4 | E'4 F'4 G'4 A'4 | B'4 C'4 D'4 E'4 | F'4 G'4 A'4 B'4 | C'4 D'4 E'4 F'4 | G'4 A'4 B'4 C'4 |

C:/Users/Navid/AppData/Local/Temp/tmprsei50r_/render.ly:10:37: error: not a note name: A
G'4 A'4 B'4 C'4 | D'4 E'4 F'4 G'4 | 
                                    A'4 B'4 C'4 D'4 | E'4 F'4 G'4 A'4 | B'4 C'4 D'4 E'4 | F'4 G'4 A'4 B'4 | C'4 D'4 E'4 F'4 | G'4 A'4 B'4 C'4 |

C:/Users/Navid/AppData/Local/Temp/tmprsei50r_/render.ly:10:38: error: syntax error, unexpected '\''
G'4 A'4 B'4 C'4 | D'4 E'4 F'4 G'4 | A
                                     '4 B'4 C'4 D'4 | E'4 F'4 G'4 A'4 | B'4 C'4 D'4 E'4 | F'4 G'4 A'4 B'4 | C'4 D'4 E'4 F'4 | G'4 A'4 B'4 C'4 |

C:/Users/Navid/AppData/Local/Temp/tmprsei50r_/render.ly:10:41: error: not a note name: B
G'4 A'4 B'4 C'4 | D'4 E'4 F'4 G'4 | A'4 
                                        B'4 C'4 D'4 | E'4 F'4 G'4 A'4 | B'4 C'4 D'4 E'4 | F'4 G'4 A'4 B'4 | C'4 D'4 E'4 F'4 | G'4 A'4 B'4 C'4 |

C:/Users/Navid/AppData/Local/Temp/tmprsei50r_/render.ly:10:45: error: not a note name: C
G'4 A'4 B'4 C'4 | D'4 E'4 F'4 G'4 | A'4 B'4 
                                            C'4 D'4 | E'4 F'4 G'4 A'4 | B'4 C'4 D'4 E'4 | F'4 G'4 A'4 B'4 | C'4 D'4 E'4 F'4 | G'4 A'4 B'4 C'4 |

C:/Users/Navid/AppData/Local/Temp/tmprsei50r_/render.ly:10:49: error: not a note name: D
G'4 A'4 B'4 C'4 | D'4 E'4 F'4 G'4 | A'4 B'4 C'4 
                                                D'4 | E'4 F'4 G'4 A'4 | B'4 C'4 D'4 E'4 | F'4 G'4 A'4 B'4 | C'4 D'4 E'4 F'4 | G'4 A'4 B'4 C'4 |

C:/Users/Navid/AppData/Local/Temp/tmprsei50r_/render.ly:10:55: error: not a note name: E
G'4 A'4 B'4 C'4 | D'4 E'4 F'4 G'4 | A'4 B'4 C'4 D'4 | 
                                                      E'4 F'4 G'4 A'4 | B'4 C'4 D'4 E'4 | F'4 G'4 A'4 B'4 | C'4 D'4 E'4 F'4 | G'4 A'4 B'4 C'4 |

C:/Users/Navid/AppData/Local/Temp/tmprsei50r_/render.ly:10:56: error: syntax error, unexpected '\''
G'4 A'4 B'4 C'4 | D'4 E'4 F'4 G'4 | A'4 B'4 C'4 D'4 | E
                                                       '4 F'4 G'4 A'4 | B'4 C'4 D'4 E'4 | F'4 G'4 A'4 B'4 | C'4 D'4 E'4 F'4 | G'4 A'4 B'4 C'4 |

C:/Users/Navid/AppData/Local/Temp/tmprsei50r_/render.ly:10:59: error: not a note name: F
G'4 A'4 B'4 C'4 | D'4 E'4 F'4 G'4 | A'4 B'4 C'4 D'4 | E'4 
                                                          F'4 G'4 A'4 | B'4 C'4 D'4 E'4 | F'4 G'4 A'4 B'4 | C'4 D'4 E'4 F'4 | G'4 A'4 B'4 C'4 |

C:/Users/Navid/AppData/Local/Temp/tmprsei50r_/render.ly:10:63: error: not a note name: G
G'4 A'4 B'4 C'4 | D'4 E'4 F'4 G'4 | A'4 B'4 C'4 D'4 | E'4 F'4 
                                                              G'4 A'4 | B'4 C'4 D'4 E'4 | F'4 G'4 A'4 B'4 | C'4 D'4 E'4 F'4 | G'4 A'4 B'4 C'4 |

C:/Users/Navid/AppData/Local/Temp/tmprsei50r_/render.ly:10:67: error: not a note name: A
G'4 A'4 B'4 C'4 | D'4 E'4 F'4 G'4 | A'4 B'4 C'4 D'4 | E'4 F'4 G'4 
                                                                  A'4 | B'4 C'4 D'4 E'4 | F'4 G'4 A'4 B'4 | C'4 D'4 E'4 F'4 | G'4 A'4 B'4 C'4 |

C:/Users/Navid/AppData/Local/Temp/tmprsei50r_/render.ly:10:73: error: not a note name: B
G'4 A'4 B'4 C'4 | D'4 E'4 F'4 G'4 | A'4 B'4 C'4 D'4 | E'4 F'4 G'4 A'4 | 
                                                                        B'4 C'4 D'4 E'4 | F'4 G'4 A'4 B'4 | C'4 D'4 E'4 F'4 | G'4 A'4 B'4 C'4 |

C:/Users/Navid/AppData/Local/Temp/tmprsei50r_/render.ly:10:74: error: syntax error, unexpected '\''
G'4 A'4 B'4 C'4 | D'4 E'4 F'4 G'4 | A'4 B'4 C'4 D'4 | E'4 F'4 G'4 A'4 | B
                                                                         '4 C'4 D'4 E'4 | F'4 G'4 A'4 B'4 | C'4 D'4 E'4 F'4 | G'4 A'4 B'4 C'4 |

C:/Users/Navid/AppData/Local/Temp/tmprsei50r_/render.ly:10:77: error: not a note name: C
G'4 A'4 B'4 C'4 | D'4 E'4 F'4 G'4 | A'4 B'4 C'4 D'4 | E'4 F'4 G'4 A'4 | B'4 
                                                                            C'4 D'4 E'4 | F'4 G'4 A'4 B'4 | C'4 D'4 E'4 F'4 | G'4 A'4 B'4 C'4 |

C:/Users/Navid/AppData/Local/Temp/tmprsei50r_/render.ly:10:81: error: not a note name: D
G'4 A'4 B'4 C'4 | D'4 E'4 F'4 G'4 | A'4 B'4 C'4 D'4 | E'4 F'4 G'4 A'4 | B'4 C'4 
                                                                                D'4 E'4 | F'4 G'4 A'4 B'4 | C'4 D'4 E'4 F'4 | G'4 A'4 B'4 C'4 |

C:/Users/Navid/AppData/Local/Temp/tmprsei50r_/render.ly:10:85: error: not a note name: E
G'4 A'4 B'4 C'4 | D'4 E'4 F'4 G'4 | A'4 B'4 C'4 D'4 | E'4 F'4 G'4 A'4 | B'4 C'4 D'4 
                                                                                    E'4 | F'4 G'4 A'4 B'4 | C'4 D'4 E'4 F'4 | G'4 A'4 B'4 C'4 |

C:/Users/Navid/AppData/Local/Temp/tmprsei50r_/render.ly:10:91: error: not a note name: F
G'4 A'4 B'4 C'4 | D'4 E'4 F'4 G'4 | A'4 B'4 C'4 D'4 | E'4 F'4 G'4 A'4 | B'4 C'4 D'4 E'4 | 
                                                                                          F'4 G'4 A'4 B'4 | C'4 D'4 E'4 F'4 | G'4 A'4 B'4 C'4 |

C:/Users/Navid/AppData/Local/Temp/tmprsei50r_/render.ly:10:92: error: syntax error, unexpected '\''
G'4 A'4 B'4 C'4 | D'4 E'4 F'4 G'4 | A'4 B'4 C'4 D'4 | E'4 F'4 G'4 A'4 | B'4 C'4 D'4 E'4 | F
                                                                                           '4 G'4 A'4 B'4 | C'4 D'4 E'4 F'4 | G'4 A'4 B'4 C'4 |

C:/Users/Navid/AppData/Local/Temp/tmprsei50r_/render.ly:10:95: error: not a note name: G
G'4 A'4 B'4 C'4 | D'4 E'4 F'4 G'4 | A'4 B'4 C'4 D'4 | E'4 F'4 G'4 A'4 | B'4 C'4 D'4 E'4 | F'4 
                                                                                              G'4 A'4 B'4 | C'4 D'4 E'4 F'4 | G'4 A'4 B'4 C'4 |

C:/Users/Navid/AppData/Local/Temp/tmprsei50r_/render.ly:10:99: error: not a note name: A
G'4 A'4 B'4 C'4 | D'4 E'4 F'4 G'4 | A'4 B'4 C'4 D'4 | E'4 F'4 G'4 A'4 | B'4 C'4 D'4 E'4 | F'4 G'4 
                                                                                                  A'4 B'4 | C'4 D'4 E'4 F'4 | G'4 A'4 B'4 C'4 |

C:/Users/Navid/AppData/Local/Temp/tmprsei50r_/render.ly:10:103: error: not a note name: B
G'4 A'4 B'4 C'4 | D'4 E'4 F'4 G'4 | A'4 B'4 C'4 D'4 | E'4 F'4 G'4 A'4 | B'4 C'4 D'4 E'4 | F'4 G'4 A'4 
                                                                                                      B'4 | C'4 D'4 E'4 F'4 | G'4 A'4 B'4 C'4 |

C:/Users/Navid/AppData/Local/Temp/tmprsei50r_/render.ly:10:109: error: not a note name: C
G'4 A'4 B'4 C'4 | D'4 E'4 F'4 G'4 | A'4 B'4 C'4 D'4 | E'4 F'4 G'4 A'4 | B'4 C'4 D'4 E'4 | F'4 G'4 A'4 B'4 | 
                                                                                                            C'4 D'4 E'4 F'4 | G'4 A'4 B'4 C'4 |

C:/Users/Navid/AppData/Local/Temp/tmprsei50r_/render.ly:10:110: error: syntax error, unexpected '\''
G'4 A'4 B'4 C'4 | D'4 E'4 F'4 G'4 | A'4 B'4 C'4 D'4 | E'4 F'4 G'4 A'4 | B'4 C'4 D'4 E'4 | F'4 G'4 A'4 B'4 | C
                                                                                                             '4 D'4 E'4 F'4 | G'4 A'4 B'4 C'4 |

C:/Users/Navid/AppData/Local/Temp/tmprsei50r_/render.ly:10:113: error: not a note name: D
G'4 A'4 B'4 C'4 | D'4 E'4 F'4 G'4 | A'4 B'4 C'4 D'4 | E'4 F'4 G'4 A'4 | B'4 C'4 D'4 E'4 | F'4 G'4 A'4 B'4 | C'4 
                                                                                                                D'4 E'4 F'4 | G'4 A'4 B'4 C'4 |

C:/Users/Navid/AppData/Local/Temp/tmprsei50r_/render.ly:10:117: error: not a note name: E
G'4 A'4 B'4 C'4 | D'4 E'4 F'4 G'4 | A'4 B'4 C'4 D'4 | E'4 F'4 G'4 A'4 | B'4 C'4 D'4 E'4 | F'4 G'4 A'4 B'4 | C'4 D'4 
                                                                                                                    E'4 F'4 | G'4 A'4 B'4 C'4 |

C:/Users/Navid/AppData/Local/Temp/tmprsei50r_/render.ly:10:121: error: not a note name: F
G'4 A'4 B'4 C'4 | D'4 E'4 F'4 G'4 | A'4 B'4 C'4 D'4 | E'4 F'4 G'4 A'4 | B'4 C'4 D'4 E'4 | F'4 G'4 A'4 B'4 | C'4 D'4 E'4 
                                                                                                                        F'4 | G'4 A'4 B'4 C'4 |

C:/Users/Navid/AppData/Local/Temp/tmprsei50r_/render.ly:10:127: error: not a note name: G
G'4 A'4 B'4 C'4 | D'4 E'4 F'4 G'4 | A'4 B'4 C'4 D'4 | E'4 F'4 G'4 A'4 | B'4 C'4 D'4 E'4 | F'4 G'4 A'4 B'4 | C'4 D'4 E'4 F'4 | 
                                                                                                                              G'4 A'4 B'4 C'4 |

C:/Users/Navid/AppData/Local/Temp/tmprsei50r_/render.ly:10:128: error: syntax error, unexpected '\''
G'4 A'4 B'4 C'4 | D'4 E'4 F'4 G'4 | A'4 B'4 C'4 D'4 | E'4 F'4 G'4 A'4 | B'4 C'4 D'4 E'4 | F'4 G'4 A'4 B'4 | C'4 D'4 E'4 F'4 | G
                                                                                                                               '4 A'4 B'4 C'4 |

C:/Users/Navid/AppData/Local/Temp/tmprsei50r_/render.ly:10:131: error: not a note name: A
G'4 A'4 B'4 C'4 | D'4 E'4 F'4 G'4 | A'4 B'4 C'4 D'4 | E'4 F'4 G'4 A'4 | B'4 C'4 D'4 E'4 | F'4 G'4 A'4 B'4 | C'4 D'4 E'4 F'4 | G'4 
                                                                                                                                  A'4 B'4 C'4 |

C:/Users/Navid/AppData/Local/Temp/tmprsei50r_/render.ly:10:135: error: not a note name: B
G'4 A'4 B'4 C'4 | D'4 E'4 F'4 G'4 | A'4 B'4 C'4 D'4 | E'4 F'4 G'4 A'4 | B'4 C'4 D'4 E'4 | F'4 G'4 A'4 B'4 | C'4 D'4 E'4 F'4 | G'4 A'4 
                                                                                                                                      B'4 C'4 |

C:/Users/Navid/AppData/Local/Temp/tmprsei50r_/render.ly:10:139: error: not a note name: C
G'4 A'4 B'4 C'4 | D'4 E'4 F'4 G'4 | A'4 B'4 C'4 D'4 | E'4 F'4 G'4 A'4 | B'4 C'4 D'4 E'4 | F'4 G'4 A'4 B'4 | C'4 D'4 E'4 F'4 | G'4 A'4 B'4 
                                                                                                                                          C'4 |

C:/Users/Navid/AppData/Local/Temp/tmprsei50r_/render.ly:4:3: error: errors found, ignoring music expression
  
  \new Staff {

fatal error: failed files: "C:\\Users\\Navid\\AppData\\Local\\Temp\\tmprsei50r_\\render.ly"

