[lilypond_failed] cmd: C:\lilypond-2.24.4-mingw-x86_64\lilypond-2.24.4\bin\lilypond.exe -dno-point-and-click -o C:\Users\Navid\AppData\Local\Temp\tmp6i8u1r8f\render C:\Users\Navid\AppData\Local\Temp\tmp6i8u1r8f\render.ly
returncode: 1

STDOUT:


STDERR:
Changing working directory to: `C:/Users/Navid/AppData/Local/Temp/tmp6i8u1r8f'
Processing `C:/Users/Navid/AppData/Local/Temp/tmp6i8u1r8f/render.ly'
Parsing...
C:/Users/Navid/AppData/Local/Temp/tmp6i8u1r8f/render.ly:11:5: error: not a note name: re
    
    re''8 mi''8 fa''8 sol''8 la''8 si''8

C:/Users/Navid/AppData/Local/Temp/tmp6i8u1r8f/render.ly:11:7: error: syntax error, unexpected '\''
    re
      ''8 mi''8 fa''8 sol''8 la''8 si''8

C:/Users/Navid/AppData/Local/Temp/tmp6i8u1r8f/render.ly:11:11: error: not a note name: mi
    re''8 
          mi''8 fa''8 sol''8 la''8 si''8

C:/Users/Navid/AppData/Local/Temp/tmp6i8u1r8f/render.ly:11:17: error: not a note name: fa
    re''8 mi''8 
                fa''8 sol''8 la''8 si''8

C:/Users/Navid/AppData/Local/Temp/tmp6i8u1r8f/render.ly:11:23: error: not a note name: sol
    re''8 mi''8 fa''8 
                      sol''8 la''8 si''8

C:/Users/Navid/AppData/Local/Temp/tmp6i8u1r8f/render.ly:11:30: error: not a note name: la
    re''8 mi''8 fa''8 sol''8 
                             la''8 si''8

C:/Users/Navid/AppData/Local/Temp/tmp6i8u1r8f/render.ly:11:36: error: not a note name: si
    re''8 mi''8 fa''8 sol''8 la''8 
                                   si''8

C:/Users/Navid/AppData/Local/Temp/tmp6i8u1r8f/render.ly:12:5: error: not a note name: fad
    
    fad''8 re''8 sol''8 fa''8 mi''8 re''8

C:/Users/Navid/AppData/Local/Temp/tmp6i8u1r8f/render.ly:12:12: error: not a note name: re
    fad''8 
           re''8 sol''8 fa''8 mi''8 re''8

C:/Users/Navid/AppData/Local/Temp/tmp6i8u1r8f/render.ly:12:18: error: not a note name: sol
    fad''8 re''8 
                 sol''8 fa''8 mi''8 re''8

C:/Users/Navid/AppData/Local/Temp/tmp6i8u1r8f/render.ly:12:25: error: not a note name: fa
    fad''8 re''8 sol''8 
                        fa''8 mi''8 re''8

C:/Users/Navid/AppData/Local/Temp/tmp6i8u1r8f/render.ly:12:31: error: not a note name: mi
    fad''8 re''8 sol''8 fa''8 
                              mi''8 re''8

C:/Users/Navid/AppData/Local/Temp/tmp6i8u1r8f/render.ly:12:37: error: not a note name: re
    fad''8 re''8 sol''8 fa''8 mi''8 
                                    re''8

C:/Users/Navid/AppData/Local/Temp/tmp6i8u1r8f/render.ly:14:5: error: not a note name: re
    
    re''8 re''8 re''8 re''8 re''8 re''8

C:/Users/Navid/AppData/Local/Temp/tmp6i8u1r8f/render.ly:14:7: error: syntax error, unexpected '\''
    re
      ''8 re''8 re''8 re''8 re''8 re''8

C:/Users/Navid/AppData/Local/Temp/tmp6i8u1r8f/render.ly:14:11: error: not a note name: re
    re''8 
          re''8 re''8 re''8 re''8 re''8

C:/Users/Navid/AppData/Local/Temp/tmp6i8u1r8f/render.ly:14:17: error: not a note name: re
    re''8 re''8 
                re''8 re''8 re''8 re''8

C:/Users/Navid/AppData/Local/Temp/tmp6i8u1r8f/render.ly:14:23: error: not a note name: re
    re''8 re''8 re''8 
                      re''8 re''8 re''8

C:/Users/Navid/AppData/Local/Temp/tmp6i8u1r8f/render.ly:14:29: error: not a note name: re
    re''8 re''8 re''8 re''8 
                            re''8 re''8

C:/Users/Navid/AppData/Local/Temp/tmp6i8u1r8f/render.ly:14:35: error: not a note name: re
    re''8 re''8 re''8 re''8 re''8 
                                  re''8

C:/Users/Navid/AppData/Local/Temp/tmp6i8u1r8f/render.ly:15:5: error: not a note name: la
    
    la''8 la''8 la''8 la''8 la''8 la''8

C:/Users/Navid/AppData/Local/Temp/tmp6i8u1r8f/render.ly:15:11: error: not a note name: la
    la''8 
          la''8 la''8 la''8 la''8 la''8

C:/Users/Navid/AppData/Local/Temp/tmp6i8u1r8f/render.ly:15:17: error: not a note name: la
    la''8 la''8 
                la''8 la''8 la''8 la''8

C:/Users/Navid/AppData/Local/Temp/tmp6i8u1r8f/render.ly:15:23: error: not a note name: la
    la''8 la''8 la''8 
                      la''8 la''8 la''8

C:/Users/Navid/AppData/Local/Temp/tmp6i8u1r8f/render.ly:15:29: error: not a note name: la
    la''8 la''8 la''8 la''8 
                            la''8 la''8

C:/Users/Navid/AppData/Local/Temp/tmp6i8u1r8f/render.ly:15:35: error: not a note name: la
    la''8 la''8 la''8 la''8 la''8 
                                  la''8

C:/Users/Navid/AppData/Local/Temp/tmp6i8u1r8f/render.ly:17:5: error: not a note name: re
    
    re''8 si''8 la''8 sol''8 fa''8 mi''8

C:/Users/Navid/AppData/Local/Temp/tmp6i8u1r8f/render.ly:17:7: error: syntax error, unexpected '\''
    re
      ''8 si''8 la''8 sol''8 fa''8 mi''8

C:/Users/Navid/AppData/Local/Temp/tmp6i8u1r8f/render.ly:17:11: error: not a note name: si
    re''8 
          si''8 la''8 sol''8 fa''8 mi''8

C:/Users/Navid/AppData/Local/Temp/tmp6i8u1r8f/render.ly:17:17: error: not a note name: la
    re''8 si''8 
                la''8 sol''8 fa''8 mi''8

C:/Users/Navid/AppData/Local/Temp/tmp6i8u1r8f/render.ly:17:23: error: not a note name: sol
    re''8 si''8 la''8 
                      sol''8 fa''8 mi''8

C:/Users/Navid/AppData/Local/Temp/tmp6i8u1r8f/render.ly:17:30: error: not a note name: fa
    re''8 si''8 la''8 sol''8 
                             fa''8 mi''8

C:/Users/Navid/AppData/Local/Temp/tmp6i8u1r8f/render.ly:17:36: error: not a note name: mi
    re''8 si''8 la''8 sol''8 fa''8 
                                   mi''8

C:/Users/Navid/AppData/Local/Temp/tmp6i8u1r8f/render.ly:18:5: error: not a note name: fad
    
    fad''8 re''8 sol''8 fa''8 mi''8 re''8

C:/Users/Navid/AppData/Local/Temp/tmp6i8u1r8f/render.ly:18:12: error: not a note name: re
    fad''8 
           re''8 sol''8 fa''8 mi''8 re''8

C:/Users/Navid/AppData/Local/Temp/tmp6i8u1r8f/render.ly:18:18: error: not a note name: sol
    fad''8 re''8 
                 sol''8 fa''8 mi''8 re''8

C:/Users/Navid/AppData/Local/Temp/tmp6i8u1r8f/render.ly:18:25: error: not a note name: fa
    fad''8 re''8 sol''8 
                        fa''8 mi''8 re''8

C:/Users/Navid/AppData/Local/Temp/tmp6i8u1r8f/render.ly:18:31: error: not a note name: mi
    fad''8 re''8 sol''8 fa''8 
                              mi''8 re''8

C:/Users/Navid/AppData/Local/Temp/tmp6i8u1r8f/render.ly:18:37: error: not a note name: re
    fad''8 re''8 sol''8 fa''8 mi''8 
                                    re''8

C:/Users/Navid/AppData/Local/Temp/tmp6i8u1r8f/render.ly:20:5: error: not a note name: re
    
    re''8 re''8 re''8 re''8 re''8 re''8

C:/Users/Navid/AppData/Local/Temp/tmp6i8u1r8f/render.ly:20:7: error: syntax error, unexpected '\''
    re
      ''8 re''8 re''8 re''8 re''8 re''8

C:/Users/Navid/AppData/Local/Temp/tmp6i8u1r8f/render.ly:20:11: error: not a note name: re
    re''8 
          re''8 re''8 re''8 re''8 re''8

C:/Users/Navid/AppData/Local/Temp/tmp6i8u1r8f/render.ly:20:17: error: not a note name: re
    re''8 re''8 
                re''8 re''8 re''8 re''8

C:/Users/Navid/AppData/Local/Temp/tmp6i8u1r8f/render.ly:20:23: error: not a note name: re
    re''8 re''8 re''8 
                      re''8 re''8 re''8

C:/Users/Navid/AppData/Local/Temp/tmp6i8u1r8f/render.ly:20:29: error: not a note name: re
    re''8 re''8 re''8 re''8 
                            re''8 re''8

C:/Users/Navid/AppData/Local/Temp/tmp6i8u1r8f/render.ly:20:35: error: not a note name: re
    re''8 re''8 re''8 re''8 re''8 
                                  re''8

C:/Users/Navid/AppData/Local/Temp/tmp6i8u1r8f/render.ly:21:5: error: not a note name: la
    
    la''8 la''8 la''8 la''8 la''8 la''8

C:/Users/Navid/AppData/Local/Temp/tmp6i8u1r8f/render.ly:21:11: error: not a note name: la
    la''8 
          la''8 la''8 la''8 la''8 la''8

C:/Users/Navid/AppData/Local/Temp/tmp6i8u1r8f/render.ly:21:17: error: not a note name: la
    la''8 la''8 
                la''8 la''8 la''8 la''8

C:/Users/Navid/AppData/Local/Temp/tmp6i8u1r8f/render.ly:21:23: error: not a note name: la
    la''8 la''8 la''8 
                      la''8 la''8 la''8

C:/Users/Navid/AppData/Local/Temp/tmp6i8u1r8f/render.ly:21:29: error: not a note name: la
    la''8 la''8 la''8 la''8 
                            la''8 la''8

C:/Users/Navid/AppData/Local/Temp/tmp6i8u1r8f/render.ly:21:35: error: not a note name: la
    la''8 la''8 la''8 la''8 la''8 
                                  la''8

C:/Users/Navid/AppData/Local/Temp/tmp6i8u1r8f/render.ly:23:5: error: not a note name: re
    
    re''8 mi''8 fa''8 sol''8 la''8 si''8

C:/Users/Navid/AppData/Local/Temp/tmp6i8u1r8f/render.ly:23:7: error: syntax error, unexpected '\''
    re
      ''8 mi''8 fa''8 sol''8 la''8 si''8

C:/Users/Navid/AppData/Local/Temp/tmp6i8u1r8f/render.ly:23:11: error: not a note name: mi
    re''8 
          mi''8 fa''8 sol''8 la''8 si''8

C:/Users/Navid/AppData/Local/Temp/tmp6i8u1r8f/render.ly:23:17: error: not a note name: fa
    re''8 mi''8 
                fa''8 sol''8 la''8 si''8

C:/Users/Navid/AppData/Local/Temp/tmp6i8u1r8f/render.ly:23:23: error: not a note name: sol
    re''8 mi''8 fa''8 
                      sol''8 la''8 si''8

C:/Users/Navid/AppData/Local/Temp/tmp6i8u1r8f/render.ly:23:30: error: not a note name: la
    re''8 mi''8 fa''8 sol''8 
                             la''8 si''8

C:/Users/Navid/AppData/Local/Temp/tmp6i8u1r8f/render.ly:23:36: error: not a note name: si
    re''8 mi''8 fa''8 sol''8 la''8 
                                   si''8

C:/Users/Navid/AppData/Local/Temp/tmp6i8u1r8f/render.ly:27:5: error: not a note name: re
    
    re''8 re''8 re''8 re''8 re''8 re''8

C:/Users/Navid/AppData/Local/Temp/tmp6i8u1r8f/render.ly:27:7: error: syntax error, unexpected '\''
    re
      ''8 re''8 re''8 re''8 re''8 re''8

C:/Users/Navid/AppData/Local/Temp/tmp6i8u1r8f/render.ly:27:11: error: not a note name: re
    re''8 
          re''8 re''8 re''8 re''8 re''8

C:/Users/Navid/AppData/Local/Temp/tmp6i8u1r8f/render.ly:27:17: error: not a note name: re
    re''8 re''8 
                re''8 re''8 re''8 re''8

C:/Users/Navid/AppData/Local/Temp/tmp6i8u1r8f/render.ly:27:23: error: not a note name: re
    re''8 re''8 re''8 
                      re''8 re''8 re''8

C:/Users/Navid/AppData/Local/Temp/tmp6i8u1r8f/render.ly:27:29: error: not a note name: re
    re''8 re''8 re''8 re''8 
                            re''8 re''8

C:/Users/Navid/AppData/Local/Temp/tmp6i8u1r8f/render.ly:27:35: error: not a note name: re
    re''8 re''8 re''8 re''8 re''8 
                                  re''8

C:/Users/Navid/AppData/Local/Temp/tmp6i8u1r8f/render.ly:28:5: error: not a note name: la
    
    la''8 la''8 la''8 la''8 la''8 la''8

C:/Users/Navid/AppData/Local/Temp/tmp6i8u1r8f/render.ly:28:11: error: not a note name: la
    la''8 
          la''8 la''8 la''8 la''8 la''8

C:/Users/Navid/AppData/Local/Temp/tmp6i8u1r8f/render.ly:28:17: error: not a note name: la
    la''8 la''8 
                la''8 la''8 la''8 la''8

C:/Users/Navid/AppData/Local/Temp/tmp6i8u1r8f/render.ly:28:23: error: not a note name: la
    la''8 la''8 la''8 
                      la''8 la''8 la''8

C:/Users/Navid/AppData/Local/Temp/tmp6i8u1r8f/render.ly:28:29: error: not a note name: la
    la''8 la''8 la''8 la''8 
                            la''8 la''8

C:/Users/Navid/AppData/Local/Temp/tmp6i8u1r8f/render.ly:28:35: error: not a note name: la
    la''8 la''8 la''8 la''8 la''8 
                                  la''8

C:/Users/Navid/AppData/Local/Temp/tmp6i8u1r8f/render.ly:30:5: error: not a note name: re
    
    re''8 mi''8 fa''8 sol''8 la''8 si''8

C:/Users/Navid/AppData/Local/Temp/tmp6i8u1r8f/render.ly:30:7: error: syntax error, unexpected '\''
    re
      ''8 mi''8 fa''8 sol''8 la''8 si''8

C:/Users/Navid/AppData/Local/Temp/tmp6i8u1r8f/render.ly:30:11: error: not a note name: mi
    re''8 
          mi''8 fa''8 sol''8 la''8 si''8

C:/Users/Navid/AppData/Local/Temp/tmp6i8u1r8f/render.ly:30:17: error: not a note name: fa
    re''8 mi''8 
                fa''8 sol''8 la''8 si''8

C:/Users/Navid/AppData/Local/Temp/tmp6i8u1r8f/render.ly:30:23: error: not a note name: sol
    re''8 mi''8 fa''8 
                      sol''8 la''8 si''8

C:/Users/Navid/AppData/Local/Temp/tmp6i8u1r8f/render.ly:30:30: error: not a note name: la
    re''8 mi''8 fa''8 sol''8 
                             la''8 si''8

C:/Users/Navid/AppData/Local/Temp/tmp6i8u1r8f/render.ly:30:36: error: not a note name: si
    re''8 mi''8 fa''8 sol''8 la''8 
                                   si''8

C:/Users/Navid/AppData/Local/Temp/tmp6i8u1r8f/render.ly:5:3: error: errors found, ignoring music expression
  
  {

fatal error: failed files: "C:\\Users\\Navid\\AppData\\Local\\Temp\\tmp6i8u1r8f\\render.ly"

