[lilypond_failed] cmd: C:\lilypond-2.24.4-mingw-x86_64\lilypond-2.24.4\bin\lilypond.exe -dno-point-and-click -o C:\Users\Navid\AppData\Local\Temp\tmpimi0hjge\render C:\Users\Navid\AppData\Local\Temp\tmpimi0hjge\render.ly
returncode: 1

STDOUT:


STDERR:
Changing working directory to: `C:/Users/Navid/AppData/Local/Temp/tmpimi0hjge'
Processing `C:/Users/Navid/AppData/Local/Temp/tmpimi0hjge/render.ly'
Parsing...
C:/Users/Navid/AppData/Local/Temp/tmpimi0hjge/render.ly:7:10: error: wrong type for argument 1.  Expecting pitch, found "la"
    \key 
         la \minor

C:/Users/Navid/AppData/Local/Temp/tmpimi0hjge/render.ly:12:5: error: not a note name: la
    
    la'4~ la'8 la'4 ~ la'8

C:/Users/Navid/AppData/Local/Temp/tmpimi0hjge/render.ly:12:7: error: syntax error, unexpected '\''
    la
      '4~ la'8 la'4 ~ la'8

C:/Users/Navid/AppData/Local/Temp/tmpimi0hjge/render.ly:12:11: error: not a note name: la
    la'4~ 
          la'8 la'4 ~ la'8

C:/Users/Navid/AppData/Local/Temp/tmpimi0hjge/render.ly:12:13: error: syntax error, unexpected '\''
    la'4~ la
            '8 la'4 ~ la'8

C:/Users/Navid/AppData/Local/Temp/tmpimi0hjge/render.ly:12:16: error: not a note name: la
    la'4~ la'8 
               la'4 ~ la'8

C:/Users/Navid/AppData/Local/Temp/tmpimi0hjge/render.ly:12:23: error: not a note name: la
    la'4~ la'8 la'4 ~ 
                      la'8

C:/Users/Navid/AppData/Local/Temp/tmpimi0hjge/render.ly:12:25: error: syntax error, unexpected '\''
    la'4~ la'8 la'4 ~ la
                        '8

C:/Users/Navid/AppData/Local/Temp/tmpimi0hjge/render.ly:13:5: error: not a note name: re
    
    re'4~ re'8 re'4 ~ re'8

C:/Users/Navid/AppData/Local/Temp/tmpimi0hjge/render.ly:13:11: error: not a note name: re
    re'4~ 
          re'8 re'4 ~ re'8

C:/Users/Navid/AppData/Local/Temp/tmpimi0hjge/render.ly:13:13: error: syntax error, unexpected '\''
    re'4~ re
            '8 re'4 ~ re'8

C:/Users/Navid/AppData/Local/Temp/tmpimi0hjge/render.ly:13:16: error: not a note name: re
    re'4~ re'8 
               re'4 ~ re'8

C:/Users/Navid/AppData/Local/Temp/tmpimi0hjge/render.ly:13:23: error: not a note name: re
    re'4~ re'8 re'4 ~ 
                      re'8

C:/Users/Navid/AppData/Local/Temp/tmpimi0hjge/render.ly:13:25: error: syntax error, unexpected '\''
    re'4~ re'8 re'4 ~ re
                        '8

C:/Users/Navid/AppData/Local/Temp/tmpimi0hjge/render.ly:14:5: error: not a note name: mi
    
    mi'4~ mi'8 mi'4 ~ mi'8

C:/Users/Navid/AppData/Local/Temp/tmpimi0hjge/render.ly:14:11: error: not a note name: mi
    mi'4~ 
          mi'8 mi'4 ~ mi'8

C:/Users/Navid/AppData/Local/Temp/tmpimi0hjge/render.ly:14:13: error: syntax error, unexpected '\''
    mi'4~ mi
            '8 mi'4 ~ mi'8

C:/Users/Navid/AppData/Local/Temp/tmpimi0hjge/render.ly:14:16: error: not a note name: mi
    mi'4~ mi'8 
               mi'4 ~ mi'8

C:/Users/Navid/AppData/Local/Temp/tmpimi0hjge/render.ly:14:23: error: not a note name: mi
    mi'4~ mi'8 mi'4 ~ 
                      mi'8

C:/Users/Navid/AppData/Local/Temp/tmpimi0hjge/render.ly:14:25: error: syntax error, unexpected '\''
    mi'4~ mi'8 mi'4 ~ mi
                        '8

C:/Users/Navid/AppData/Local/Temp/tmpimi0hjge/render.ly:15:5: error: not a note name: do
    
    do''4~ do''8 do''4 ~ do''8

C:/Users/Navid/AppData/Local/Temp/tmpimi0hjge/render.ly:15:12: error: not a note name: do
    do''4~ 
           do''8 do''4 ~ do''8

C:/Users/Navid/AppData/Local/Temp/tmpimi0hjge/render.ly:15:14: error: syntax error, unexpected '\''
    do''4~ do
             ''8 do''4 ~ do''8

C:/Users/Navid/AppData/Local/Temp/tmpimi0hjge/render.ly:15:18: error: not a note name: do
    do''4~ do''8 
                 do''4 ~ do''8

C:/Users/Navid/AppData/Local/Temp/tmpimi0hjge/render.ly:15:26: error: not a note name: do
    do''4~ do''8 do''4 ~ 
                         do''8

C:/Users/Navid/AppData/Local/Temp/tmpimi0hjge/render.ly:15:28: error: syntax error, unexpected '\''
    do''4~ do''8 do''4 ~ do
                           ''8

C:/Users/Navid/AppData/Local/Temp/tmpimi0hjge/render.ly:21:6: error: not a note name: la
    [
     la' mi' sol']4 [la' mi' sol']4 [la' mi' sol']4 [la' mi' sol']4

C:/Users/Navid/AppData/Local/Temp/tmpimi0hjge/render.ly:21:8: error: syntax error, unexpected '\''
    [la
       ' mi' sol']4 [la' mi' sol']4 [la' mi' sol']4 [la' mi' sol']4

C:/Users/Navid/AppData/Local/Temp/tmpimi0hjge/render.ly:21:10: error: not a note name: mi
    [la' 
         mi' sol']4 [la' mi' sol']4 [la' mi' sol']4 [la' mi' sol']4

C:/Users/Navid/AppData/Local/Temp/tmpimi0hjge/render.ly:21:14: error: not a note name: sol
    [la' mi' 
             sol']4 [la' mi' sol']4 [la' mi' sol']4 [la' mi' sol']4

C:/Users/Navid/AppData/Local/Temp/tmpimi0hjge/render.ly:21:22: error: not a note name: la
    [la' mi' sol']4 [
                     la' mi' sol']4 [la' mi' sol']4 [la' mi' sol']4

C:/Users/Navid/AppData/Local/Temp/tmpimi0hjge/render.ly:21:24: error: syntax error, unexpected '\''
    [la' mi' sol']4 [la
                       ' mi' sol']4 [la' mi' sol']4 [la' mi' sol']4

C:/Users/Navid/AppData/Local/Temp/tmpimi0hjge/render.ly:21:26: error: not a note name: mi
    [la' mi' sol']4 [la' 
                         mi' sol']4 [la' mi' sol']4 [la' mi' sol']4

C:/Users/Navid/AppData/Local/Temp/tmpimi0hjge/render.ly:21:30: error: not a note name: sol
    [la' mi' sol']4 [la' mi' 
                             sol']4 [la' mi' sol']4 [la' mi' sol']4

C:/Users/Navid/AppData/Local/Temp/tmpimi0hjge/render.ly:21:38: error: not a note name: la
    [la' mi' sol']4 [la' mi' sol']4 [
                                     la' mi' sol']4 [la' mi' sol']4

C:/Users/Navid/AppData/Local/Temp/tmpimi0hjge/render.ly:21:40: error: syntax error, unexpected '\''
    [la' mi' sol']4 [la' mi' sol']4 [la
                                       ' mi' sol']4 [la' mi' sol']4

C:/Users/Navid/AppData/Local/Temp/tmpimi0hjge/render.ly:21:42: error: not a note name: mi
    [la' mi' sol']4 [la' mi' sol']4 [la' 
                                         mi' sol']4 [la' mi' sol']4

C:/Users/Navid/AppData/Local/Temp/tmpimi0hjge/render.ly:21:46: error: not a note name: sol
    [la' mi' sol']4 [la' mi' sol']4 [la' mi' 
                                             sol']4 [la' mi' sol']4

C:/Users/Navid/AppData/Local/Temp/tmpimi0hjge/render.ly:21:54: error: not a note name: la
    [la' mi' sol']4 [la' mi' sol']4 [la' mi' sol']4 [
                                                     la' mi' sol']4

C:/Users/Navid/AppData/Local/Temp/tmpimi0hjge/render.ly:21:56: error: syntax error, unexpected '\''
    [la' mi' sol']4 [la' mi' sol']4 [la' mi' sol']4 [la
                                                       ' mi' sol']4

C:/Users/Navid/AppData/Local/Temp/tmpimi0hjge/render.ly:21:58: error: not a note name: mi
    [la' mi' sol']4 [la' mi' sol']4 [la' mi' sol']4 [la' 
                                                         mi' sol']4

C:/Users/Navid/AppData/Local/Temp/tmpimi0hjge/render.ly:21:62: error: not a note name: sol
    [la' mi' sol']4 [la' mi' sol']4 [la' mi' sol']4 [la' mi' 
                                                             sol']4

C:/Users/Navid/AppData/Local/Temp/tmpimi0hjge/render.ly:22:6: error: not a note name: re
    [
     re' fa' la']4 [re' fa' la']4 [re' fa' la']4 [re' fa' la']4

C:/Users/Navid/AppData/Local/Temp/tmpimi0hjge/render.ly:22:8: error: syntax error, unexpected '\''
    [re
       ' fa' la']4 [re' fa' la']4 [re' fa' la']4 [re' fa' la']4

C:/Users/Navid/AppData/Local/Temp/tmpimi0hjge/render.ly:22:10: error: not a note name: fa
    [re' 
         fa' la']4 [re' fa' la']4 [re' fa' la']4 [re' fa' la']4

C:/Users/Navid/AppData/Local/Temp/tmpimi0hjge/render.ly:22:14: error: not a note name: la
    [re' fa' 
             la']4 [re' fa' la']4 [re' fa' la']4 [re' fa' la']4

C:/Users/Navid/AppData/Local/Temp/tmpimi0hjge/render.ly:22:21: error: not a note name: re
    [re' fa' la']4 [
                    re' fa' la']4 [re' fa' la']4 [re' fa' la']4

C:/Users/Navid/AppData/Local/Temp/tmpimi0hjge/render.ly:22:23: error: syntax error, unexpected '\''
    [re' fa' la']4 [re
                      ' fa' la']4 [re' fa' la']4 [re' fa' la']4

C:/Users/Navid/AppData/Local/Temp/tmpimi0hjge/render.ly:22:25: error: not a note name: fa
    [re' fa' la']4 [re' 
                        fa' la']4 [re' fa' la']4 [re' fa' la']4

C:/Users/Navid/AppData/Local/Temp/tmpimi0hjge/render.ly:22:29: error: not a note name: la
    [re' fa' la']4 [re' fa' 
                            la']4 [re' fa' la']4 [re' fa' la']4

C:/Users/Navid/AppData/Local/Temp/tmpimi0hjge/render.ly:22:36: error: not a note name: re
    [re' fa' la']4 [re' fa' la']4 [
                                   re' fa' la']4 [re' fa' la']4

C:/Users/Navid/AppData/Local/Temp/tmpimi0hjge/render.ly:22:38: error: syntax error, unexpected '\''
    [re' fa' la']4 [re' fa' la']4 [re
                                     ' fa' la']4 [re' fa' la']4

C:/Users/Navid/AppData/Local/Temp/tmpimi0hjge/render.ly:22:40: error: not a note name: fa
    [re' fa' la']4 [re' fa' la']4 [re' 
                                       fa' la']4 [re' fa' la']4

C:/Users/Navid/AppData/Local/Temp/tmpimi0hjge/render.ly:22:44: error: not a note name: la
    [re' fa' la']4 [re' fa' la']4 [re' fa' 
                                           la']4 [re' fa' la']4

C:/Users/Navid/AppData/Local/Temp/tmpimi0hjge/render.ly:22:51: error: not a note name: re
    [re' fa' la']4 [re' fa' la']4 [re' fa' la']4 [
                                                  re' fa' la']4

C:/Users/Navid/AppData/Local/Temp/tmpimi0hjge/render.ly:22:53: error: syntax error, unexpected '\''
    [re' fa' la']4 [re' fa' la']4 [re' fa' la']4 [re
                                                    ' fa' la']4

C:/Users/Navid/AppData/Local/Temp/tmpimi0hjge/render.ly:22:55: error: not a note name: fa
    [re' fa' la']4 [re' fa' la']4 [re' fa' la']4 [re' 
                                                      fa' la']4

C:/Users/Navid/AppData/Local/Temp/tmpimi0hjge/render.ly:22:59: error: not a note name: la
    [re' fa' la']4 [re' fa' la']4 [re' fa' la']4 [re' fa' 
                                                          la']4

C:/Users/Navid/AppData/Local/Temp/tmpimi0hjge/render.ly:25:5: error: not a note name: la
    
    la'8[ re'8 mi'8] do''8[ re''8 mi''8] re''8[ do''8]

C:/Users/Navid/AppData/Local/Temp/tmpimi0hjge/render.ly:25:7: error: syntax error, unexpected '\''
    la
      '8[ re'8 mi'8] do''8[ re''8 mi''8] re''8[ do''8]

C:/Users/Navid/AppData/Local/Temp/tmpimi0hjge/render.ly:25:11: error: not a note name: re
    la'8[ 
          re'8 mi'8] do''8[ re''8 mi''8] re''8[ do''8]

C:/Users/Navid/AppData/Local/Temp/tmpimi0hjge/render.ly:25:13: error: syntax error, unexpected '\''
    la'8[ re
            '8 mi'8] do''8[ re''8 mi''8] re''8[ do''8]

C:/Users/Navid/AppData/Local/Temp/tmpimi0hjge/render.ly:25:16: error: not a note name: mi
    la'8[ re'8 
               mi'8] do''8[ re''8 mi''8] re''8[ do''8]

C:/Users/Navid/AppData/Local/Temp/tmpimi0hjge/render.ly:25:22: error: not a note name: do
    la'8[ re'8 mi'8] 
                     do''8[ re''8 mi''8] re''8[ do''8]

C:/Users/Navid/AppData/Local/Temp/tmpimi0hjge/render.ly:25:24: error: syntax error, unexpected '\''
    la'8[ re'8 mi'8] do
                       ''8[ re''8 mi''8] re''8[ do''8]

C:/Users/Navid/AppData/Local/Temp/tmpimi0hjge/render.ly:25:29: error: not a note name: re
    la'8[ re'8 mi'8] do''8[ 
                            re''8 mi''8] re''8[ do''8]

C:/Users/Navid/AppData/Local/Temp/tmpimi0hjge/render.ly:25:31: error: syntax error, unexpected '\''
    la'8[ re'8 mi'8] do''8[ re
                              ''8 mi''8] re''8[ do''8]

C:/Users/Navid/AppData/Local/Temp/tmpimi0hjge/render.ly:25:35: error: not a note name: mi
    la'8[ re'8 mi'8] do''8[ re''8 
                                  mi''8] re''8[ do''8]

C:/Users/Navid/AppData/Local/Temp/tmpimi0hjge/render.ly:25:42: error: not a note name: re
    la'8[ re'8 mi'8] do''8[ re''8 mi''8] 
                                         re''8[ do''8]

C:/Users/Navid/AppData/Local/Temp/tmpimi0hjge/render.ly:25:44: error: syntax error, unexpected '\''
    la'8[ re'8 mi'8] do''8[ re''8 mi''8] re
                                           ''8[ do''8]

C:/Users/Navid/AppData/Local/Temp/tmpimi0hjge/render.ly:25:49: error: not a note name: do
    la'8[ re'8 mi'8] do''8[ re''8 mi''8] re''8[ 
                                                do''8]

C:/Users/Navid/AppData/Local/Temp/tmpimi0hjge/render.ly:25:51: error: syntax error, unexpected '\''
    la'8[ re'8 mi'8] do''8[ re''8 mi''8] re''8[ do
                                                  ''8]

C:/Users/Navid/AppData/Local/Temp/tmpimi0hjge/render.ly:26:5: error: not a note name: la
    
    la'8[ re'8 mi'8] do''8[ re''8 mi''8] re''8[ do''8]

C:/Users/Navid/AppData/Local/Temp/tmpimi0hjge/render.ly:26:7: error: syntax error, unexpected '\''
    la
      '8[ re'8 mi'8] do''8[ re''8 mi''8] re''8[ do''8]

C:/Users/Navid/AppData/Local/Temp/tmpimi0hjge/render.ly:26:11: error: not a note name: re
    la'8[ 
          re'8 mi'8] do''8[ re''8 mi''8] re''8[ do''8]

C:/Users/Navid/AppData/Local/Temp/tmpimi0hjge/render.ly:26:13: error: syntax error, unexpected '\''
    la'8[ re
            '8 mi'8] do''8[ re''8 mi''8] re''8[ do''8]

C:/Users/Navid/AppData/Local/Temp/tmpimi0hjge/render.ly:26:16: error: not a note name: mi
    la'8[ re'8 
               mi'8] do''8[ re''8 mi''8] re''8[ do''8]

C:/Users/Navid/AppData/Local/Temp/tmpimi0hjge/render.ly:26:22: error: not a note name: do
    la'8[ re'8 mi'8] 
                     do''8[ re''8 mi''8] re''8[ do''8]

C:/Users/Navid/AppData/Local/Temp/tmpimi0hjge/render.ly:26:24: error: syntax error, unexpected '\''
    la'8[ re'8 mi'8] do
                       ''8[ re''8 mi''8] re''8[ do''8]

C:/Users/Navid/AppData/Local/Temp/tmpimi0hjge/render.ly:26:29: error: not a note name: re
    la'8[ re'8 mi'8] do''8[ 
                            re''8 mi''8] re''8[ do''8]

C:/Users/Navid/AppData/Local/Temp/tmpimi0hjge/render.ly:26:31: error: syntax error, unexpected '\''
    la'8[ re'8 mi'8] do''8[ re
                              ''8 mi''8] re''8[ do''8]

C:/Users/Navid/AppData/Local/Temp/tmpimi0hjge/render.ly:26:35: error: not a note name: mi
    la'8[ re'8 mi'8] do''8[ re''8 
                                  mi''8] re''8[ do''8]

C:/Users/Navid/AppData/Local/Temp/tmpimi0hjge/render.ly:26:42: error: not a note name: re
    la'8[ re'8 mi'8] do''8[ re''8 mi''8] 
                                         re''8[ do''8]

C:/Users/Navid/AppData/Local/Temp/tmpimi0hjge/render.ly:26:44: error: syntax error, unexpected '\''
    la'8[ re'8 mi'8] do''8[ re''8 mi''8] re
                                           ''8[ do''8]

C:/Users/Navid/AppData/Local/Temp/tmpimi0hjge/render.ly:26:49: error: not a note name: do
    la'8[ re'8 mi'8] do''8[ re''8 mi''8] re''8[ 
                                                do''8]

C:/Users/Navid/AppData/Local/Temp/tmpimi0hjge/render.ly:26:51: error: syntax error, unexpected '\''
    la'8[ re'8 mi'8] do''8[ re''8 mi''8] re''8[ do
                                                  ''8]

C:/Users/Navid/AppData/Local/Temp/tmpimi0hjge/render.ly:21:18: warning: Unattached BeamEvent
    [la' mi' sol'
                 ]4 [la' mi' sol']4 [la' mi' sol']4 [la' mi' sol']4

C:/Users/Navid/AppData/Local/Temp/tmpimi0hjge/render.ly:21:34: warning: Unattached BeamEvent
    [la' mi' sol']4 [la' mi' sol'
                                 ]4 [la' mi' sol']4 [la' mi' sol']4

C:/Users/Navid/AppData/Local/Temp/tmpimi0hjge/render.ly:21:50: warning: Unattached BeamEvent
    [la' mi' sol']4 [la' mi' sol']4 [la' mi' sol'
                                                 ]4 [la' mi' sol']4

C:/Users/Navid/AppData/Local/Temp/tmpimi0hjge/render.ly:21:66: warning: Unattached BeamEvent
    [la' mi' sol']4 [la' mi' sol']4 [la' mi' sol']4 [la' mi' sol'
                                                                 ]4

C:/Users/Navid/AppData/Local/Temp/tmpimi0hjge/render.ly:22:17: warning: Unattached BeamEvent
    [re' fa' la'
                ]4 [re' fa' la']4 [re' fa' la']4 [re' fa' la']4

C:/Users/Navid/AppData/Local/Temp/tmpimi0hjge/render.ly:22:32: warning: Unattached BeamEvent
    [re' fa' la']4 [re' fa' la'
                               ]4 [re' fa' la']4 [re' fa' la']4

C:/Users/Navid/AppData/Local/Temp/tmpimi0hjge/render.ly:22:47: warning: Unattached BeamEvent
    [re' fa' la']4 [re' fa' la']4 [re' fa' la'
                                              ]4 [re' fa' la']4

C:/Users/Navid/AppData/Local/Temp/tmpimi0hjge/render.ly:22:62: warning: Unattached BeamEvent
    [re' fa' la']4 [re' fa' la']4 [re' fa' la']4 [re' fa' la'
                                                             ]4

C:/Users/Navid/AppData/Local/Temp/tmpimi0hjge/render.ly:5:3: error: errors found, ignoring music expression
  
  {

fatal error: failed files: "C:\\Users\\Navid\\AppData\\Local\\Temp\\tmpimi0hjge\\render.ly"

