[lilypond_failed] cmd: C:\lilypond-2.24.4-mingw-x86_64\lilypond-2.24.4\bin\lilypond.exe -dno-point-and-click -o C:\Users\Navid\AppData\Local\Temp\tmpd1ad6nxi\render C:\Users\Navid\AppData\Local\Temp\tmpd1ad6nxi\render.ly
returncode: 1

STDOUT:


STDERR:
Changing working directory to: `C:/Users/Navid/AppData/Local/Temp/tmpd1ad6nxi'
Processing `C:/Users/Navid/AppData/Local/Temp/tmpd1ad6nxi/render.ly'
Parsing...
C:/Users/Navid/AppData/Local/Temp/tmpd1ad6nxi/render.ly:6:10: error: wrong type for argument 1.  Expecting pitch, found "la"
    \key 
         la \minor

C:/Users/Navid/AppData/Local/Temp/tmpd1ad6nxi/render.ly:11:5: error: not a note name: la
    
    la''8 la''8 la''8 la''8

C:/Users/Navid/AppData/Local/Temp/tmpd1ad6nxi/render.ly:11:7: error: syntax error, unexpected '\''
    la
      ''8 la''8 la''8 la''8

C:/Users/Navid/AppData/Local/Temp/tmpd1ad6nxi/render.ly:11:11: error: not a note name: la
    la''8 
          la''8 la''8 la''8

C:/Users/Navid/AppData/Local/Temp/tmpd1ad6nxi/render.ly:11:17: error: not a note name: la
    la''8 la''8 
                la''8 la''8

C:/Users/Navid/AppData/Local/Temp/tmpd1ad6nxi/render.ly:11:23: error: not a note name: la
    la''8 la''8 la''8 
                      la''8

C:/Users/Navid/AppData/Local/Temp/tmpd1ad6nxi/render.ly:12:5: error: not a note name: re
    
    re''8 mi''8 fa''8 sol''8

C:/Users/Navid/AppData/Local/Temp/tmpd1ad6nxi/render.ly:12:11: error: not a note name: mi
    re''8 
          mi''8 fa''8 sol''8

C:/Users/Navid/AppData/Local/Temp/tmpd1ad6nxi/render.ly:12:17: error: not a note name: fa
    re''8 mi''8 
                fa''8 sol''8

C:/Users/Navid/AppData/Local/Temp/tmpd1ad6nxi/render.ly:12:23: error: not a note name: sol
    re''8 mi''8 fa''8 
                      sol''8

C:/Users/Navid/AppData/Local/Temp/tmpd1ad6nxi/render.ly:13:5: error: not a note name: la
    
    la''4 si''8 la''8 sol''8 fa''8

C:/Users/Navid/AppData/Local/Temp/tmpd1ad6nxi/render.ly:13:11: error: not a note name: si
    la''4 
          si''8 la''8 sol''8 fa''8

C:/Users/Navid/AppData/Local/Temp/tmpd1ad6nxi/render.ly:13:17: error: not a note name: la
    la''4 si''8 
                la''8 sol''8 fa''8

C:/Users/Navid/AppData/Local/Temp/tmpd1ad6nxi/render.ly:13:23: error: not a note name: sol
    la''4 si''8 la''8 
                      sol''8 fa''8

C:/Users/Navid/AppData/Local/Temp/tmpd1ad6nxi/render.ly:13:30: error: not a note name: fa
    la''4 si''8 la''8 sol''8 
                             fa''8

C:/Users/Navid/AppData/Local/Temp/tmpd1ad6nxi/render.ly:14:5: error: not a note name: mi
    
    mi''8 re''8 la''8 la''8

C:/Users/Navid/AppData/Local/Temp/tmpd1ad6nxi/render.ly:14:11: error: not a note name: re
    mi''8 
          re''8 la''8 la''8

C:/Users/Navid/AppData/Local/Temp/tmpd1ad6nxi/render.ly:14:17: error: not a note name: la
    mi''8 re''8 
                la''8 la''8

C:/Users/Navid/AppData/Local/Temp/tmpd1ad6nxi/render.ly:14:23: error: not a note name: la
    mi''8 re''8 la''8 
                      la''8

C:/Users/Navid/AppData/Local/Temp/tmpd1ad6nxi/render.ly:19:5: error: not a note name: la
    
    la''4 la''4 la''4 la''4

C:/Users/Navid/AppData/Local/Temp/tmpd1ad6nxi/render.ly:19:7: error: syntax error, unexpected '\''
    la
      ''4 la''4 la''4 la''4

C:/Users/Navid/AppData/Local/Temp/tmpd1ad6nxi/render.ly:19:11: error: not a note name: la
    la''4 
          la''4 la''4 la''4

C:/Users/Navid/AppData/Local/Temp/tmpd1ad6nxi/render.ly:19:17: error: not a note name: la
    la''4 la''4 
                la''4 la''4

C:/Users/Navid/AppData/Local/Temp/tmpd1ad6nxi/render.ly:19:23: error: not a note name: la
    la''4 la''4 la''4 
                      la''4

C:/Users/Navid/AppData/Local/Temp/tmpd1ad6nxi/render.ly:20:5: error: not a note name: re
    
    re''8 mi''8 fa''8 sol''8 la''8 si''8

C:/Users/Navid/AppData/Local/Temp/tmpd1ad6nxi/render.ly:20:11: error: not a note name: mi
    re''8 
          mi''8 fa''8 sol''8 la''8 si''8

C:/Users/Navid/AppData/Local/Temp/tmpd1ad6nxi/render.ly:20:17: error: not a note name: fa
    re''8 mi''8 
                fa''8 sol''8 la''8 si''8

C:/Users/Navid/AppData/Local/Temp/tmpd1ad6nxi/render.ly:20:23: error: not a note name: sol
    re''8 mi''8 fa''8 
                      sol''8 la''8 si''8

C:/Users/Navid/AppData/Local/Temp/tmpd1ad6nxi/render.ly:20:30: error: not a note name: la
    re''8 mi''8 fa''8 sol''8 
                             la''8 si''8

C:/Users/Navid/AppData/Local/Temp/tmpd1ad6nxi/render.ly:20:36: error: not a note name: si
    re''8 mi''8 fa''8 sol''8 la''8 
                                   si''8

C:/Users/Navid/AppData/Local/Temp/tmpd1ad6nxi/render.ly:21:5: error: not a note name: re
    
    re''4 re''4 re''4 re''4

C:/Users/Navid/AppData/Local/Temp/tmpd1ad6nxi/render.ly:21:11: error: not a note name: re
    re''4 
          re''4 re''4 re''4

C:/Users/Navid/AppData/Local/Temp/tmpd1ad6nxi/render.ly:21:17: error: not a note name: re
    re''4 re''4 
                re''4 re''4

C:/Users/Navid/AppData/Local/Temp/tmpd1ad6nxi/render.ly:21:23: error: not a note name: re
    re''4 re''4 re''4 
                      re''4

C:/Users/Navid/AppData/Local/Temp/tmpd1ad6nxi/render.ly:22:5: error: not a note name: la
    
    la''8 la''8 la''8 la''8 re''8 mi''8

C:/Users/Navid/AppData/Local/Temp/tmpd1ad6nxi/render.ly:22:11: error: not a note name: la
    la''8 
          la''8 la''8 la''8 re''8 mi''8

C:/Users/Navid/AppData/Local/Temp/tmpd1ad6nxi/render.ly:22:17: error: not a note name: la
    la''8 la''8 
                la''8 la''8 re''8 mi''8

C:/Users/Navid/AppData/Local/Temp/tmpd1ad6nxi/render.ly:22:23: error: not a note name: la
    la''8 la''8 la''8 
                      la''8 re''8 mi''8

C:/Users/Navid/AppData/Local/Temp/tmpd1ad6nxi/render.ly:22:29: error: not a note name: re
    la''8 la''8 la''8 la''8 
                            re''8 mi''8

C:/Users/Navid/AppData/Local/Temp/tmpd1ad6nxi/render.ly:22:35: error: not a note name: mi
    la''8 la''8 la''8 la''8 re''8 
                                  mi''8

C:/Users/Navid/AppData/Local/Temp/tmpd1ad6nxi/render.ly:27:5: error: not a note name: la
    
    la''4 la''4 la''4 la''4

C:/Users/Navid/AppData/Local/Temp/tmpd1ad6nxi/render.ly:27:7: error: syntax error, unexpected '\''
    la
      ''4 la''4 la''4 la''4

C:/Users/Navid/AppData/Local/Temp/tmpd1ad6nxi/render.ly:27:11: error: not a note name: la
    la''4 
          la''4 la''4 la''4

C:/Users/Navid/AppData/Local/Temp/tmpd1ad6nxi/render.ly:27:17: error: not a note name: la
    la''4 la''4 
                la''4 la''4

C:/Users/Navid/AppData/Local/Temp/tmpd1ad6nxi/render.ly:27:23: error: not a note name: la
    la''4 la''4 la''4 
                      la''4

C:/Users/Navid/AppData/Local/Temp/tmpd1ad6nxi/render.ly:28:5: error: not a note name: si
    
    si''8 la''8 sol''8 fa''8 mi''8 re''8

C:/Users/Navid/AppData/Local/Temp/tmpd1ad6nxi/render.ly:28:11: error: not a note name: la
    si''8 
          la''8 sol''8 fa''8 mi''8 re''8

C:/Users/Navid/AppData/Local/Temp/tmpd1ad6nxi/render.ly:28:17: error: not a note name: sol
    si''8 la''8 
                sol''8 fa''8 mi''8 re''8

C:/Users/Navid/AppData/Local/Temp/tmpd1ad6nxi/render.ly:28:24: error: not a note name: fa
    si''8 la''8 sol''8 
                       fa''8 mi''8 re''8

C:/Users/Navid/AppData/Local/Temp/tmpd1ad6nxi/render.ly:28:30: error: not a note name: mi
    si''8 la''8 sol''8 fa''8 
                             mi''8 re''8

C:/Users/Navid/AppData/Local/Temp/tmpd1ad6nxi/render.ly:28:36: error: not a note name: re
    si''8 la''8 sol''8 fa''8 mi''8 
                                   re''8

C:/Users/Navid/AppData/Local/Temp/tmpd1ad6nxi/render.ly:29:5: error: not a note name: la
    
    la''4 la''4 la''4 la''4

C:/Users/Navid/AppData/Local/Temp/tmpd1ad6nxi/render.ly:29:11: error: not a note name: la
    la''4 
          la''4 la''4 la''4

C:/Users/Navid/AppData/Local/Temp/tmpd1ad6nxi/render.ly:29:17: error: not a note name: la
    la''4 la''4 
                la''4 la''4

C:/Users/Navid/AppData/Local/Temp/tmpd1ad6nxi/render.ly:29:23: error: not a note name: la
    la''4 la''4 la''4 
                      la''4

C:/Users/Navid/AppData/Local/Temp/tmpd1ad6nxi/render.ly:30:5: error: not a note name: re
    
    re''8 mi''8 fa''8 sol''8 la''8 si''8

C:/Users/Navid/AppData/Local/Temp/tmpd1ad6nxi/render.ly:30:11: error: not a note name: mi
    re''8 
          mi''8 fa''8 sol''8 la''8 si''8

C:/Users/Navid/AppData/Local/Temp/tmpd1ad6nxi/render.ly:30:17: error: not a note name: fa
    re''8 mi''8 
                fa''8 sol''8 la''8 si''8

C:/Users/Navid/AppData/Local/Temp/tmpd1ad6nxi/render.ly:30:23: error: not a note name: sol
    re''8 mi''8 fa''8 
                      sol''8 la''8 si''8

C:/Users/Navid/AppData/Local/Temp/tmpd1ad6nxi/render.ly:30:30: error: not a note name: la
    re''8 mi''8 fa''8 sol''8 
                             la''8 si''8

C:/Users/Navid/AppData/Local/Temp/tmpd1ad6nxi/render.ly:30:36: error: not a note name: si
    re''8 mi''8 fa''8 sol''8 la''8 
                                   si''8

C:/Users/Navid/AppData/Local/Temp/tmpd1ad6nxi/render.ly:5:3: error: errors found, ignoring music expression
  
  \new Staff {

fatal error: failed files: "C:\\Users\\Navid\\AppData\\Local\\Temp\\tmpd1ad6nxi\\render.ly"

