[lilypond_failed] cmd: C:\lilypond-2.24.4-mingw-x86_64\lilypond-2.24.4\bin\lilypond.exe -dno-point-and-click -o C:\Users\Navid\AppData\Local\Temp\tmpj3n5ohze\render C:\Users\Navid\AppData\Local\Temp\tmpj3n5ohze\render.ly
returncode: 1

STDOUT:


STDERR:
Changing working directory to: `C:/Users/Navid/AppData/Local/Temp/tmpj3n5ohze'
Processing `C:/Users/Navid/AppData/Local/Temp/tmpj3n5ohze/render.ly'
Parsing...
C:/Users/Navid/AppData/Local/Temp/tmpj3n5ohze/render.ly:5:79: error: not a duration
\relative c' { \key c \major \time 4/4 \tempo 4 = 100 c4 d4 e4 f4 | g4 a4 b4 c
                                                                              5 | d5 e5 f5 g5 | a5 b5 c6 d6 | \transpose c f { c4 d4 e4 f4 | g4 a4 b4 c5 | d5 e5 f5 g5 | a5 b5 c6 d6 | } }

C:/Users/Navid/AppData/Local/Temp/tmpj3n5ohze/render.ly:5:84: error: not a duration
\relative c' { \key c \major \time 4/4 \tempo 4 = 100 c4 d4 e4 f4 | g4 a4 b4 c5 | d
                                                                                   5 e5 f5 g5 | a5 b5 c6 d6 | \transpose c f { c4 d4 e4 f4 | g4 a4 b4 c5 | d5 e5 f5 g5 | a5 b5 c6 d6 | } }

C:/Users/Navid/AppData/Local/Temp/tmpj3n5ohze/render.ly:5:87: error: not a duration
\relative c' { \key c \major \time 4/4 \tempo 4 = 100 c4 d4 e4 f4 | g4 a4 b4 c5 | d5 e
                                                                                      5 f5 g5 | a5 b5 c6 d6 | \transpose c f { c4 d4 e4 f4 | g4 a4 b4 c5 | d5 e5 f5 g5 | a5 b5 c6 d6 | } }

C:/Users/Navid/AppData/Local/Temp/tmpj3n5ohze/render.ly:5:90: error: not a duration
\relative c' { \key c \major \time 4/4 \tempo 4 = 100 c4 d4 e4 f4 | g4 a4 b4 c5 | d5 e5 f
                                                                                         5 g5 | a5 b5 c6 d6 | \transpose c f { c4 d4 e4 f4 | g4 a4 b4 c5 | d5 e5 f5 g5 | a5 b5 c6 d6 | } }

C:/Users/Navid/AppData/Local/Temp/tmpj3n5ohze/render.ly:5:93: error: not a duration
\relative c' { \key c \major \time 4/4 \tempo 4 = 100 c4 d4 e4 f4 | g4 a4 b4 c5 | d5 e5 f5 g
                                                                                            5 | a5 b5 c6 d6 | \transpose c f { c4 d4 e4 f4 | g4 a4 b4 c5 | d5 e5 f5 g5 | a5 b5 c6 d6 | } }

C:/Users/Navid/AppData/Local/Temp/tmpj3n5ohze/render.ly:5:98: error: not a duration
\relative c' { \key c \major \time 4/4 \tempo 4 = 100 c4 d4 e4 f4 | g4 a4 b4 c5 | d5 e5 f5 g5 | a
                                                                                                 5 b5 c6 d6 | \transpose c f { c4 d4 e4 f4 | g4 a4 b4 c5 | d5 e5 f5 g5 | a5 b5 c6 d6 | } }

C:/Users/Navid/AppData/Local/Temp/tmpj3n5ohze/render.ly:5:101: error: not a duration
\relative c' { \key c \major \time 4/4 \tempo 4 = 100 c4 d4 e4 f4 | g4 a4 b4 c5 | d5 e5 f5 g5 | a5 b
                                                                                                    5 c6 d6 | \transpose c f { c4 d4 e4 f4 | g4 a4 b4 c5 | d5 e5 f5 g5 | a5 b5 c6 d6 | } }

C:/Users/Navid/AppData/Local/Temp/tmpj3n5ohze/render.ly:5:104: error: not a duration
\relative c' { \key c \major \time 4/4 \tempo 4 = 100 c4 d4 e4 f4 | g4 a4 b4 c5 | d5 e5 f5 g5 | a5 b5 c
                                                                                                       6 d6 | \transpose c f { c4 d4 e4 f4 | g4 a4 b4 c5 | d5 e5 f5 g5 | a5 b5 c6 d6 | } }

C:/Users/Navid/AppData/Local/Temp/tmpj3n5ohze/render.ly:5:107: error: not a duration
\relative c' { \key c \major \time 4/4 \tempo 4 = 100 c4 d4 e4 f4 | g4 a4 b4 c5 | d5 e5 f5 g5 | a5 b5 c6 d
                                                                                                          6 | \transpose c f { c4 d4 e4 f4 | g4 a4 b4 c5 | d5 e5 f5 g5 | a5 b5 c6 d6 | } }

C:/Users/Navid/AppData/Local/Temp/tmpj3n5ohze/render.ly:5:152: error: not a duration
\relative c' { \key c \major \time 4/4 \tempo 4 = 100 c4 d4 e4 f4 | g4 a4 b4 c5 | d5 e5 f5 g5 | a5 b5 c6 d6 | \transpose c f { c4 d4 e4 f4 | g4 a4 b4 c
                                                                                                                                                       5 | d5 e5 f5 g5 | a5 b5 c6 d6 | } }

C:/Users/Navid/AppData/Local/Temp/tmpj3n5ohze/render.ly:5:157: error: not a duration
\relative c' { \key c \major \time 4/4 \tempo 4 = 100 c4 d4 e4 f4 | g4 a4 b4 c5 | d5 e5 f5 g5 | a5 b5 c6 d6 | \transpose c f { c4 d4 e4 f4 | g4 a4 b4 c5 | d
                                                                                                                                                            5 e5 f5 g5 | a5 b5 c6 d6 | } }

C:/Users/Navid/AppData/Local/Temp/tmpj3n5ohze/render.ly:5:160: error: not a duration
\relative c' { \key c \major \time 4/4 \tempo 4 = 100 c4 d4 e4 f4 | g4 a4 b4 c5 | d5 e5 f5 g5 | a5 b5 c6 d6 | \transpose c f { c4 d4 e4 f4 | g4 a4 b4 c5 | d5 e
                                                                                                                                                               5 f5 g5 | a5 b5 c6 d6 | } }

C:/Users/Navid/AppData/Local/Temp/tmpj3n5ohze/render.ly:5:163: error: not a duration
\relative c' { \key c \major \time 4/4 \tempo 4 = 100 c4 d4 e4 f4 | g4 a4 b4 c5 | d5 e5 f5 g5 | a5 b5 c6 d6 | \transpose c f { c4 d4 e4 f4 | g4 a4 b4 c5 | d5 e5 f
                                                                                                                                                                  5 g5 | a5 b5 c6 d6 | } }

C:/Users/Navid/AppData/Local/Temp/tmpj3n5ohze/render.ly:5:166: error: not a duration
\relative c' { \key c \major \time 4/4 \tempo 4 = 100 c4 d4 e4 f4 | g4 a4 b4 c5 | d5 e5 f5 g5 | a5 b5 c6 d6 | \transpose c f { c4 d4 e4 f4 | g4 a4 b4 c5 | d5 e5 f5 g
                                                                                                                                                                     5 | a5 b5 c6 d6 | } }

C:/Users/Navid/AppData/Local/Temp/tmpj3n5ohze/render.ly:5:171: error: not a duration
\relative c' { \key c \major \time 4/4 \tempo 4 = 100 c4 d4 e4 f4 | g4 a4 b4 c5 | d5 e5 f5 g5 | a5 b5 c6 d6 | \transpose c f { c4 d4 e4 f4 | g4 a4 b4 c5 | d5 e5 f5 g5 | a
                                                                                                                                                                          5 b5 c6 d6 | } }

C:/Users/Navid/AppData/Local/Temp/tmpj3n5ohze/render.ly:5:174: error: not a duration
\relative c' { \key c \major \time 4/4 \tempo 4 = 100 c4 d4 e4 f4 | g4 a4 b4 c5 | d5 e5 f5 g5 | a5 b5 c6 d6 | \transpose c f { c4 d4 e4 f4 | g4 a4 b4 c5 | d5 e5 f5 g5 | a5 b
                                                                                                                                                                             5 c6 d6 | } }

C:/Users/Navid/AppData/Local/Temp/tmpj3n5ohze/render.ly:5:177: error: not a duration
\relative c' { \key c \major \time 4/4 \tempo 4 = 100 c4 d4 e4 f4 | g4 a4 b4 c5 | d5 e5 f5 g5 | a5 b5 c6 d6 | \transpose c f { c4 d4 e4 f4 | g4 a4 b4 c5 | d5 e5 f5 g5 | a5 b5 c
                                                                                                                                                                                6 d6 | } }

C:/Users/Navid/AppData/Local/Temp/tmpj3n5ohze/render.ly:5:180: error: not a duration
\relative c' { \key c \major \time 4/4 \tempo 4 = 100 c4 d4 e4 f4 | g4 a4 b4 c5 | d5 e5 f5 g5 | a5 b5 c6 d6 | \transpose c f { c4 d4 e4 f4 | g4 a4 b4 c5 | d5 e5 f5 g5 | a5 b5 c6 d
                                                                                                                                                                                   6 | } }

Interpreting music...
C:/Users/Navid/AppData/Local/Temp/tmpj3n5ohze/render.ly:5:81: warning: barcheck failed at: 3/4
\relative c' { \key c \major \time 4/4 \tempo 4 = 100 c4 d4 e4 f4 | g4 a4 b4 c5 
                                                                                | d5 e5 f5 g5 | a5 b5 c6 d6 | \transpose c f { c4 d4 e4 f4 | g4 a4 b4 c5 | d5 e5 f5 g5 | a5 b5 c6 d6 | } }

C:/Users/Navid/AppData/Local/Temp/tmpj3n5ohze/render.ly:5:154: warning: barcheck failed at: 1/2
\relative c' { \key c \major \time 4/4 \tempo 4 = 100 c4 d4 e4 f4 | g4 a4 b4 c5 | d5 e5 f5 g5 | a5 b5 c6 d6 | \transpose c f { c4 d4 e4 f4 | g4 a4 b4 c5 
                                                                                                                                                         | d5 e5 f5 g5 | a5 b5 c6 d6 | } }

Preprocessing graphical objects...
Interpreting music...
C:/Users/Navid/AppData/Local/Temp/tmpj3n5ohze/render.ly:5:81: warning: barcheck failed at: 3/4
\relative c' { \key c \major \time 4/4 \tempo 4 = 100 c4 d4 e4 f4 | g4 a4 b4 c5 
                                                                                | d5 e5 f5 g5 | a5 b5 c6 d6 | \transpose c f { c4 d4 e4 f4 | g4 a4 b4 c5 | d5 e5 f5 g5 | a5 b5 c6 d6 | } }

C:/Users/Navid/AppData/Local/Temp/tmpj3n5ohze/render.ly:5:154: warning: barcheck failed at: 1/2
\relative c' { \key c \major \time 4/4 \tempo 4 = 100 c4 d4 e4 f4 | g4 a4 b4 c5 | d5 e5 f5 g5 | a5 b5 c6 d6 | \transpose c f { c4 d4 e4 f4 | g4 a4 b4 c5 
                                                                                                                                                         | d5 e5 f5 g5 | a5 b5 c6 d6 | } }

MIDI output to `render.mid'...
Finding the ideal number of pages...
Fitting music on 1 page...
Drawing systems...
Converting to `render.pdf'...
fatal error: failed files: "C:\\Users\\Navid\\AppData\\Local\\Temp\\tmpj3n5ohze\\render.ly"

