[lilypond_failed] cmd: C:\lilypond-2.24.4-mingw-x86_64\lilypond-2.24.4\bin\lilypond.exe -dno-point-and-click -o C:\Users\Navid\AppData\Local\Temp\tmpd4xt8epg\render C:\Users\Navid\AppData\Local\Temp\tmpd4xt8epg\render.ly
returncode: 1

STDOUT:


STDERR:
Changing working directory to: `C:/Users/Navid/AppData/Local/Temp/tmpd4xt8epg'
Processing `C:/Users/Navid/AppData/Local/Temp/tmpd4xt8epg/render.ly'
Parsing...
C:/Users/Navid/AppData/Local/Temp/tmpd4xt8epg/render.ly:11:22: warning: Ignoring non-music expression
g4 a4 b4 c4 | d4 e4 f
                     #4 g4 | a4 b4 c4 d4 | e4 f#4 g4 a4 | b4 c4 d4 e4 | f#4 g4 a4 b4 | c4 d4 e4 f#4 | g4 a4 b4 c4 |

C:/Users/Navid/AppData/Local/Temp/tmpd4xt8epg/render.ly:11:48: warning: Ignoring non-music expression
g4 a4 b4 c4 | d4 e4 f#4 g4 | a4 b4 c4 d4 | e4 f
                                               #4 g4 a4 | b4 c4 d4 e4 | f#4 g4 a4 b4 | c4 d4 e4 f#4 | g4 a4 b4 c4 |

C:/Users/Navid/AppData/Local/Temp/tmpd4xt8epg/render.ly:11:74: warning: Ignoring non-music expression
g4 a4 b4 c4 | d4 e4 f#4 g4 | a4 b4 c4 d4 | e4 f#4 g4 a4 | b4 c4 d4 e4 | f
                                                                         #4 g4 a4 b4 | c4 d4 e4 f#4 | g4 a4 b4 c4 |

C:/Users/Navid/AppData/Local/Temp/tmpd4xt8epg/render.ly:11:98: warning: Ignoring non-music expression
g4 a4 b4 c4 | d4 e4 f#4 g4 | a4 b4 c4 d4 | e4 f#4 g4 a4 | b4 c4 d4 e4 | f#4 g4 a4 b4 | c4 d4 e4 f
                                                                                                 #4 | g4 a4 b4 c4 |

C:/Users/Navid/AppData/Local/Temp/tmpd4xt8epg/render.ly:13:3: error: syntax error, unexpected \layout
  
  \layout {}

C:/Users/Navid/AppData/Local/Temp/tmpd4xt8epg/render.ly:15:2: error: syntax error, unexpected end of input
}
 

fatal error: failed files: "C:\\Users\\Navid\\AppData\\Local\\Temp\\tmpd4xt8epg\\render.ly"

