[lilypond_failed] cmd: C:\lilypond-2.24.4-mingw-x86_64\lilypond-2.24.4\bin\lilypond.exe -dno-point-and-click -o C:\Users\Navid\AppData\Local\Temp\tmp2er035lt\render C:\Users\Navid\AppData\Local\Temp\tmp2er035lt\render.ly
returncode: 1

STDOUT:


STDERR:
Changing working directory to: `C:/Users/Navid/AppData/Local/Temp/tmp2er035lt'
Processing `C:/Users/Navid/AppData/Local/Temp/tmp2er035lt/render.ly'
Parsing...
C:/Users/Navid/AppData/Local/Temp/tmp2er035lt/render.ly:5:1: error: syntax error, unexpected \tempo

\tempo 4 = 160

Interpreting music...
C:/Users/Navid/AppData/Local/Temp/tmp2er035lt/render.ly:15:22: warning: barcheck failed at: 1/2
    do'8 re' mi' fa' 
                     | sol' la' si' dod' |

[8]
Preprocessing graphical objects...
Interpreting music...
C:/Users/Navid/AppData/Local/Temp/tmp2er035lt/render.ly:15:22: warning: barcheck failed at: 1/2
    do'8 re' mi' fa' 
                     | sol' la' si' dod' |

MIDI output to `render.mid'...
Finding the ideal number of pages...
Fitting music on 1 page...
Drawing systems...
Converting to `render.pdf'...
fatal error: failed files: "C:\\Users\\Navid\\AppData\\Local\\Temp\\tmp2er035lt\\render.ly"

