[lilypond_failed] cmd: C:\lilypond-2.24.4-mingw-x86_64\lilypond-2.24.4\bin\lilypond.exe -dno-point-and-click -o C:\Users\Navid\AppData\Local\Temp\tmp7d35upaw\render C:\Users\Navid\AppData\Local\Temp\tmp7d35upaw\render.ly
returncode: 1

STDOUT:


STDERR:
Changing working directory to: `C:/Users/Navid/AppData/Local/Temp/tmp7d35upaw'
Processing `C:/Users/Navid/AppData/Local/Temp/tmp7d35upaw/render.ly'
Parsing...
C:/Users/Navid/AppData/Local/Temp/tmp7d35upaw/render.ly:5:1: error: syntax error, unexpected \tempo

\tempo 4 = 160

Interpreting music...
C:/Users/Navid/AppData/Local/Temp/tmp7d35upaw/render.ly:9:5: warning: barcheck failed at: 1/2
    
    R2.*2

C:/Users/Navid/AppData/Local/Temp/tmp7d35upaw/render.ly:14:5: warning: barcheck failed at: 3/4
    
    R4 r4

[8]
Preprocessing graphical objects...
Interpreting music...
C:/Users/Navid/AppData/Local/Temp/tmp7d35upaw/render.ly:9:5: warning: barcheck failed at: 1/2
    
    R2.*2

C:/Users/Navid/AppData/Local/Temp/tmp7d35upaw/render.ly:14:5: warning: barcheck failed at: 3/4
    
    R4 r4

MIDI output to `render.mid'...
Finding the ideal number of pages...
Fitting music on 1 page...
Drawing systems...
Converting to `render.pdf'...
fatal error: failed files: "C:\\Users\\Navid\\AppData\\Local\\Temp\\tmp7d35upaw\\render.ly"

