[lilypond_failed] cmd: C:\lilypond-2.24.4-mingw-x86_64\lilypond-2.24.4\bin\lilypond.exe -dno-point-and-click -o C:\Users\Navid\AppData\Local\Temp\tmp14w23qbh\render C:\Users\Navid\AppData\Local\Temp\tmp14w23qbh\render.ly
returncode: 1

STDOUT:


STDERR:
Changing working directory to: `C:/Users/Navid/AppData/Local/Temp/tmp14w23qbh'
Processing `C:/Users/Navid/AppData/Local/Temp/tmp14w23qbh/render.ly'
Parsing...
C:/Users/Navid/AppData/Local/Temp/tmp14w23qbh/render.ly:7:6: error: syntax error, unexpected SYMBOL
    <
     do mi sol>4 <re fa la>4 <mi sol si>4 <fa la dod>4

C:/Users/Navid/AppData/Local/Temp/tmp14w23qbh/render.ly:7:6: error: not a note name: do
    <
     do mi sol>4 <re fa la>4 <mi sol si>4 <fa la dod>4

C:/Users/Navid/AppData/Local/Temp/tmp14w23qbh/render.ly:7:9: error: not a note name: mi
    <do 
        mi sol>4 <re fa la>4 <mi sol si>4 <fa la dod>4

C:/Users/Navid/AppData/Local/Temp/tmp14w23qbh/render.ly:7:12: error: not a note name: sol
    <do mi 
           sol>4 <re fa la>4 <mi sol si>4 <fa la dod>4

C:/Users/Navid/AppData/Local/Temp/tmp14w23qbh/render.ly:7:15: error: syntax error, unexpected >
    <do mi sol
              >4 <re fa la>4 <mi sol si>4 <fa la dod>4

C:/Users/Navid/AppData/Local/Temp/tmp14w23qbh/render.ly:7:19: error: not a note name: re
    <do mi sol>4 <
                  re fa la>4 <mi sol si>4 <fa la dod>4

C:/Users/Navid/AppData/Local/Temp/tmp14w23qbh/render.ly:7:22: error: not a note name: fa
    <do mi sol>4 <re 
                     fa la>4 <mi sol si>4 <fa la dod>4

C:/Users/Navid/AppData/Local/Temp/tmp14w23qbh/render.ly:7:25: error: not a note name: la
    <do mi sol>4 <re fa 
                        la>4 <mi sol si>4 <fa la dod>4

C:/Users/Navid/AppData/Local/Temp/tmp14w23qbh/render.ly:7:27: error: syntax error, unexpected >
    <do mi sol>4 <re fa la
                          >4 <mi sol si>4 <fa la dod>4

C:/Users/Navid/AppData/Local/Temp/tmp14w23qbh/render.ly:7:31: error: not a note name: mi
    <do mi sol>4 <re fa la>4 <
                              mi sol si>4 <fa la dod>4

C:/Users/Navid/AppData/Local/Temp/tmp14w23qbh/render.ly:7:34: error: not a note name: sol
    <do mi sol>4 <re fa la>4 <mi 
                                 sol si>4 <fa la dod>4

C:/Users/Navid/AppData/Local/Temp/tmp14w23qbh/render.ly:7:38: error: not a note name: si
    <do mi sol>4 <re fa la>4 <mi sol 
                                     si>4 <fa la dod>4

C:/Users/Navid/AppData/Local/Temp/tmp14w23qbh/render.ly:7:40: error: syntax error, unexpected >
    <do mi sol>4 <re fa la>4 <mi sol si
                                       >4 <fa la dod>4

C:/Users/Navid/AppData/Local/Temp/tmp14w23qbh/render.ly:7:44: error: not a note name: fa
    <do mi sol>4 <re fa la>4 <mi sol si>4 <
                                           fa la dod>4

C:/Users/Navid/AppData/Local/Temp/tmp14w23qbh/render.ly:7:47: error: not a note name: la
    <do mi sol>4 <re fa la>4 <mi sol si>4 <fa 
                                              la dod>4

C:/Users/Navid/AppData/Local/Temp/tmp14w23qbh/render.ly:7:50: error: not a note name: dod
    <do mi sol>4 <re fa la>4 <mi sol si>4 <fa la 
                                                 dod>4

C:/Users/Navid/AppData/Local/Temp/tmp14w23qbh/render.ly:7:53: error: syntax error, unexpected >
    <do mi sol>4 <re fa la>4 <mi sol si>4 <fa la dod
                                                    >4

C:/Users/Navid/AppData/Local/Temp/tmp14w23qbh/render.ly:8:6: error: not a note name: sol
    <
     sol la re>4 <la do mi>4 <si re fa>4 <do mi sol>4

C:/Users/Navid/AppData/Local/Temp/tmp14w23qbh/render.ly:8:10: error: not a note name: la
    <sol 
         la re>4 <la do mi>4 <si re fa>4 <do mi sol>4

C:/Users/Navid/AppData/Local/Temp/tmp14w23qbh/render.ly:8:13: error: not a note name: re
    <sol la 
            re>4 <la do mi>4 <si re fa>4 <do mi sol>4

C:/Users/Navid/AppData/Local/Temp/tmp14w23qbh/render.ly:8:15: error: syntax error, unexpected >
    <sol la re
              >4 <la do mi>4 <si re fa>4 <do mi sol>4

C:/Users/Navid/AppData/Local/Temp/tmp14w23qbh/render.ly:8:19: error: not a note name: la
    <sol la re>4 <
                  la do mi>4 <si re fa>4 <do mi sol>4

C:/Users/Navid/AppData/Local/Temp/tmp14w23qbh/render.ly:8:22: error: not a note name: do
    <sol la re>4 <la 
                     do mi>4 <si re fa>4 <do mi sol>4

C:/Users/Navid/AppData/Local/Temp/tmp14w23qbh/render.ly:8:25: error: not a note name: mi
    <sol la re>4 <la do 
                        mi>4 <si re fa>4 <do mi sol>4

C:/Users/Navid/AppData/Local/Temp/tmp14w23qbh/render.ly:8:27: error: syntax error, unexpected >
    <sol la re>4 <la do mi
                          >4 <si re fa>4 <do mi sol>4

C:/Users/Navid/AppData/Local/Temp/tmp14w23qbh/render.ly:8:31: error: not a note name: si
    <sol la re>4 <la do mi>4 <
                              si re fa>4 <do mi sol>4

C:/Users/Navid/AppData/Local/Temp/tmp14w23qbh/render.ly:8:34: error: not a note name: re
    <sol la re>4 <la do mi>4 <si 
                                 re fa>4 <do mi sol>4

C:/Users/Navid/AppData/Local/Temp/tmp14w23qbh/render.ly:8:37: error: not a note name: fa
    <sol la re>4 <la do mi>4 <si re 
                                    fa>4 <do mi sol>4

C:/Users/Navid/AppData/Local/Temp/tmp14w23qbh/render.ly:8:39: error: syntax error, unexpected >
    <sol la re>4 <la do mi>4 <si re fa
                                      >4 <do mi sol>4

C:/Users/Navid/AppData/Local/Temp/tmp14w23qbh/render.ly:8:43: error: not a note name: do
    <sol la re>4 <la do mi>4 <si re fa>4 <
                                          do mi sol>4

C:/Users/Navid/AppData/Local/Temp/tmp14w23qbh/render.ly:8:46: error: not a note name: mi
    <sol la re>4 <la do mi>4 <si re fa>4 <do 
                                             mi sol>4

C:/Users/Navid/AppData/Local/Temp/tmp14w23qbh/render.ly:8:49: error: not a note name: sol
    <sol la re>4 <la do mi>4 <si re fa>4 <do mi 
                                                sol>4

C:/Users/Navid/AppData/Local/Temp/tmp14w23qbh/render.ly:8:52: error: syntax error, unexpected >
    <sol la re>4 <la do mi>4 <si re fa>4 <do mi sol
                                                   >4

C:/Users/Navid/AppData/Local/Temp/tmp14w23qbh/render.ly:5:3: error: errors found, ignoring music expression
  
  \new Staff {

fatal error: failed files: "C:\\Users\\Navid\\AppData\\Local\\Temp\\tmp14w23qbh\\render.ly"

