[lilypond_failed] cmd: C:\lilypond-2.24.4-mingw-x86_64\lilypond-2.24.4\bin\lilypond.exe -dno-point-and-click -o C:\Users\Navid\AppData\Local\Temp\tmp4ses90ky\render C:\Users\Navid\AppData\Local\Temp\tmp4ses90ky\render.ly
returncode: 1

STDOUT:


STDERR:
Changing working directory to: `C:/Users/Navid/AppData/Local/Temp/tmp4ses90ky'
Processing `C:/Users/Navid/AppData/Local/Temp/tmp4ses90ky/render.ly'
Parsing...
C:/Users/Navid/AppData/Local/Temp/tmp4ses90ky/render.ly:6:10: error: wrong type for argument 1.  Expecting pitch, found "sib"
    \key 
         sib \major

C:/Users/Navid/AppData/Local/Temp/tmp4ses90ky/render.ly:9:5: error: not a note name: sib
    
    sib4 sib4 sib4 sib4

C:/Users/Navid/AppData/Local/Temp/tmp4ses90ky/render.ly:9:10: error: not a note name: sib
    sib4 
         sib4 sib4 sib4

C:/Users/Navid/AppData/Local/Temp/tmp4ses90ky/render.ly:9:15: error: not a note name: sib
    sib4 sib4 
              sib4 sib4

C:/Users/Navid/AppData/Local/Temp/tmp4ses90ky/render.ly:9:20: error: not a note name: sib
    sib4 sib4 sib4 
                   sib4

C:/Users/Navid/AppData/Local/Temp/tmp4ses90ky/render.ly:10:5: error: not a note name: re
    
    re4 re4 re4 re4

C:/Users/Navid/AppData/Local/Temp/tmp4ses90ky/render.ly:10:9: error: not a note name: re
    re4 
        re4 re4 re4

C:/Users/Navid/AppData/Local/Temp/tmp4ses90ky/render.ly:10:13: error: not a note name: re
    re4 re4 
            re4 re4

C:/Users/Navid/AppData/Local/Temp/tmp4ses90ky/render.ly:10:17: error: not a note name: re
    re4 re4 re4 
                re4

C:/Users/Navid/AppData/Local/Temp/tmp4ses90ky/render.ly:11:5: error: not a note name: reb
    
    reb4 reb4 reb4 reb4

C:/Users/Navid/AppData/Local/Temp/tmp4ses90ky/render.ly:11:10: error: not a note name: reb
    reb4 
         reb4 reb4 reb4

C:/Users/Navid/AppData/Local/Temp/tmp4ses90ky/render.ly:11:15: error: not a note name: reb
    reb4 reb4 
              reb4 reb4

C:/Users/Navid/AppData/Local/Temp/tmp4ses90ky/render.ly:11:20: error: not a note name: reb
    reb4 reb4 reb4 
                   reb4

C:/Users/Navid/AppData/Local/Temp/tmp4ses90ky/render.ly:12:5: error: not a note name: fa
    
    fa4 fa4 fa4 fa4

C:/Users/Navid/AppData/Local/Temp/tmp4ses90ky/render.ly:12:9: error: not a note name: fa
    fa4 
        fa4 fa4 fa4

C:/Users/Navid/AppData/Local/Temp/tmp4ses90ky/render.ly:12:13: error: not a note name: fa
    fa4 fa4 
            fa4 fa4

C:/Users/Navid/AppData/Local/Temp/tmp4ses90ky/render.ly:12:17: error: not a note name: fa
    fa4 fa4 fa4 
                fa4

C:/Users/Navid/AppData/Local/Temp/tmp4ses90ky/render.ly:14:5: error: not a note name: sol
    
    sol4 la4 reb4 re'4

C:/Users/Navid/AppData/Local/Temp/tmp4ses90ky/render.ly:14:10: error: not a note name: la
    sol4 
         la4 reb4 re'4

C:/Users/Navid/AppData/Local/Temp/tmp4ses90ky/render.ly:14:14: error: not a note name: reb
    sol4 la4 
             reb4 re'4

C:/Users/Navid/AppData/Local/Temp/tmp4ses90ky/render.ly:14:19: error: not a note name: re
    sol4 la4 reb4 
                  re'4

C:/Users/Navid/AppData/Local/Temp/tmp4ses90ky/render.ly:14:21: error: syntax error, unexpected '\''
    sol4 la4 reb4 re
                    '4

C:/Users/Navid/AppData/Local/Temp/tmp4ses90ky/render.ly:15:5: error: not a note name: sib
    
    sib4 re'4 la4 sol4

C:/Users/Navid/AppData/Local/Temp/tmp4ses90ky/render.ly:15:10: error: not a note name: re
    sib4 
         re'4 la4 sol4

C:/Users/Navid/AppData/Local/Temp/tmp4ses90ky/render.ly:15:12: error: syntax error, unexpected '\''
    sib4 re
           '4 la4 sol4

C:/Users/Navid/AppData/Local/Temp/tmp4ses90ky/render.ly:15:15: error: not a note name: la
    sib4 re'4 
              la4 sol4

C:/Users/Navid/AppData/Local/Temp/tmp4ses90ky/render.ly:15:19: error: not a note name: sol
    sib4 re'4 la4 
                  sol4

C:/Users/Navid/AppData/Local/Temp/tmp4ses90ky/render.ly:16:5: error: not a note name: re
    
    re'4 la4 sol4 sib4

C:/Users/Navid/AppData/Local/Temp/tmp4ses90ky/render.ly:16:7: error: syntax error, unexpected '\''
    re
      '4 la4 sol4 sib4

C:/Users/Navid/AppData/Local/Temp/tmp4ses90ky/render.ly:16:10: error: not a note name: la
    re'4 
         la4 sol4 sib4

C:/Users/Navid/AppData/Local/Temp/tmp4ses90ky/render.ly:16:14: error: not a note name: sol
    re'4 la4 
             sol4 sib4

C:/Users/Navid/AppData/Local/Temp/tmp4ses90ky/render.ly:16:19: error: not a note name: sib
    re'4 la4 sol4 
                  sib4

C:/Users/Navid/AppData/Local/Temp/tmp4ses90ky/render.ly:17:5: error: not a note name: re
    
    re'4 la4 sol4 re'4

C:/Users/Navid/AppData/Local/Temp/tmp4ses90ky/render.ly:17:7: error: syntax error, unexpected '\''
    re
      '4 la4 sol4 re'4

C:/Users/Navid/AppData/Local/Temp/tmp4ses90ky/render.ly:17:10: error: not a note name: la
    re'4 
         la4 sol4 re'4

C:/Users/Navid/AppData/Local/Temp/tmp4ses90ky/render.ly:17:14: error: not a note name: sol
    re'4 la4 
             sol4 re'4

C:/Users/Navid/AppData/Local/Temp/tmp4ses90ky/render.ly:17:19: error: not a note name: re
    re'4 la4 sol4 
                  re'4

C:/Users/Navid/AppData/Local/Temp/tmp4ses90ky/render.ly:17:21: error: syntax error, unexpected '\''
    re'4 la4 sol4 re
                    '4

C:/Users/Navid/AppData/Local/Temp/tmp4ses90ky/render.ly:20:7: error: not a note name: re
      
      re4 re4 re4 re4

C:/Users/Navid/AppData/Local/Temp/tmp4ses90ky/render.ly:20:11: error: not a note name: re
      re4 
          re4 re4 re4

C:/Users/Navid/AppData/Local/Temp/tmp4ses90ky/render.ly:20:15: error: not a note name: re
      re4 re4 
              re4 re4

C:/Users/Navid/AppData/Local/Temp/tmp4ses90ky/render.ly:20:19: error: not a note name: re
      re4 re4 re4 
                  re4

C:/Users/Navid/AppData/Local/Temp/tmp4ses90ky/render.ly:21:7: error: not a note name: re
      
      re4 re4 re4 re4

C:/Users/Navid/AppData/Local/Temp/tmp4ses90ky/render.ly:21:11: error: not a note name: re
      re4 
          re4 re4 re4

C:/Users/Navid/AppData/Local/Temp/tmp4ses90ky/render.ly:21:15: error: not a note name: re
      re4 re4 
              re4 re4

C:/Users/Navid/AppData/Local/Temp/tmp4ses90ky/render.ly:21:19: error: not a note name: re
      re4 re4 re4 
                  re4

C:/Users/Navid/AppData/Local/Temp/tmp4ses90ky/render.ly:5:3: error: errors found, ignoring music expression
  
  \new Staff {

fatal error: failed files: "C:\\Users\\Navid\\AppData\\Local\\Temp\\tmp4ses90ky\\render.ly"

