[lilypond_failed] cmd: C:\lilypond-2.24.4-mingw-x86_64\lilypond-2.24.4\bin\lilypond.exe -dno-point-and-click -o C:\Users\Navid\AppData\Local\Temp\tmpqvtftm7c\render C:\Users\Navid\AppData\Local\Temp\tmpqvtftm7c\render.ly
returncode: 1

STDOUT:


STDERR:
Changing working directory to: `C:/Users/Navid/AppData/Local/Temp/tmpqvtftm7c'
Processing `C:/Users/Navid/AppData/Local/Temp/tmpqvtftm7c/render.ly'
Parsing...
C:/Users/Navid/AppData/Local/Temp/tmpqvtftm7c/render.ly:6:10: error: wrong type for argument 1.  Expecting pitch, found "sib"
    \key 
         sib \major

C:/Users/Navid/AppData/Local/Temp/tmpqvtftm7c/render.ly:8:5: error: not a note name: sib
    
    sib'8 sib'8 reb'8 sib'8

C:/Users/Navid/AppData/Local/Temp/tmpqvtftm7c/render.ly:8:8: error: syntax error, unexpected '\''
    sib
       '8 sib'8 reb'8 sib'8

C:/Users/Navid/AppData/Local/Temp/tmpqvtftm7c/render.ly:8:11: error: not a note name: sib
    sib'8 
          sib'8 reb'8 sib'8

C:/Users/Navid/AppData/Local/Temp/tmpqvtftm7c/render.ly:8:17: error: not a note name: reb
    sib'8 sib'8 
                reb'8 sib'8

C:/Users/Navid/AppData/Local/Temp/tmpqvtftm7c/render.ly:8:23: error: not a note name: sib
    sib'8 sib'8 reb'8 
                      sib'8

C:/Users/Navid/AppData/Local/Temp/tmpqvtftm7c/render.ly:9:5: error: not a note name: re
    
    re'8 reb'8 sib'8 reb'8

C:/Users/Navid/AppData/Local/Temp/tmpqvtftm7c/render.ly:9:10: error: not a note name: reb
    re'8 
         reb'8 sib'8 reb'8

C:/Users/Navid/AppData/Local/Temp/tmpqvtftm7c/render.ly:9:16: error: not a note name: sib
    re'8 reb'8 
               sib'8 reb'8

C:/Users/Navid/AppData/Local/Temp/tmpqvtftm7c/render.ly:9:22: error: not a note name: reb
    re'8 reb'8 sib'8 
                     reb'8

C:/Users/Navid/AppData/Local/Temp/tmpqvtftm7c/render.ly:10:5: error: not a note name: la
    
    la'8 la'8 la'8 la'8

C:/Users/Navid/AppData/Local/Temp/tmpqvtftm7c/render.ly:10:10: error: not a note name: la
    la'8 
         la'8 la'8 la'8

C:/Users/Navid/AppData/Local/Temp/tmpqvtftm7c/render.ly:10:15: error: not a note name: la
    la'8 la'8 
              la'8 la'8

C:/Users/Navid/AppData/Local/Temp/tmpqvtftm7c/render.ly:10:20: error: not a note name: la
    la'8 la'8 la'8 
                   la'8

C:/Users/Navid/AppData/Local/Temp/tmpqvtftm7c/render.ly:11:5: error: not a note name: sol
    
    sol'8 si'8 sol'8 si'8

C:/Users/Navid/AppData/Local/Temp/tmpqvtftm7c/render.ly:11:11: error: not a note name: si
    sol'8 
          si'8 sol'8 si'8

C:/Users/Navid/AppData/Local/Temp/tmpqvtftm7c/render.ly:11:16: error: not a note name: sol
    sol'8 si'8 
               sol'8 si'8

C:/Users/Navid/AppData/Local/Temp/tmpqvtftm7c/render.ly:11:22: error: not a note name: si
    sol'8 si'8 sol'8 
                     si'8

C:/Users/Navid/AppData/Local/Temp/tmpqvtftm7c/render.ly:15:5: error: not a note name: sib
    
    sib'4 la'8 la'8 sol'8 sol'8

C:/Users/Navid/AppData/Local/Temp/tmpqvtftm7c/render.ly:15:8: error: syntax error, unexpected '\''
    sib
       '4 la'8 la'8 sol'8 sol'8

C:/Users/Navid/AppData/Local/Temp/tmpqvtftm7c/render.ly:15:11: error: not a note name: la
    sib'4 
          la'8 la'8 sol'8 sol'8

C:/Users/Navid/AppData/Local/Temp/tmpqvtftm7c/render.ly:15:16: error: not a note name: la
    sib'4 la'8 
               la'8 sol'8 sol'8

C:/Users/Navid/AppData/Local/Temp/tmpqvtftm7c/render.ly:15:21: error: not a note name: sol
    sib'4 la'8 la'8 
                    sol'8 sol'8

C:/Users/Navid/AppData/Local/Temp/tmpqvtftm7c/render.ly:15:27: error: not a note name: sol
    sib'4 la'8 la'8 sol'8 
                          sol'8

C:/Users/Navid/AppData/Local/Temp/tmpqvtftm7c/render.ly:16:5: error: not a note name: reb
    
    reb'8 re'8 sib'8 reb'8

C:/Users/Navid/AppData/Local/Temp/tmpqvtftm7c/render.ly:16:11: error: not a note name: re
    reb'8 
          re'8 sib'8 reb'8

C:/Users/Navid/AppData/Local/Temp/tmpqvtftm7c/render.ly:16:16: error: not a note name: sib
    reb'8 re'8 
               sib'8 reb'8

C:/Users/Navid/AppData/Local/Temp/tmpqvtftm7c/render.ly:16:22: error: not a note name: reb
    reb'8 re'8 sib'8 
                     reb'8

C:/Users/Navid/AppData/Local/Temp/tmpqvtftm7c/render.ly:17:5: error: not a note name: la
    
    la'4 sol'8 la'8 sol'8 la'8

C:/Users/Navid/AppData/Local/Temp/tmpqvtftm7c/render.ly:17:10: error: not a note name: sol
    la'4 
         sol'8 la'8 sol'8 la'8

C:/Users/Navid/AppData/Local/Temp/tmpqvtftm7c/render.ly:17:16: error: not a note name: la
    la'4 sol'8 
               la'8 sol'8 la'8

C:/Users/Navid/AppData/Local/Temp/tmpqvtftm7c/render.ly:17:21: error: not a note name: sol
    la'4 sol'8 la'8 
                    sol'8 la'8

C:/Users/Navid/AppData/Local/Temp/tmpqvtftm7c/render.ly:17:27: error: not a note name: la
    la'4 sol'8 la'8 sol'8 
                          la'8

C:/Users/Navid/AppData/Local/Temp/tmpqvtftm7c/render.ly:19:8: error: not a note name: sib
    r4 
       sib'8 sib'8 reb'8 sib'8

C:/Users/Navid/AppData/Local/Temp/tmpqvtftm7c/render.ly:19:11: error: syntax error, unexpected '\''
    r4 sib
          '8 sib'8 reb'8 sib'8

C:/Users/Navid/AppData/Local/Temp/tmpqvtftm7c/render.ly:19:14: error: not a note name: sib
    r4 sib'8 
             sib'8 reb'8 sib'8

C:/Users/Navid/AppData/Local/Temp/tmpqvtftm7c/render.ly:19:20: error: not a note name: reb
    r4 sib'8 sib'8 
                   reb'8 sib'8

C:/Users/Navid/AppData/Local/Temp/tmpqvtftm7c/render.ly:19:26: error: not a note name: sib
    r4 sib'8 sib'8 reb'8 
                         sib'8

C:/Users/Navid/AppData/Local/Temp/tmpqvtftm7c/render.ly:20:5: error: not a note name: re
    
    re'8 reb'8 sib'8 reb'8

C:/Users/Navid/AppData/Local/Temp/tmpqvtftm7c/render.ly:20:10: error: not a note name: reb
    re'8 
         reb'8 sib'8 reb'8

C:/Users/Navid/AppData/Local/Temp/tmpqvtftm7c/render.ly:20:16: error: not a note name: sib
    re'8 reb'8 
               sib'8 reb'8

C:/Users/Navid/AppData/Local/Temp/tmpqvtftm7c/render.ly:20:22: error: not a note name: reb
    re'8 reb'8 sib'8 
                     reb'8

C:/Users/Navid/AppData/Local/Temp/tmpqvtftm7c/render.ly:21:5: error: not a note name: la
    
    la'8 la'8 la'8 la'8

C:/Users/Navid/AppData/Local/Temp/tmpqvtftm7c/render.ly:21:10: error: not a note name: la
    la'8 
         la'8 la'8 la'8

C:/Users/Navid/AppData/Local/Temp/tmpqvtftm7c/render.ly:21:15: error: not a note name: la
    la'8 la'8 
              la'8 la'8

C:/Users/Navid/AppData/Local/Temp/tmpqvtftm7c/render.ly:21:20: error: not a note name: la
    la'8 la'8 la'8 
                   la'8

C:/Users/Navid/AppData/Local/Temp/tmpqvtftm7c/render.ly:22:5: error: not a note name: sol
    
    sol'8 si'8 sol'8 si'8

C:/Users/Navid/AppData/Local/Temp/tmpqvtftm7c/render.ly:22:11: error: not a note name: si
    sol'8 
          si'8 sol'8 si'8

C:/Users/Navid/AppData/Local/Temp/tmpqvtftm7c/render.ly:22:16: error: not a note name: sol
    sol'8 si'8 
               sol'8 si'8

C:/Users/Navid/AppData/Local/Temp/tmpqvtftm7c/render.ly:22:22: error: not a note name: si
    sol'8 si'8 sol'8 
                     si'8

C:/Users/Navid/AppData/Local/Temp/tmpqvtftm7c/render.ly:5:3: error: errors found, ignoring music expression
  
  {

fatal error: failed files: "C:\\Users\\Navid\\AppData\\Local\\Temp\\tmpqvtftm7c\\render.ly"

