[lilypond_failed] cmd: C:\lilypond-2.24.4-mingw-x86_64\lilypond-2.24.4\bin\lilypond.exe -dno-point-and-click -o C:\Users\Navid\AppData\Local\Temp\tmpbyzl5om1\render C:\Users\Navid\AppData\Local\Temp\tmpbyzl5om1\render.ly
returncode: 1

STDOUT:


STDERR:
Changing working directory to: `C:/Users/Navid/AppData/Local/Temp/tmpbyzl5om1'
Processing `C:/Users/Navid/AppData/Local/Temp/tmpbyzl5om1/render.ly'
Parsing...
C:/Users/Navid/AppData/Local/Temp/tmpbyzl5om1/render.ly:8:5: error: not a note name: do
    
    do'4 re' mi' \break

C:/Users/Navid/AppData/Local/Temp/tmpbyzl5om1/render.ly:8:7: error: syntax error, unexpected '\''
    do
      '4 re' mi' \break

C:/Users/Navid/AppData/Local/Temp/tmpbyzl5om1/render.ly:8:10: error: not a note name: re
    do'4 
         re' mi' \break

C:/Users/Navid/AppData/Local/Temp/tmpbyzl5om1/render.ly:8:14: error: not a note name: mi
    do'4 re' 
             mi' \break

C:/Users/Navid/AppData/Local/Temp/tmpbyzl5om1/render.ly:9:5: error: not a note name: sol
    
    sol'4 la' si' \break

C:/Users/Navid/AppData/Local/Temp/tmpbyzl5om1/render.ly:9:11: error: not a note name: la
    sol'4 
          la' si' \break

C:/Users/Navid/AppData/Local/Temp/tmpbyzl5om1/render.ly:9:15: error: not a note name: si
    sol'4 la' 
              si' \break

C:/Users/Navid/AppData/Local/Temp/tmpbyzl5om1/render.ly:10:5: error: not a note name: re
    
    re''4 mi'' fa'' \break

C:/Users/Navid/AppData/Local/Temp/tmpbyzl5om1/render.ly:10:11: error: not a note name: mi
    re''4 
          mi'' fa'' \break

C:/Users/Navid/AppData/Local/Temp/tmpbyzl5om1/render.ly:10:16: error: not a note name: fa
    re''4 mi'' 
               fa'' \break

C:/Users/Navid/AppData/Local/Temp/tmpbyzl5om1/render.ly:11:5: error: not a note name: sol
    
    sol''4 la'' si'' \break

C:/Users/Navid/AppData/Local/Temp/tmpbyzl5om1/render.ly:11:12: error: not a note name: la
    sol''4 
           la'' si'' \break

C:/Users/Navid/AppData/Local/Temp/tmpbyzl5om1/render.ly:11:17: error: not a note name: si
    sol''4 la'' 
                si'' \break

C:/Users/Navid/AppData/Local/Temp/tmpbyzl5om1/render.ly:12:5: error: not a note name: re
    
    re''4 re'' re'' \break

C:/Users/Navid/AppData/Local/Temp/tmpbyzl5om1/render.ly:12:11: error: not a note name: re
    re''4 
          re'' re'' \break

C:/Users/Navid/AppData/Local/Temp/tmpbyzl5om1/render.ly:12:16: error: not a note name: re
    re''4 re'' 
               re'' \break

C:/Users/Navid/AppData/Local/Temp/tmpbyzl5om1/render.ly:13:5: error: not a note name: la
    
    la''4 la'' la'' \break

C:/Users/Navid/AppData/Local/Temp/tmpbyzl5om1/render.ly:13:11: error: not a note name: la
    la''4 
          la'' la'' \break

C:/Users/Navid/AppData/Local/Temp/tmpbyzl5om1/render.ly:13:16: error: not a note name: la
    la''4 la'' 
               la'' \break

C:/Users/Navid/AppData/Local/Temp/tmpbyzl5om1/render.ly:14:5: error: not a note name: do
    
    do''4 re'' mi'' \break

C:/Users/Navid/AppData/Local/Temp/tmpbyzl5om1/render.ly:14:11: error: not a note name: re
    do''4 
          re'' mi'' \break

C:/Users/Navid/AppData/Local/Temp/tmpbyzl5om1/render.ly:14:16: error: not a note name: mi
    do''4 re'' 
               mi'' \break

C:/Users/Navid/AppData/Local/Temp/tmpbyzl5om1/render.ly:15:5: error: not a note name: sol
    
    sol''4 la'' si'' \break

C:/Users/Navid/AppData/Local/Temp/tmpbyzl5om1/render.ly:15:12: error: not a note name: la
    sol''4 
           la'' si'' \break

C:/Users/Navid/AppData/Local/Temp/tmpbyzl5om1/render.ly:15:17: error: not a note name: si
    sol''4 la'' 
                si'' \break

C:/Users/Navid/AppData/Local/Temp/tmpbyzl5om1/render.ly:16:5: error: not a note name: re
    
    re''4 mi'' fa'' \break

C:/Users/Navid/AppData/Local/Temp/tmpbyzl5om1/render.ly:16:11: error: not a note name: mi
    re''4 
          mi'' fa'' \break

C:/Users/Navid/AppData/Local/Temp/tmpbyzl5om1/render.ly:16:16: error: not a note name: fa
    re''4 mi'' 
               fa'' \break

C:/Users/Navid/AppData/Local/Temp/tmpbyzl5om1/render.ly:17:5: error: not a note name: sol
    
    sol''4 la'' re'' \break

C:/Users/Navid/AppData/Local/Temp/tmpbyzl5om1/render.ly:17:12: error: not a note name: la
    sol''4 
           la'' re'' \break

C:/Users/Navid/AppData/Local/Temp/tmpbyzl5om1/render.ly:17:17: error: not a note name: re
    sol''4 la'' 
                re'' \break

C:/Users/Navid/AppData/Local/Temp/tmpbyzl5om1/render.ly:18:5: error: not a note name: fad
    
    fad'8 re'8 mi'4 \break

C:/Users/Navid/AppData/Local/Temp/tmpbyzl5om1/render.ly:18:11: error: not a note name: re
    fad'8 
          re'8 mi'4 \break

C:/Users/Navid/AppData/Local/Temp/tmpbyzl5om1/render.ly:18:16: error: not a note name: mi
    fad'8 re'8 
               mi'4 \break

C:/Users/Navid/AppData/Local/Temp/tmpbyzl5om1/render.ly:19:5: error: not a note name: re
    
    re''8 re''8 re''4 \bar "|."

C:/Users/Navid/AppData/Local/Temp/tmpbyzl5om1/render.ly:19:7: error: syntax error, unexpected '\''
    re
      ''8 re''8 re''4 \bar "|."

C:/Users/Navid/AppData/Local/Temp/tmpbyzl5om1/render.ly:19:11: error: not a note name: re
    re''8 
          re''8 re''4 \bar "|."

C:/Users/Navid/AppData/Local/Temp/tmpbyzl5om1/render.ly:19:17: error: not a note name: re
    re''8 re''8 
                re''4 \bar "|."

C:/Users/Navid/AppData/Local/Temp/tmpbyzl5om1/render.ly:5:3: error: errors found, ignoring music expression
  
  \new Staff {

fatal error: failed files: "C:\\Users\\Navid\\AppData\\Local\\Temp\\tmpbyzl5om1\\render.ly"

