[lilypond_failed] cmd: C:\lilypond-2.24.4-mingw-x86_64\lilypond-2.24.4\bin\lilypond.exe -dno-point-and-click -o C:\Users\Navid\AppData\Local\Temp\tmp3t0j7hsc\render C:\Users\Navid\AppData\Local\Temp\tmp3t0j7hsc\render.ly
returncode: 1

STDOUT:


STDERR:
Changing working directory to: `C:/Users/Navid/AppData/Local/Temp/tmp3t0j7hsc'
Processing `C:/Users/Navid/AppData/Local/Temp/tmp3t0j7hsc/render.ly'
Parsing...
C:/Users/Navid/AppData/Local/Temp/tmp3t0j7hsc/render.ly:7:3: error: Spurious expression in \score
  
  {

Interpreting music...
C:/Users/Navid/AppData/Local/Temp/tmp3t0j7hsc/render.ly:6:3: warning: skipping zero-duration score
  
  \key sib \major

C:/Users/Navid/AppData/Local/Temp/tmp3t0j7hsc/render.ly:6:3: warning: to suppress this, consider adding a spacer rest
  
  \key sib \major

Interpreting music...
C:/Users/Navid/AppData/Local/Temp/tmp3t0j7hsc/render.ly:6:3: warning: skipping zero-duration score
  
  \key sib \major

C:/Users/Navid/AppData/Local/Temp/tmp3t0j7hsc/render.ly:6:3: warning: to suppress this, consider adding a spacer rest
  
  \key sib \major

fatal error: failed files: "C:\\Users\\Navid\\AppData\\Local\\Temp\\tmp3t0j7hsc\\render.ly"

