[lilypond_failed] cmd: C:\lilypond-2.24.4-mingw-x86_64\lilypond-2.24.4\bin\lilypond.exe -dno-point-and-click -o C:\Users\Navid\AppData\Local\Temp\tmp52q7opbl\render C:\Users\Navid\AppData\Local\Temp\tmp52q7opbl\render.ly
returncode: 1

STDOUT:


STDERR:
Changing working directory to: `C:/Users/Navid/AppData/Local/Temp/tmp52q7opbl'
Processing `C:/Users/Navid/AppData/Local/Temp/tmp52q7opbl/render.ly'
Parsing...
C:/Users/Navid/AppData/Local/Temp/tmp52q7opbl/render.ly:7:10: error: wrong type for argument 1.  Expecting pitch, found "sib"
    \key 
         sib \major

C:/Users/Navid/AppData/Local/Temp/tmp52q7opbl/render.ly:12:5: error: not a note name: sol
    
    sol''8 la''8 si''8 re''8 |

C:/Users/Navid/AppData/Local/Temp/tmp52q7opbl/render.ly:12:8: error: syntax error, unexpected '\''
    sol
       ''8 la''8 si''8 re''8 |

C:/Users/Navid/AppData/Local/Temp/tmp52q7opbl/render.ly:12:12: error: not a note name: la
    sol''8 
           la''8 si''8 re''8 |

C:/Users/Navid/AppData/Local/Temp/tmp52q7opbl/render.ly:12:18: error: not a note name: si
    sol''8 la''8 
                 si''8 re''8 |

C:/Users/Navid/AppData/Local/Temp/tmp52q7opbl/render.ly:12:24: error: not a note name: re
    sol''8 la''8 si''8 
                       re''8 |

C:/Users/Navid/AppData/Local/Temp/tmp52q7opbl/render.ly:13:5: error: not a note name: mi
    
    mi''8 fa''8 sol''8 la''8 |

C:/Users/Navid/AppData/Local/Temp/tmp52q7opbl/render.ly:13:7: error: syntax error, unexpected '\''
    mi
      ''8 fa''8 sol''8 la''8 |

C:/Users/Navid/AppData/Local/Temp/tmp52q7opbl/render.ly:13:11: error: not a note name: fa
    mi''8 
          fa''8 sol''8 la''8 |

C:/Users/Navid/AppData/Local/Temp/tmp52q7opbl/render.ly:13:17: error: not a note name: sol
    mi''8 fa''8 
                sol''8 la''8 |

C:/Users/Navid/AppData/Local/Temp/tmp52q7opbl/render.ly:13:24: error: not a note name: la
    mi''8 fa''8 sol''8 
                       la''8 |

C:/Users/Navid/AppData/Local/Temp/tmp52q7opbl/render.ly:14:5: error: not a note name: si
    
    si''8 sol''8 re''8 mi''8 |

C:/Users/Navid/AppData/Local/Temp/tmp52q7opbl/render.ly:14:7: error: syntax error, unexpected '\''
    si
      ''8 sol''8 re''8 mi''8 |

C:/Users/Navid/AppData/Local/Temp/tmp52q7opbl/render.ly:14:11: error: not a note name: sol
    si''8 
          sol''8 re''8 mi''8 |

C:/Users/Navid/AppData/Local/Temp/tmp52q7opbl/render.ly:14:18: error: not a note name: re
    si''8 sol''8 
                 re''8 mi''8 |

C:/Users/Navid/AppData/Local/Temp/tmp52q7opbl/render.ly:14:24: error: not a note name: mi
    si''8 sol''8 re''8 
                       mi''8 |

C:/Users/Navid/AppData/Local/Temp/tmp52q7opbl/render.ly:15:5: error: not a note name: fa
    
    fa''8 sol''8 la''8 re''8 |

C:/Users/Navid/AppData/Local/Temp/tmp52q7opbl/render.ly:15:7: error: syntax error, unexpected '\''
    fa
      ''8 sol''8 la''8 re''8 |

C:/Users/Navid/AppData/Local/Temp/tmp52q7opbl/render.ly:15:11: error: not a note name: sol
    fa''8 
          sol''8 la''8 re''8 |

C:/Users/Navid/AppData/Local/Temp/tmp52q7opbl/render.ly:15:18: error: not a note name: la
    fa''8 sol''8 
                 la''8 re''8 |

C:/Users/Navid/AppData/Local/Temp/tmp52q7opbl/render.ly:15:24: error: not a note name: re
    fa''8 sol''8 la''8 
                       re''8 |

C:/Users/Navid/AppData/Local/Temp/tmp52q7opbl/render.ly:17:11: error: not a note name: sib
    R4 r8 
          sib'8 |

C:/Users/Navid/AppData/Local/Temp/tmp52q7opbl/render.ly:17:14: error: syntax error, unexpected '\''
    R4 r8 sib
             '8 |

C:/Users/Navid/AppData/Local/Temp/tmp52q7opbl/render.ly:18:5: error: not a note name: reb
    
    reb'8 mib'8 fab'8 solb'8 |

C:/Users/Navid/AppData/Local/Temp/tmp52q7opbl/render.ly:18:8: error: syntax error, unexpected '\''
    reb
       '8 mib'8 fab'8 solb'8 |

C:/Users/Navid/AppData/Local/Temp/tmp52q7opbl/render.ly:18:11: error: not a note name: mib
    reb'8 
          mib'8 fab'8 solb'8 |

C:/Users/Navid/AppData/Local/Temp/tmp52q7opbl/render.ly:18:17: error: not a note name: fab
    reb'8 mib'8 
                fab'8 solb'8 |

C:/Users/Navid/AppData/Local/Temp/tmp52q7opbl/render.ly:18:23: error: not a note name: solb
    reb'8 mib'8 fab'8 
                      solb'8 |

C:/Users/Navid/AppData/Local/Temp/tmp52q7opbl/render.ly:19:5: error: not a note name: lab
    
    lab'8 sib'8 reb'8 mib'8 |

C:/Users/Navid/AppData/Local/Temp/tmp52q7opbl/render.ly:19:8: error: syntax error, unexpected '\''
    lab
       '8 sib'8 reb'8 mib'8 |

C:/Users/Navid/AppData/Local/Temp/tmp52q7opbl/render.ly:19:11: error: not a note name: sib
    lab'8 
          sib'8 reb'8 mib'8 |

C:/Users/Navid/AppData/Local/Temp/tmp52q7opbl/render.ly:19:17: error: not a note name: reb
    lab'8 sib'8 
                reb'8 mib'8 |

C:/Users/Navid/AppData/Local/Temp/tmp52q7opbl/render.ly:19:23: error: not a note name: mib
    lab'8 sib'8 reb'8 
                      mib'8 |

C:/Users/Navid/AppData/Local/Temp/tmp52q7opbl/render.ly:20:5: error: not a note name: fab
    
    fab'8 solb'8 lab'8 sib'8 |

C:/Users/Navid/AppData/Local/Temp/tmp52q7opbl/render.ly:20:8: error: syntax error, unexpected '\''
    fab
       '8 solb'8 lab'8 sib'8 |

C:/Users/Navid/AppData/Local/Temp/tmp52q7opbl/render.ly:20:11: error: not a note name: solb
    fab'8 
          solb'8 lab'8 sib'8 |

C:/Users/Navid/AppData/Local/Temp/tmp52q7opbl/render.ly:20:18: error: not a note name: lab
    fab'8 solb'8 
                 lab'8 sib'8 |

C:/Users/Navid/AppData/Local/Temp/tmp52q7opbl/render.ly:20:24: error: not a note name: sib
    fab'8 solb'8 lab'8 
                       sib'8 |

C:/Users/Navid/AppData/Local/Temp/tmp52q7opbl/render.ly:22:11: error: not a note name: sib
    r4 r8 
          sib''8 |

C:/Users/Navid/AppData/Local/Temp/tmp52q7opbl/render.ly:22:14: error: syntax error, unexpected '\''
    r4 r8 sib
             ''8 |

C:/Users/Navid/AppData/Local/Temp/tmp52q7opbl/render.ly:23:5: error: not a note name: reb
    
    reb''8 mib''8 fab''8 solb''8 |

C:/Users/Navid/AppData/Local/Temp/tmp52q7opbl/render.ly:23:8: error: syntax error, unexpected '\''
    reb
       ''8 mib''8 fab''8 solb''8 |

C:/Users/Navid/AppData/Local/Temp/tmp52q7opbl/render.ly:23:12: error: not a note name: mib
    reb''8 
           mib''8 fab''8 solb''8 |

C:/Users/Navid/AppData/Local/Temp/tmp52q7opbl/render.ly:23:19: error: not a note name: fab
    reb''8 mib''8 
                  fab''8 solb''8 |

C:/Users/Navid/AppData/Local/Temp/tmp52q7opbl/render.ly:23:26: error: not a note name: solb
    reb''8 mib''8 fab''8 
                         solb''8 |

C:/Users/Navid/AppData/Local/Temp/tmp52q7opbl/render.ly:24:5: error: not a note name: lab
    
    lab''8 sib''8 reb''8 mib''8 |

C:/Users/Navid/AppData/Local/Temp/tmp52q7opbl/render.ly:24:8: error: syntax error, unexpected '\''
    lab
       ''8 sib''8 reb''8 mib''8 |

C:/Users/Navid/AppData/Local/Temp/tmp52q7opbl/render.ly:24:12: error: not a note name: sib
    lab''8 
           sib''8 reb''8 mib''8 |

C:/Users/Navid/AppData/Local/Temp/tmp52q7opbl/render.ly:24:19: error: not a note name: reb
    lab''8 sib''8 
                  reb''8 mib''8 |

C:/Users/Navid/AppData/Local/Temp/tmp52q7opbl/render.ly:24:26: error: not a note name: mib
    lab''8 sib''8 reb''8 
                         mib''8 |

C:/Users/Navid/AppData/Local/Temp/tmp52q7opbl/render.ly:25:5: error: not a note name: fab
    
    fab''8 solb''8 lab''8 sib''8 |

C:/Users/Navid/AppData/Local/Temp/tmp52q7opbl/render.ly:25:8: error: syntax error, unexpected '\''
    fab
       ''8 solb''8 lab''8 sib''8 |

C:/Users/Navid/AppData/Local/Temp/tmp52q7opbl/render.ly:25:12: error: not a note name: solb
    fab''8 
           solb''8 lab''8 sib''8 |

C:/Users/Navid/AppData/Local/Temp/tmp52q7opbl/render.ly:25:20: error: not a note name: lab
    fab''8 solb''8 
                   lab''8 sib''8 |

C:/Users/Navid/AppData/Local/Temp/tmp52q7opbl/render.ly:25:27: error: not a note name: sib
    fab''8 solb''8 lab''8 
                          sib''8 |

C:/Users/Navid/AppData/Local/Temp/tmp52q7opbl/render.ly:5:3: error: errors found, ignoring music expression
  
  \new Staff {

fatal error: failed files: "C:\\Users\\Navid\\AppData\\Local\\Temp\\tmp52q7opbl\\render.ly"

