[lilypond_failed] cmd: C:\lilypond-2.24.4-mingw-x86_64\lilypond-2.24.4\bin\lilypond.exe -dno-point-and-click -o C:\Users\Navid\AppData\Local\Temp\tmpxyqwowfn\render C:\Users\Navid\AppData\Local\Temp\tmpxyqwowfn\render.ly
returncode: 1

STDOUT:


STDERR:
Changing working directory to: `C:/Users/Navid/AppData/Local/Temp/tmpxyqwowfn'
Processing `C:/Users/Navid/AppData/Local/Temp/tmpxyqwowfn/render.ly'
Parsing...
C:/Users/Navid/AppData/Local/Temp/tmpxyqwowfn/render.ly:6:10: error: wrong type for argument 1.  Expecting pitch, found "mi"
    \key 
         mi \minor

C:/Users/Navid/AppData/Local/Temp/tmpxyqwowfn/render.ly:9:5: error: not a note name: mi
    
    mi8[ re si mi] re8[ fa sol mi]

C:/Users/Navid/AppData/Local/Temp/tmpxyqwowfn/render.ly:9:10: error: not a note name: re
    mi8[ 
         re si mi] re8[ fa sol mi]

C:/Users/Navid/AppData/Local/Temp/tmpxyqwowfn/render.ly:9:13: error: not a note name: si
    mi8[ re 
            si mi] re8[ fa sol mi]

C:/Users/Navid/AppData/Local/Temp/tmpxyqwowfn/render.ly:9:16: error: not a note name: mi
    mi8[ re si 
               mi] re8[ fa sol mi]

C:/Users/Navid/AppData/Local/Temp/tmpxyqwowfn/render.ly:9:20: error: not a note name: re
    mi8[ re si mi] 
                   re8[ fa sol mi]

C:/Users/Navid/AppData/Local/Temp/tmpxyqwowfn/render.ly:9:25: error: not a note name: fa
    mi8[ re si mi] re8[ 
                        fa sol mi]

C:/Users/Navid/AppData/Local/Temp/tmpxyqwowfn/render.ly:9:28: error: not a note name: sol
    mi8[ re si mi] re8[ fa 
                           sol mi]

C:/Users/Navid/AppData/Local/Temp/tmpxyqwowfn/render.ly:9:32: error: not a note name: mi
    mi8[ re si mi] re8[ fa sol 
                               mi]

C:/Users/Navid/AppData/Local/Temp/tmpxyqwowfn/render.ly:10:5: error: not a note name: sol
    
    sol4 re4

C:/Users/Navid/AppData/Local/Temp/tmpxyqwowfn/render.ly:10:10: error: not a note name: re
    sol4 
         re4

C:/Users/Navid/AppData/Local/Temp/tmpxyqwowfn/render.ly:12:5: error: not a note name: re
    
    re4 mi re mi

C:/Users/Navid/AppData/Local/Temp/tmpxyqwowfn/render.ly:12:9: error: not a note name: mi
    re4 
        mi re mi

C:/Users/Navid/AppData/Local/Temp/tmpxyqwowfn/render.ly:12:12: error: not a note name: re
    re4 mi 
           re mi

C:/Users/Navid/AppData/Local/Temp/tmpxyqwowfn/render.ly:12:15: error: not a note name: mi
    re4 mi re 
              mi

C:/Users/Navid/AppData/Local/Temp/tmpxyqwowfn/render.ly:13:5: error: not a note name: si
    
    si4 la si la

C:/Users/Navid/AppData/Local/Temp/tmpxyqwowfn/render.ly:13:9: error: not a note name: la
    si4 
        la si la

C:/Users/Navid/AppData/Local/Temp/tmpxyqwowfn/render.ly:13:12: error: not a note name: si
    si4 la 
           si la

C:/Users/Navid/AppData/Local/Temp/tmpxyqwowfn/render.ly:13:15: error: not a note name: la
    si4 la si 
              la

C:/Users/Navid/AppData/Local/Temp/tmpxyqwowfn/render.ly:15:7: error: not a note name: mi
      
      mi8[ re si mi] re8[ fa sol mi]

C:/Users/Navid/AppData/Local/Temp/tmpxyqwowfn/render.ly:15:12: error: not a note name: re
      mi8[ 
           re si mi] re8[ fa sol mi]

C:/Users/Navid/AppData/Local/Temp/tmpxyqwowfn/render.ly:15:15: error: not a note name: si
      mi8[ re 
              si mi] re8[ fa sol mi]

C:/Users/Navid/AppData/Local/Temp/tmpxyqwowfn/render.ly:15:18: error: not a note name: mi
      mi8[ re si 
                 mi] re8[ fa sol mi]

C:/Users/Navid/AppData/Local/Temp/tmpxyqwowfn/render.ly:15:22: error: not a note name: re
      mi8[ re si mi] 
                     re8[ fa sol mi]

C:/Users/Navid/AppData/Local/Temp/tmpxyqwowfn/render.ly:15:27: error: not a note name: fa
      mi8[ re si mi] re8[ 
                          fa sol mi]

C:/Users/Navid/AppData/Local/Temp/tmpxyqwowfn/render.ly:15:30: error: not a note name: sol
      mi8[ re si mi] re8[ fa 
                             sol mi]

C:/Users/Navid/AppData/Local/Temp/tmpxyqwowfn/render.ly:15:34: error: not a note name: mi
      mi8[ re si mi] re8[ fa sol 
                                 mi]

C:/Users/Navid/AppData/Local/Temp/tmpxyqwowfn/render.ly:16:7: error: not a note name: sol
      
      sol4 re4

C:/Users/Navid/AppData/Local/Temp/tmpxyqwowfn/render.ly:16:12: error: not a note name: re
      sol4 
           re4

Interpreting music...
C:/Users/Navid/AppData/Local/Temp/tmpxyqwowfn/render.ly:11:5: warning: barcheck failed at: 1/2
    
    R2.*2

[8]
Preprocessing graphical objects...
programming error: Multi measure rest seems misplaced.
continuing, cross fingers
programming error: Trying to interpret a non-markup object: ()
continuing, cross fingers
programming error: Multi measure rest seems misplaced.
continuing, cross fingers
Interpreting music...
C:/Users/Navid/AppData/Local/Temp/tmpxyqwowfn/render.ly:11:5: warning: barcheck failed at: 1/2
    
    R2.*2

MIDI output to `render.mid'...
Finding the ideal number of pages...
Fitting music on 1 page...
Drawing systems...
Converting to `render.pdf'...
fatal error: failed files: "C:\\Users\\Navid\\AppData\\Local\\Temp\\tmpxyqwowfn\\render.ly"

