[lilypond_failed] cmd: C:\lilypond-2.24.4-mingw-x86_64\lilypond-2.24.4\bin\lilypond.exe -dno-point-and-click -o C:\Users\Navid\AppData\Local\Temp\tmpxqlr1r04\render C:\Users\Navid\AppData\Local\Temp\tmpxqlr1r04\render.ly
returncode: 1

STDOUT:


STDERR:
Changing working directory to: `C:/Users/Navid/AppData/Local/Temp/tmpxqlr1r04'
Processing `C:/Users/Navid/AppData/Local/Temp/tmpxqlr1r04/render.ly'
Parsing...
C:/Users/Navid/AppData/Local/Temp/tmpxqlr1r04/render.ly:6:10: error: wrong type for argument 1.  Expecting pitch, found "mi"
    \key 
         mi \minor

C:/Users/Navid/AppData/Local/Temp/tmpxqlr1r04/render.ly:9:8: error: not a note name: mi
    r4 
       mi''8. re''16 mi''8 re''8

C:/Users/Navid/AppData/Local/Temp/tmpxqlr1r04/render.ly:9:10: error: syntax error, unexpected '\''
    r4 mi
         ''8. re''16 mi''8 re''8

C:/Users/Navid/AppData/Local/Temp/tmpxqlr1r04/render.ly:9:15: error: not a note name: re
    r4 mi''8. 
              re''16 mi''8 re''8

C:/Users/Navid/AppData/Local/Temp/tmpxqlr1r04/render.ly:9:17: error: syntax error, unexpected '\''
    r4 mi''8. re
                ''16 mi''8 re''8

C:/Users/Navid/AppData/Local/Temp/tmpxqlr1r04/render.ly:9:22: error: not a note name: mi
    r4 mi''8. re''16 
                     mi''8 re''8

C:/Users/Navid/AppData/Local/Temp/tmpxqlr1r04/render.ly:9:28: error: not a note name: re
    r4 mi''8. re''16 mi''8 
                           re''8

C:/Users/Navid/AppData/Local/Temp/tmpxqlr1r04/render.ly:10:5: error: not a note name: sol
    
    sol''4 sol''8. fad''16 sol''8 fa''8

C:/Users/Navid/AppData/Local/Temp/tmpxqlr1r04/render.ly:10:12: error: not a note name: sol
    sol''4 
           sol''8. fad''16 sol''8 fa''8

C:/Users/Navid/AppData/Local/Temp/tmpxqlr1r04/render.ly:10:20: error: not a note name: fad
    sol''4 sol''8. 
                   fad''16 sol''8 fa''8

C:/Users/Navid/AppData/Local/Temp/tmpxqlr1r04/render.ly:10:23: error: syntax error, unexpected '\''
    sol''4 sol''8. fad
                      ''16 sol''8 fa''8

C:/Users/Navid/AppData/Local/Temp/tmpxqlr1r04/render.ly:10:28: error: not a note name: sol
    sol''4 sol''8. fad''16 
                           sol''8 fa''8

C:/Users/Navid/AppData/Local/Temp/tmpxqlr1r04/render.ly:10:35: error: not a note name: fa
    sol''4 sol''8. fad''16 sol''8 
                                  fa''8

C:/Users/Navid/AppData/Local/Temp/tmpxqlr1r04/render.ly:11:5: error: not a note name: re
    
    re''8 re''8 re''8 re''8

C:/Users/Navid/AppData/Local/Temp/tmpxqlr1r04/render.ly:11:11: error: not a note name: re
    re''8 
          re''8 re''8 re''8

C:/Users/Navid/AppData/Local/Temp/tmpxqlr1r04/render.ly:11:17: error: not a note name: re
    re''8 re''8 
                re''8 re''8

C:/Users/Navid/AppData/Local/Temp/tmpxqlr1r04/render.ly:11:23: error: not a note name: re
    re''8 re''8 re''8 
                      re''8

C:/Users/Navid/AppData/Local/Temp/tmpxqlr1r04/render.ly:12:5: error: not a note name: mi
    
    mi''8 mi''8 mi''8 mi''8

C:/Users/Navid/AppData/Local/Temp/tmpxqlr1r04/render.ly:12:11: error: not a note name: mi
    mi''8 
          mi''8 mi''8 mi''8

C:/Users/Navid/AppData/Local/Temp/tmpxqlr1r04/render.ly:12:17: error: not a note name: mi
    mi''8 mi''8 
                mi''8 mi''8

C:/Users/Navid/AppData/Local/Temp/tmpxqlr1r04/render.ly:12:23: error: not a note name: mi
    mi''8 mi''8 mi''8 
                      mi''8

C:/Users/Navid/AppData/Local/Temp/tmpxqlr1r04/render.ly:15:5: error: not a note name: mi
    
    mi''8 re''16 mi''16 re''8 mi''8

C:/Users/Navid/AppData/Local/Temp/tmpxqlr1r04/render.ly:15:7: error: syntax error, unexpected '\''
    mi
      ''8 re''16 mi''16 re''8 mi''8

C:/Users/Navid/AppData/Local/Temp/tmpxqlr1r04/render.ly:15:11: error: not a note name: re
    mi''8 
          re''16 mi''16 re''8 mi''8

C:/Users/Navid/AppData/Local/Temp/tmpxqlr1r04/render.ly:15:18: error: not a note name: mi
    mi''8 re''16 
                 mi''16 re''8 mi''8

C:/Users/Navid/AppData/Local/Temp/tmpxqlr1r04/render.ly:15:25: error: not a note name: re
    mi''8 re''16 mi''16 
                        re''8 mi''8

C:/Users/Navid/AppData/Local/Temp/tmpxqlr1r04/render.ly:15:31: error: not a note name: mi
    mi''8 re''16 mi''16 re''8 
                              mi''8

C:/Users/Navid/AppData/Local/Temp/tmpxqlr1r04/render.ly:16:5: error: not a note name: sol
    
    sol''8 fad''16 sol''16 re''8 fa''8

C:/Users/Navid/AppData/Local/Temp/tmpxqlr1r04/render.ly:16:12: error: not a note name: fad
    sol''8 
           fad''16 sol''16 re''8 fa''8

C:/Users/Navid/AppData/Local/Temp/tmpxqlr1r04/render.ly:16:20: error: not a note name: sol
    sol''8 fad''16 
                   sol''16 re''8 fa''8

C:/Users/Navid/AppData/Local/Temp/tmpxqlr1r04/render.ly:16:28: error: not a note name: re
    sol''8 fad''16 sol''16 
                           re''8 fa''8

C:/Users/Navid/AppData/Local/Temp/tmpxqlr1r04/render.ly:16:34: error: not a note name: fa
    sol''8 fad''16 sol''16 re''8 
                                 fa''8

C:/Users/Navid/AppData/Local/Temp/tmpxqlr1r04/render.ly:17:5: error: not a note name: re
    
    re''8 re''8 re''8 re''8

C:/Users/Navid/AppData/Local/Temp/tmpxqlr1r04/render.ly:17:11: error: not a note name: re
    re''8 
          re''8 re''8 re''8

C:/Users/Navid/AppData/Local/Temp/tmpxqlr1r04/render.ly:17:17: error: not a note name: re
    re''8 re''8 
                re''8 re''8

C:/Users/Navid/AppData/Local/Temp/tmpxqlr1r04/render.ly:17:23: error: not a note name: re
    re''8 re''8 re''8 
                      re''8

C:/Users/Navid/AppData/Local/Temp/tmpxqlr1r04/render.ly:18:5: error: not a note name: mi
    
    mi''8 mi''8 mi''8 mi''8

C:/Users/Navid/AppData/Local/Temp/tmpxqlr1r04/render.ly:18:11: error: not a note name: mi
    mi''8 
          mi''8 mi''8 mi''8

C:/Users/Navid/AppData/Local/Temp/tmpxqlr1r04/render.ly:18:17: error: not a note name: mi
    mi''8 mi''8 
                mi''8 mi''8

C:/Users/Navid/AppData/Local/Temp/tmpxqlr1r04/render.ly:18:23: error: not a note name: mi
    mi''8 mi''8 mi''8 
                      mi''8

C:/Users/Navid/AppData/Local/Temp/tmpxqlr1r04/render.ly:21:5: error: not a note name: sol
    
    sol''8 sol''8 sol''8 sol''8

C:/Users/Navid/AppData/Local/Temp/tmpxqlr1r04/render.ly:21:8: error: syntax error, unexpected '\''
    sol
       ''8 sol''8 sol''8 sol''8

C:/Users/Navid/AppData/Local/Temp/tmpxqlr1r04/render.ly:21:12: error: not a note name: sol
    sol''8 
           sol''8 sol''8 sol''8

C:/Users/Navid/AppData/Local/Temp/tmpxqlr1r04/render.ly:21:19: error: not a note name: sol
    sol''8 sol''8 
                  sol''8 sol''8

C:/Users/Navid/AppData/Local/Temp/tmpxqlr1r04/render.ly:21:26: error: not a note name: sol
    sol''8 sol''8 sol''8 
                         sol''8

C:/Users/Navid/AppData/Local/Temp/tmpxqlr1r04/render.ly:22:5: error: not a note name: fad
    
    fad''8 fad''8 fad''8 fad''8

C:/Users/Navid/AppData/Local/Temp/tmpxqlr1r04/render.ly:22:12: error: not a note name: fad
    fad''8 
           fad''8 fad''8 fad''8

C:/Users/Navid/AppData/Local/Temp/tmpxqlr1r04/render.ly:22:19: error: not a note name: fad
    fad''8 fad''8 
                  fad''8 fad''8

C:/Users/Navid/AppData/Local/Temp/tmpxqlr1r04/render.ly:22:26: error: not a note name: fad
    fad''8 fad''8 fad''8 
                         fad''8

C:/Users/Navid/AppData/Local/Temp/tmpxqlr1r04/render.ly:23:5: error: not a note name: sol
    
    sol''8 sol''8 sol''8 sol''8

C:/Users/Navid/AppData/Local/Temp/tmpxqlr1r04/render.ly:23:12: error: not a note name: sol
    sol''8 
           sol''8 sol''8 sol''8

C:/Users/Navid/AppData/Local/Temp/tmpxqlr1r04/render.ly:23:19: error: not a note name: sol
    sol''8 sol''8 
                  sol''8 sol''8

C:/Users/Navid/AppData/Local/Temp/tmpxqlr1r04/render.ly:23:26: error: not a note name: sol
    sol''8 sol''8 sol''8 
                         sol''8

C:/Users/Navid/AppData/Local/Temp/tmpxqlr1r04/render.ly:24:5: error: not a note name: fad
    
    fad''8 fad''8 fad''8 fad''8

C:/Users/Navid/AppData/Local/Temp/tmpxqlr1r04/render.ly:24:12: error: not a note name: fad
    fad''8 
           fad''8 fad''8 fad''8

C:/Users/Navid/AppData/Local/Temp/tmpxqlr1r04/render.ly:24:19: error: not a note name: fad
    fad''8 fad''8 
                  fad''8 fad''8

C:/Users/Navid/AppData/Local/Temp/tmpxqlr1r04/render.ly:24:26: error: not a note name: fad
    fad''8 fad''8 fad''8 
                         fad''8

C:/Users/Navid/AppData/Local/Temp/tmpxqlr1r04/render.ly:5:3: error: errors found, ignoring music expression
  
  \new Staff {

fatal error: failed files: "C:\\Users\\Navid\\AppData\\Local\\Temp\\tmpxqlr1r04\\render.ly"

