[lilypond_failed] cmd: C:\lilypond-2.24.4-mingw-x86_64\lilypond-2.24.4\bin\lilypond.exe -dno-point-and-click -o C:\Users\Navid\AppData\Local\Temp\tmp5p7ss8uh\render C:\Users\Navid\AppData\Local\Temp\tmp5p7ss8uh\render.ly
returncode: 1

STDOUT:


STDERR:
Changing working directory to: `C:/Users/Navid/AppData/Local/Temp/tmp5p7ss8uh'
Processing `C:/Users/Navid/AppData/Local/Temp/tmp5p7ss8uh/render.ly'
Parsing...
C:/Users/Navid/AppData/Local/Temp/tmp5p7ss8uh/render.ly:7:3: error: Spurious expression in \score
  
  \time 4/4

C:/Users/Navid/AppData/Local/Temp/tmp5p7ss8uh/render.ly:13:7: warning: Unattached ArticulationEvent
      
      \staccato

C:/Users/Navid/AppData/Local/Temp/tmp5p7ss8uh/render.ly:15:7: warning: Unattached ArticulationEvent
      
      \fermata

C:/Users/Navid/AppData/Local/Temp/tmp5p7ss8uh/render.ly:8:3: error: Spurious expression in \score
  
  <<

Interpreting music...
C:/Users/Navid/AppData/Local/Temp/tmp5p7ss8uh/render.ly:6:3: warning: skipping zero-duration score
  
  \key do \major

C:/Users/Navid/AppData/Local/Temp/tmp5p7ss8uh/render.ly:6:3: warning: to suppress this, consider adding a spacer rest
  
  \key do \major

Interpreting music...
C:/Users/Navid/AppData/Local/Temp/tmp5p7ss8uh/render.ly:6:3: warning: skipping zero-duration score
  
  \key do \major

C:/Users/Navid/AppData/Local/Temp/tmp5p7ss8uh/render.ly:6:3: warning: to suppress this, consider adding a spacer rest
  
  \key do \major

fatal error: failed files: "C:\\Users\\Navid\\AppData\\Local\\Temp\\tmp5p7ss8uh\\render.ly"

