[lilypond_failed] cmd: C:\lilypond-2.24.4-mingw-x86_64\lilypond-2.24.4\bin\lilypond.exe -dno-point-and-click -o C:\Users\Navid\AppData\Local\Temp\tmpszy2l8mq\render C:\Users\Navid\AppData\Local\Temp\tmpszy2l8mq\render.ly
returncode: 1

STDOUT:


STDERR:
Changing working directory to: `C:/Users/Navid/AppData/Local/Temp/tmpszy2l8mq'
Processing `C:/Users/Navid/AppData/Local/Temp/tmpszy2l8mq/render.ly'
Parsing...
C:/Users/Navid/AppData/Local/Temp/tmpszy2l8mq/render.ly:5:1: warning: Ignoring non-music expression

\first = { c4 d4 e4 f4 }

C:/Users/Navid/AppData/Local/Temp/tmpszy2l8mq/render.ly:5:8: error: syntax error, unexpected '='
\first 
       = { c4 d4 e4 f4 }

C:/Users/Navid/AppData/Local/Temp/tmpszy2l8mq/render.ly:6:1: warning: Ignoring non-music expression

\second = { g4 a4 b4 c4 }

C:/Users/Navid/AppData/Local/Temp/tmpszy2l8mq/render.ly:6:9: error: syntax error, unexpected '='
\second 
        = { g4 a4 b4 c4 }

C:/Users/Navid/AppData/Local/Temp/tmpszy2l8mq/render.ly:7:1: warning: Ignoring non-music expression

\third = { d4 e4 f4 g4 }

C:/Users/Navid/AppData/Local/Temp/tmpszy2l8mq/render.ly:7:8: error: syntax error, unexpected '='
\third 
       = { d4 e4 f4 g4 }

C:/Users/Navid/AppData/Local/Temp/tmpszy2l8mq/render.ly:8:1: warning: Ignoring non-music expression

\fourth = { a4 b4 c4 d4 }

C:/Users/Navid/AppData/Local/Temp/tmpszy2l8mq/render.ly:8:9: error: syntax error, unexpected '='
\fourth 
        = { a4 b4 c4 d4 }

C:/Users/Navid/AppData/Local/Temp/tmpszy2l8mq/render.ly:9:1: warning: Ignoring non-music expression

\fifth = { e4 f4 g4 a4 }

C:/Users/Navid/AppData/Local/Temp/tmpszy2l8mq/render.ly:9:8: error: syntax error, unexpected '='
\fifth 
       = { e4 f4 g4 a4 }

C:/Users/Navid/AppData/Local/Temp/tmpszy2l8mq/render.ly:10:1: warning: Ignoring non-music expression

\sixth = { b4 c4 d4 e4 }

C:/Users/Navid/AppData/Local/Temp/tmpszy2l8mq/render.ly:10:8: error: syntax error, unexpected '='
\sixth 
       = { b4 c4 d4 e4 }

C:/Users/Navid/AppData/Local/Temp/tmpszy2l8mq/render.ly:11:1: warning: Ignoring non-music expression

\seventh = { f4 g4 a4 b4 }

C:/Users/Navid/AppData/Local/Temp/tmpszy2l8mq/render.ly:11:10: error: syntax error, unexpected '='
\seventh 
         = { f4 g4 a4 b4 }

C:/Users/Navid/AppData/Local/Temp/tmpszy2l8mq/render.ly:12:1: warning: Ignoring non-music expression

\eighth = { c4 d4 e4 f4 }

C:/Users/Navid/AppData/Local/Temp/tmpszy2l8mq/render.ly:12:9: error: syntax error, unexpected '='
\eighth 
        = { c4 d4 e4 f4 }

C:/Users/Navid/AppData/Local/Temp/tmpszy2l8mq/render.ly:15:3: warning: Ignoring non-music expression
  
  \first | \second | \third | \fourth | \fifth | \sixth | \seventh | \eighth |

C:/Users/Navid/AppData/Local/Temp/tmpszy2l8mq/render.ly:15:12: warning: Ignoring non-music expression
  \first | 
           \second | \third | \fourth | \fifth | \sixth | \seventh | \eighth |

C:/Users/Navid/AppData/Local/Temp/tmpszy2l8mq/render.ly:15:22: warning: Ignoring non-music expression
  \first | \second | 
                     \third | \fourth | \fifth | \sixth | \seventh | \eighth |

C:/Users/Navid/AppData/Local/Temp/tmpszy2l8mq/render.ly:15:31: warning: Ignoring non-music expression
  \first | \second | \third | 
                              \fourth | \fifth | \sixth | \seventh | \eighth |

C:/Users/Navid/AppData/Local/Temp/tmpszy2l8mq/render.ly:15:41: warning: Ignoring non-music expression
  \first | \second | \third | \fourth | 
                                        \fifth | \sixth | \seventh | \eighth |

C:/Users/Navid/AppData/Local/Temp/tmpszy2l8mq/render.ly:15:50: warning: Ignoring non-music expression
  \first | \second | \third | \fourth | \fifth | 
                                                 \sixth | \seventh | \eighth |

C:/Users/Navid/AppData/Local/Temp/tmpszy2l8mq/render.ly:15:59: warning: Ignoring non-music expression
  \first | \second | \third | \fourth | \fifth | \sixth | 
                                                          \seventh | \eighth |

C:/Users/Navid/AppData/Local/Temp/tmpszy2l8mq/render.ly:15:70: warning: Ignoring non-music expression
  \first | \second | \third | \fourth | \fifth | \sixth | \seventh | 
                                                                     \eighth |

C:/Users/Navid/AppData/Local/Temp/tmpszy2l8mq/render.ly:4:3: error: errors found, ignoring music expression
  
  \new Staff {

fatal error: failed files: "C:\\Users\\Navid\\AppData\\Local\\Temp\\tmpszy2l8mq\\render.ly"

