[lilypond_failed] cmd: C:\lilypond-2.24.4-mingw-x86_64\lilypond-2.24.4\bin\lilypond.exe -dno-point-and-click -o C:\Users\Navid\AppData\Local\Temp\tmp_6pwnwda\render C:\Users\Navid\AppData\Local\Temp\tmp_6pwnwda\render.ly
returncode: 1

STDOUT:


STDERR:
Changing working directory to: `C:/Users/Navid/AppData/Local/Temp/tmp_6pwnwda'
Processing `C:/Users/Navid/AppData/Local/Temp/tmp_6pwnwda/render.ly'
Parsing...
C:/Users/Navid/AppData/Local/Temp/tmp_6pwnwda/render.ly:9:1: error: unknown escaped string: `\myBar'

\myBar = { c4 d4 e4 f4 }

C:/Users/Navid/AppData/Local/Temp/tmp_6pwnwda/render.ly:9:1: error: string outside of text script or \lyricmode

\myBar = { c4 d4 e4 f4 }

C:/Users/Navid/AppData/Local/Temp/tmp_6pwnwda/render.ly:9:8: error: syntax error, unexpected '='
\myBar 
       = { c4 d4 e4 f4 }

C:/Users/Navid/AppData/Local/Temp/tmp_6pwnwda/render.ly:10:1: error: unknown escaped string: `\myBar'

\myBar | \myBar | \myBar | \myBar | \myBar | \myBar | \myBar | \myBar |

C:/Users/Navid/AppData/Local/Temp/tmp_6pwnwda/render.ly:10:1: error: string outside of text script or \lyricmode

\myBar | \myBar | \myBar | \myBar | \myBar | \myBar | \myBar | \myBar |

C:/Users/Navid/AppData/Local/Temp/tmp_6pwnwda/render.ly:10:10: error: unknown escaped string: `\myBar'
\myBar | 
         \myBar | \myBar | \myBar | \myBar | \myBar | \myBar | \myBar |

C:/Users/Navid/AppData/Local/Temp/tmp_6pwnwda/render.ly:10:10: error: string outside of text script or \lyricmode
\myBar | 
         \myBar | \myBar | \myBar | \myBar | \myBar | \myBar | \myBar |

C:/Users/Navid/AppData/Local/Temp/tmp_6pwnwda/render.ly:10:19: error: unknown escaped string: `\myBar'
\myBar | \myBar | 
                  \myBar | \myBar | \myBar | \myBar | \myBar | \myBar |

C:/Users/Navid/AppData/Local/Temp/tmp_6pwnwda/render.ly:10:19: error: string outside of text script or \lyricmode
\myBar | \myBar | 
                  \myBar | \myBar | \myBar | \myBar | \myBar | \myBar |

C:/Users/Navid/AppData/Local/Temp/tmp_6pwnwda/render.ly:10:28: error: unknown escaped string: `\myBar'
\myBar | \myBar | \myBar | 
                           \myBar | \myBar | \myBar | \myBar | \myBar |

C:/Users/Navid/AppData/Local/Temp/tmp_6pwnwda/render.ly:10:28: error: string outside of text script or \lyricmode
\myBar | \myBar | \myBar | 
                           \myBar | \myBar | \myBar | \myBar | \myBar |

C:/Users/Navid/AppData/Local/Temp/tmp_6pwnwda/render.ly:10:37: error: unknown escaped string: `\myBar'
\myBar | \myBar | \myBar | \myBar | 
                                    \myBar | \myBar | \myBar | \myBar |

C:/Users/Navid/AppData/Local/Temp/tmp_6pwnwda/render.ly:10:37: error: string outside of text script or \lyricmode
\myBar | \myBar | \myBar | \myBar | 
                                    \myBar | \myBar | \myBar | \myBar |

C:/Users/Navid/AppData/Local/Temp/tmp_6pwnwda/render.ly:10:46: error: unknown escaped string: `\myBar'
\myBar | \myBar | \myBar | \myBar | \myBar | 
                                             \myBar | \myBar | \myBar |

C:/Users/Navid/AppData/Local/Temp/tmp_6pwnwda/render.ly:10:46: error: string outside of text script or \lyricmode
\myBar | \myBar | \myBar | \myBar | \myBar | 
                                             \myBar | \myBar | \myBar |

C:/Users/Navid/AppData/Local/Temp/tmp_6pwnwda/render.ly:10:55: error: unknown escaped string: `\myBar'
\myBar | \myBar | \myBar | \myBar | \myBar | \myBar | 
                                                      \myBar | \myBar |

C:/Users/Navid/AppData/Local/Temp/tmp_6pwnwda/render.ly:10:55: error: string outside of text script or \lyricmode
\myBar | \myBar | \myBar | \myBar | \myBar | \myBar | 
                                                      \myBar | \myBar |

C:/Users/Navid/AppData/Local/Temp/tmp_6pwnwda/render.ly:10:64: error: unknown escaped string: `\myBar'
\myBar | \myBar | \myBar | \myBar | \myBar | \myBar | \myBar | 
                                                               \myBar |

C:/Users/Navid/AppData/Local/Temp/tmp_6pwnwda/render.ly:10:64: error: string outside of text script or \lyricmode
\myBar | \myBar | \myBar | \myBar | \myBar | \myBar | \myBar | 
                                                               \myBar |

C:/Users/Navid/AppData/Local/Temp/tmp_6pwnwda/render.ly:4:3: error: errors found, ignoring music expression
  
  \new Staff {

fatal error: failed files: "C:\\Users\\Navid\\AppData\\Local\\Temp\\tmp_6pwnwda\\render.ly"

