[lilypond_failed] cmd: C:\lilypond-2.24.4-mingw-x86_64\lilypond-2.24.4\bin\lilypond.exe -dno-point-and-click -o C:\Users\Navid\AppData\Local\Temp\tmpov98dvkb\render C:\Users\Navid\AppData\Local\Temp\tmpov98dvkb\render.ly
returncode: 1

STDOUT:


STDERR:
Changing working directory to: `C:/Users/Navid/AppData/Local/Temp/tmpov98dvkb'
Processing `C:/Users/Navid/AppData/Local/Temp/tmpov98dvkb/render.ly'
Parsing...
C:/Users/Navid/AppData/Local/Temp/tmpov98dvkb/render.ly:9:1: error: unknown escaped string: `\seq'

\seq1 = { c4 d4 e4 f4 }

C:/Users/Navid/AppData/Local/Temp/tmpov98dvkb/render.ly:9:1: error: string outside of text script or \lyricmode

\seq1 = { c4 d4 e4 f4 }

C:/Users/Navid/AppData/Local/Temp/tmpov98dvkb/render.ly:9:7: error: syntax error, unexpected '='
\seq1 
      = { c4 d4 e4 f4 }

C:/Users/Navid/AppData/Local/Temp/tmpov98dvkb/render.ly:10:1: error: unknown escaped string: `\seq'

\seq2 = { g4 a4 b4 c'4 }

C:/Users/Navid/AppData/Local/Temp/tmpov98dvkb/render.ly:10:1: error: string outside of text script or \lyricmode

\seq2 = { g4 a4 b4 c'4 }

C:/Users/Navid/AppData/Local/Temp/tmpov98dvkb/render.ly:10:7: error: syntax error, unexpected '='
\seq2 
      = { g4 a4 b4 c'4 }

C:/Users/Navid/AppData/Local/Temp/tmpov98dvkb/render.ly:11:1: error: unknown escaped string: `\seq'

\seq1 | \seq1 | \seq1 | \seq1 | \seq2 | \seq2 | \seq2 | \seq2 |

C:/Users/Navid/AppData/Local/Temp/tmpov98dvkb/render.ly:11:1: error: string outside of text script or \lyricmode

\seq1 | \seq1 | \seq1 | \seq1 | \seq2 | \seq2 | \seq2 | \seq2 |

C:/Users/Navid/AppData/Local/Temp/tmpov98dvkb/render.ly:11:9: error: unknown escaped string: `\seq'
\seq1 | 
        \seq1 | \seq1 | \seq1 | \seq2 | \seq2 | \seq2 | \seq2 |

C:/Users/Navid/AppData/Local/Temp/tmpov98dvkb/render.ly:11:9: error: string outside of text script or \lyricmode
\seq1 | 
        \seq1 | \seq1 | \seq1 | \seq2 | \seq2 | \seq2 | \seq2 |

C:/Users/Navid/AppData/Local/Temp/tmpov98dvkb/render.ly:11:17: error: unknown escaped string: `\seq'
\seq1 | \seq1 | 
                \seq1 | \seq1 | \seq2 | \seq2 | \seq2 | \seq2 |

C:/Users/Navid/AppData/Local/Temp/tmpov98dvkb/render.ly:11:17: error: string outside of text script or \lyricmode
\seq1 | \seq1 | 
                \seq1 | \seq1 | \seq2 | \seq2 | \seq2 | \seq2 |

C:/Users/Navid/AppData/Local/Temp/tmpov98dvkb/render.ly:11:25: error: unknown escaped string: `\seq'
\seq1 | \seq1 | \seq1 | 
                        \seq1 | \seq2 | \seq2 | \seq2 | \seq2 |

C:/Users/Navid/AppData/Local/Temp/tmpov98dvkb/render.ly:11:25: error: string outside of text script or \lyricmode
\seq1 | \seq1 | \seq1 | 
                        \seq1 | \seq2 | \seq2 | \seq2 | \seq2 |

C:/Users/Navid/AppData/Local/Temp/tmpov98dvkb/render.ly:11:33: error: unknown escaped string: `\seq'
\seq1 | \seq1 | \seq1 | \seq1 | 
                                \seq2 | \seq2 | \seq2 | \seq2 |

C:/Users/Navid/AppData/Local/Temp/tmpov98dvkb/render.ly:11:33: error: string outside of text script or \lyricmode
\seq1 | \seq1 | \seq1 | \seq1 | 
                                \seq2 | \seq2 | \seq2 | \seq2 |

C:/Users/Navid/AppData/Local/Temp/tmpov98dvkb/render.ly:11:41: error: unknown escaped string: `\seq'
\seq1 | \seq1 | \seq1 | \seq1 | \seq2 | 
                                        \seq2 | \seq2 | \seq2 |

C:/Users/Navid/AppData/Local/Temp/tmpov98dvkb/render.ly:11:41: error: string outside of text script or \lyricmode
\seq1 | \seq1 | \seq1 | \seq1 | \seq2 | 
                                        \seq2 | \seq2 | \seq2 |

C:/Users/Navid/AppData/Local/Temp/tmpov98dvkb/render.ly:11:49: error: unknown escaped string: `\seq'
\seq1 | \seq1 | \seq1 | \seq1 | \seq2 | \seq2 | 
                                                \seq2 | \seq2 |

C:/Users/Navid/AppData/Local/Temp/tmpov98dvkb/render.ly:11:49: error: string outside of text script or \lyricmode
\seq1 | \seq1 | \seq1 | \seq1 | \seq2 | \seq2 | 
                                                \seq2 | \seq2 |

C:/Users/Navid/AppData/Local/Temp/tmpov98dvkb/render.ly:11:57: error: unknown escaped string: `\seq'
\seq1 | \seq1 | \seq1 | \seq1 | \seq2 | \seq2 | \seq2 | 
                                                        \seq2 |

C:/Users/Navid/AppData/Local/Temp/tmpov98dvkb/render.ly:11:57: error: string outside of text script or \lyricmode
\seq1 | \seq1 | \seq1 | \seq1 | \seq2 | \seq2 | \seq2 | 
                                                        \seq2 |

C:/Users/Navid/AppData/Local/Temp/tmpov98dvkb/render.ly:4:3: error: errors found, ignoring music expression
  
  \new Staff {

fatal error: failed files: "C:\\Users\\Navid\\AppData\\Local\\Temp\\tmpov98dvkb\\render.ly"

