[lilypond_failed] cmd: C:\lilypond-2.24.4-mingw-x86_64\lilypond-2.24.4\bin\lilypond.exe -dno-point-and-click -o C:\Users\Navid\AppData\Local\Temp\tmp33nu_d42\render C:\Users\Navid\AppData\Local\Temp\tmp33nu_d42\render.ly
returncode: 1

STDOUT:


STDERR:
Changing working directory to: `C:/Users/Navid/AppData/Local/Temp/tmp33nu_d42'
Processing `C:/Users/Navid/AppData/Local/Temp/tmp33nu_d42/render.ly'
Parsing...
C:/Users/Navid/AppData/Local/Temp/tmp33nu_d42/render.ly:7:12: error: wrong type for argument 1.  Expecting pitch, found "sol"
      \key 
           sol \major

C:/Users/Navid/AppData/Local/Temp/tmp33nu_d42/render.ly:9:10: error: not a note name: sol
      r4 
         sol'8 la'8 |

C:/Users/Navid/AppData/Local/Temp/tmp33nu_d42/render.ly:9:13: error: syntax error, unexpected '\''
      r4 sol
            '8 la'8 |

C:/Users/Navid/AppData/Local/Temp/tmp33nu_d42/render.ly:9:16: error: not a note name: la
      r4 sol'8 
               la'8 |

C:/Users/Navid/AppData/Local/Temp/tmp33nu_d42/render.ly:10:7: error: not a note name: mi
      
      mi'8 fa'8 sol'8 la'8 |

C:/Users/Navid/AppData/Local/Temp/tmp33nu_d42/render.ly:10:9: error: syntax error, unexpected '\''
      mi
        '8 fa'8 sol'8 la'8 |

C:/Users/Navid/AppData/Local/Temp/tmp33nu_d42/render.ly:10:12: error: not a note name: fa
      mi'8 
           fa'8 sol'8 la'8 |

C:/Users/Navid/AppData/Local/Temp/tmp33nu_d42/render.ly:10:17: error: not a note name: sol
      mi'8 fa'8 
                sol'8 la'8 |

C:/Users/Navid/AppData/Local/Temp/tmp33nu_d42/render.ly:10:23: error: not a note name: la
      mi'8 fa'8 sol'8 
                      la'8 |

C:/Users/Navid/AppData/Local/Temp/tmp33nu_d42/render.ly:11:7: error: not a note name: re
      
      re'8 mi'8 fa'8 sol'8 |

C:/Users/Navid/AppData/Local/Temp/tmp33nu_d42/render.ly:11:9: error: syntax error, unexpected '\''
      re
        '8 mi'8 fa'8 sol'8 |

C:/Users/Navid/AppData/Local/Temp/tmp33nu_d42/render.ly:11:12: error: not a note name: mi
      re'8 
           mi'8 fa'8 sol'8 |

C:/Users/Navid/AppData/Local/Temp/tmp33nu_d42/render.ly:11:17: error: not a note name: fa
      re'8 mi'8 
                fa'8 sol'8 |

C:/Users/Navid/AppData/Local/Temp/tmp33nu_d42/render.ly:11:22: error: not a note name: sol
      re'8 mi'8 fa'8 
                     sol'8 |

C:/Users/Navid/AppData/Local/Temp/tmp33nu_d42/render.ly:12:7: error: not a note name: la
      
      la'8 si'8 do''8 re''8 |

C:/Users/Navid/AppData/Local/Temp/tmp33nu_d42/render.ly:12:9: error: syntax error, unexpected '\''
      la
        '8 si'8 do''8 re''8 |

C:/Users/Navid/AppData/Local/Temp/tmp33nu_d42/render.ly:12:12: error: not a note name: si
      la'8 
           si'8 do''8 re''8 |

C:/Users/Navid/AppData/Local/Temp/tmp33nu_d42/render.ly:12:17: error: not a note name: do
      la'8 si'8 
                do''8 re''8 |

C:/Users/Navid/AppData/Local/Temp/tmp33nu_d42/render.ly:12:23: error: not a note name: re
      la'8 si'8 do''8 
                      re''8 |

C:/Users/Navid/AppData/Local/Temp/tmp33nu_d42/render.ly:13:10: error: not a note name: sol
      r4 
         sol'8 si'8 |

C:/Users/Navid/AppData/Local/Temp/tmp33nu_d42/render.ly:13:13: error: syntax error, unexpected '\''
      r4 sol
            '8 si'8 |

C:/Users/Navid/AppData/Local/Temp/tmp33nu_d42/render.ly:13:16: error: not a note name: si
      r4 sol'8 
               si'8 |

C:/Users/Navid/AppData/Local/Temp/tmp33nu_d42/render.ly:14:7: error: not a note name: mi
      
      mi''8 re''8 la''8 sol''8 |

C:/Users/Navid/AppData/Local/Temp/tmp33nu_d42/render.ly:14:9: error: syntax error, unexpected '\''
      mi
        ''8 re''8 la''8 sol''8 |

C:/Users/Navid/AppData/Local/Temp/tmp33nu_d42/render.ly:14:13: error: not a note name: re
      mi''8 
            re''8 la''8 sol''8 |

C:/Users/Navid/AppData/Local/Temp/tmp33nu_d42/render.ly:14:19: error: not a note name: la
      mi''8 re''8 
                  la''8 sol''8 |

C:/Users/Navid/AppData/Local/Temp/tmp33nu_d42/render.ly:14:25: error: not a note name: sol
      mi''8 re''8 la''8 
                        sol''8 |

C:/Users/Navid/AppData/Local/Temp/tmp33nu_d42/render.ly:15:7: error: not a note name: re
      
      re''8 mi''8 la''8 sol''8 |

C:/Users/Navid/AppData/Local/Temp/tmp33nu_d42/render.ly:15:9: error: syntax error, unexpected '\''
      re
        ''8 mi''8 la''8 sol''8 |

C:/Users/Navid/AppData/Local/Temp/tmp33nu_d42/render.ly:15:13: error: not a note name: mi
      re''8 
            mi''8 la''8 sol''8 |

C:/Users/Navid/AppData/Local/Temp/tmp33nu_d42/render.ly:15:19: error: not a note name: la
      re''8 mi''8 
                  la''8 sol''8 |

C:/Users/Navid/AppData/Local/Temp/tmp33nu_d42/render.ly:15:25: error: not a note name: sol
      re''8 mi''8 la''8 
                        sol''8 |

C:/Users/Navid/AppData/Local/Temp/tmp33nu_d42/render.ly:5:3: error: errors found, ignoring music expression
  
  <<

fatal error: failed files: "C:\\Users\\Navid\\AppData\\Local\\Temp\\tmp33nu_d42\\render.ly"

