[lilypond_failed] cmd: C:\lilypond-2.24.4-mingw-x86_64\lilypond-2.24.4\bin\lilypond.exe -dno-point-and-click -o C:\Users\Navid\AppData\Local\Temp\tmpujgqrujr\render C:\Users\Navid\AppData\Local\Temp\tmpujgqrujr\render.ly
returncode: 1

STDOUT:


STDERR:
Changing working directory to: `C:/Users/Navid/AppData/Local/Temp/tmpujgqrujr'
Processing `C:/Users/Navid/AppData/Local/Temp/tmpujgqrujr/render.ly'
Parsing...
C:/Users/Navid/AppData/Local/Temp/tmpujgqrujr/render.ly:7:3: error: Spurious expression in \score
  
  \time 4/4

C:/Users/Navid/AppData/Local/Temp/tmpujgqrujr/render.ly:10:7: warning: Unattached AbsoluteDynamicEvent
      
      \p

C:/Users/Navid/AppData/Local/Temp/tmpujgqrujr/render.ly:24:7: warning: Unattached AbsoluteDynamicEvent
      
      \p

C:/Users/Navid/AppData/Local/Temp/tmpujgqrujr/render.ly:8:3: error: Spurious expression in \score
  
  <<

Interpreting music...
C:/Users/Navid/AppData/Local/Temp/tmpujgqrujr/render.ly:6:3: warning: skipping zero-duration score
  
  \key sol \major

C:/Users/Navid/AppData/Local/Temp/tmpujgqrujr/render.ly:6:3: warning: to suppress this, consider adding a spacer rest
  
  \key sol \major

Interpreting music...
C:/Users/Navid/AppData/Local/Temp/tmpujgqrujr/render.ly:6:3: warning: skipping zero-duration score
  
  \key sol \major

C:/Users/Navid/AppData/Local/Temp/tmpujgqrujr/render.ly:6:3: warning: to suppress this, consider adding a spacer rest
  
  \key sol \major

fatal error: failed files: "C:\\Users\\Navid\\AppData\\Local\\Temp\\tmpujgqrujr\\render.ly"

