[lilypond_failed] cmd: C:\lilypond-2.24.4-mingw-x86_64\lilypond-2.24.4\bin\lilypond.exe -dno-point-and-click -o C:\Users\Navid\AppData\Local\Temp\tmp7nt7dkfs\render C:\Users\Navid\AppData\Local\Temp\tmp7nt7dkfs\render.ly
returncode: 1

STDOUT:


STDERR:
Changing working directory to: `C:/Users/Navid/AppData/Local/Temp/tmp7nt7dkfs'
Processing `C:/Users/Navid/AppData/Local/Temp/tmp7nt7dkfs/render.ly'
Parsing...
C:/Users/Navid/AppData/Local/Temp/tmp7nt7dkfs/render.ly:9:40: error: unknown escaped string: `\sustain'
      fa''16 sol''16 sol''8. la''16 \> 
                                       \sustain

C:/Users/Navid/AppData/Local/Temp/tmp7nt7dkfs/render.ly:9:40: error: string outside of text script or \lyricmode
      fa''16 sol''16 sol''8. la''16 \> 
                                       \sustain

C:/Users/Navid/AppData/Local/Temp/tmp7nt7dkfs/render.ly:13:31: error: unknown escaped string: `\sustain'
      fa''4 sol''8. la''16 \! 
                              \sustain

C:/Users/Navid/AppData/Local/Temp/tmp7nt7dkfs/render.ly:13:31: error: string outside of text script or \lyricmode
      fa''4 sol''8. la''16 \! 
                              \sustain

C:/Users/Navid/AppData/Local/Temp/tmp7nt7dkfs/render.ly:8:7: warning: Unattached SlurEvent
      
      (sol''4. la''8) \p

Interpreting music...
Preprocessing graphical objects...
Interpreting music...
MIDI output to `render.mid'...
Finding the ideal number of pages...
Fitting music on 1 page...
Drawing systems...
Converting to `render.pdf'...
fatal error: failed files: "C:\\Users\\Navid\\AppData\\Local\\Temp\\tmp7nt7dkfs\\render.ly"

