[lilypond_failed] cmd: C:\lilypond-2.24.4-mingw-x86_64\lilypond-2.24.4\bin\lilypond.exe -dno-point-and-click -o C:\Users\Navid\AppData\Local\Temp\tmp20qmdqir\render C:\Users\Navid\AppData\Local\Temp\tmp20qmdqir\render.ly
returncode: 1

STDOUT:


STDERR:
Changing working directory to: `C:/Users/Navid/AppData/Local/Temp/tmp20qmdqir'
Processing `C:/Users/Navid/AppData/Local/Temp/tmp20qmdqir/render.ly'
Parsing...
C:/Users/Navid/AppData/Local/Temp/tmp20qmdqir/render.ly:6:6: error: syntax error, unexpected SYMBOL
    <
     do re mi>4

C:/Users/Navid/AppData/Local/Temp/tmp20qmdqir/render.ly:6:6: error: not a note name: do
    <
     do re mi>4

C:/Users/Navid/AppData/Local/Temp/tmp20qmdqir/render.ly:6:9: error: not a note name: re
    <do 
        re mi>4

C:/Users/Navid/AppData/Local/Temp/tmp20qmdqir/render.ly:6:12: error: not a note name: mi
    <do re 
           mi>4

C:/Users/Navid/AppData/Local/Temp/tmp20qmdqir/render.ly:6:14: error: syntax error, unexpected >
    <do re mi
             >4

C:/Users/Navid/AppData/Local/Temp/tmp20qmdqir/render.ly:7:6: error: not a note name: fa
    <
     fa sol la>4

C:/Users/Navid/AppData/Local/Temp/tmp20qmdqir/render.ly:7:9: error: not a note name: sol
    <fa 
        sol la>4

C:/Users/Navid/AppData/Local/Temp/tmp20qmdqir/render.ly:7:13: error: not a note name: la
    <fa sol 
            la>4

C:/Users/Navid/AppData/Local/Temp/tmp20qmdqir/render.ly:7:15: error: syntax error, unexpected >
    <fa sol la
              >4

C:/Users/Navid/AppData/Local/Temp/tmp20qmdqir/render.ly:8:6: error: not a note name: si
    <
     si do re>4

C:/Users/Navid/AppData/Local/Temp/tmp20qmdqir/render.ly:8:9: error: not a note name: do
    <si 
        do re>4

C:/Users/Navid/AppData/Local/Temp/tmp20qmdqir/render.ly:8:12: error: not a note name: re
    <si do 
           re>4

C:/Users/Navid/AppData/Local/Temp/tmp20qmdqir/render.ly:8:14: error: syntax error, unexpected >
    <si do re
             >4

C:/Users/Navid/AppData/Local/Temp/tmp20qmdqir/render.ly:9:6: error: not a note name: fa
    <
     fa mi do>8

C:/Users/Navid/AppData/Local/Temp/tmp20qmdqir/render.ly:9:9: error: not a note name: mi
    <fa 
        mi do>8

C:/Users/Navid/AppData/Local/Temp/tmp20qmdqir/render.ly:9:12: error: not a note name: do
    <fa mi 
           do>8

C:/Users/Navid/AppData/Local/Temp/tmp20qmdqir/render.ly:9:14: error: syntax error, unexpected >
    <fa mi do
             >8

C:/Users/Navid/AppData/Local/Temp/tmp20qmdqir/render.ly:10:6: error: not a note name: sol
    <
     sol la si>8

C:/Users/Navid/AppData/Local/Temp/tmp20qmdqir/render.ly:10:10: error: not a note name: la
    <sol 
         la si>8

C:/Users/Navid/AppData/Local/Temp/tmp20qmdqir/render.ly:10:13: error: not a note name: si
    <sol la 
            si>8

C:/Users/Navid/AppData/Local/Temp/tmp20qmdqir/render.ly:10:15: error: syntax error, unexpected >
    <sol la si
              >8

C:/Users/Navid/AppData/Local/Temp/tmp20qmdqir/render.ly:11:6: error: not a note name: re
    <
     re mi fa>4

C:/Users/Navid/AppData/Local/Temp/tmp20qmdqir/render.ly:11:9: error: not a note name: mi
    <re 
        mi fa>4

C:/Users/Navid/AppData/Local/Temp/tmp20qmdqir/render.ly:11:12: error: not a note name: fa
    <re mi 
           fa>4

C:/Users/Navid/AppData/Local/Temp/tmp20qmdqir/render.ly:11:14: error: syntax error, unexpected >
    <re mi fa
             >4

C:/Users/Navid/AppData/Local/Temp/tmp20qmdqir/render.ly:12:6: error: not a note name: do
    <
     do re mi>4

C:/Users/Navid/AppData/Local/Temp/tmp20qmdqir/render.ly:12:9: error: not a note name: re
    <do 
        re mi>4

C:/Users/Navid/AppData/Local/Temp/tmp20qmdqir/render.ly:12:12: error: not a note name: mi
    <do re 
           mi>4

C:/Users/Navid/AppData/Local/Temp/tmp20qmdqir/render.ly:12:14: error: syntax error, unexpected >
    <do re mi
             >4

C:/Users/Navid/AppData/Local/Temp/tmp20qmdqir/render.ly:13:6: error: not a note name: fa
    <
     fa sol la>4

C:/Users/Navid/AppData/Local/Temp/tmp20qmdqir/render.ly:13:9: error: not a note name: sol
    <fa 
        sol la>4

C:/Users/Navid/AppData/Local/Temp/tmp20qmdqir/render.ly:13:13: error: not a note name: la
    <fa sol 
            la>4

C:/Users/Navid/AppData/Local/Temp/tmp20qmdqir/render.ly:13:15: error: syntax error, unexpected >
    <fa sol la
              >4

C:/Users/Navid/AppData/Local/Temp/tmp20qmdqir/render.ly:5:3: error: errors found, ignoring music expression
  
  {

fatal error: failed files: "C:\\Users\\Navid\\AppData\\Local\\Temp\\tmp20qmdqir\\render.ly"

