[lilypond_failed] cmd: C:\lilypond-2.24.4-mingw-x86_64\lilypond-2.24.4\bin\lilypond.exe -dno-point-and-click -o C:\Users\Navid\AppData\Local\Temp\tmpz17a8m_8\render C:\Users\Navid\AppData\Local\Temp\tmpz17a8m_8\render.ly
returncode: 1

STDOUT:


STDERR:
Changing working directory to: `C:/Users/Navid/AppData/Local/Temp/tmpz17a8m_8'
Processing `C:/Users/Navid/AppData/Local/Temp/tmpz17a8m_8/render.ly'
Parsing...
C:/Users/Navid/AppData/Local/Temp/tmpz17a8m_8/render.ly:6:10: error: wrong type for argument 1.  Expecting pitch, found "do"
    \key 
         do \major

C:/Users/Navid/AppData/Local/Temp/tmpz17a8m_8/render.ly:8:5: error: not a note name: do
    
    do''8 re'' mi'' fa'' sol'' la'' si'' do'''

C:/Users/Navid/AppData/Local/Temp/tmpz17a8m_8/render.ly:8:7: error: syntax error, unexpected '\''
    do
      ''8 re'' mi'' fa'' sol'' la'' si'' do'''

C:/Users/Navid/AppData/Local/Temp/tmpz17a8m_8/render.ly:8:11: error: not a note name: re
    do''8 
          re'' mi'' fa'' sol'' la'' si'' do'''

C:/Users/Navid/AppData/Local/Temp/tmpz17a8m_8/render.ly:8:16: error: not a note name: mi
    do''8 re'' 
               mi'' fa'' sol'' la'' si'' do'''

C:/Users/Navid/AppData/Local/Temp/tmpz17a8m_8/render.ly:8:21: error: not a note name: fa
    do''8 re'' mi'' 
                    fa'' sol'' la'' si'' do'''

C:/Users/Navid/AppData/Local/Temp/tmpz17a8m_8/render.ly:8:26: error: not a note name: sol
    do''8 re'' mi'' fa'' 
                         sol'' la'' si'' do'''

C:/Users/Navid/AppData/Local/Temp/tmpz17a8m_8/render.ly:8:32: error: not a note name: la
    do''8 re'' mi'' fa'' sol'' 
                               la'' si'' do'''

C:/Users/Navid/AppData/Local/Temp/tmpz17a8m_8/render.ly:8:37: error: not a note name: si
    do''8 re'' mi'' fa'' sol'' la'' 
                                    si'' do'''

C:/Users/Navid/AppData/Local/Temp/tmpz17a8m_8/render.ly:8:42: error: not a note name: do
    do''8 re'' mi'' fa'' sol'' la'' si'' 
                                         do'''

C:/Users/Navid/AppData/Local/Temp/tmpz17a8m_8/render.ly:10:5: error: not a note name: sol
    
    sol''8 sol'' sol'' sol'' mi'' sol'' la'' sol''

C:/Users/Navid/AppData/Local/Temp/tmpz17a8m_8/render.ly:10:8: error: syntax error, unexpected '\''
    sol
       ''8 sol'' sol'' sol'' mi'' sol'' la'' sol''

C:/Users/Navid/AppData/Local/Temp/tmpz17a8m_8/render.ly:10:12: error: not a note name: sol
    sol''8 
           sol'' sol'' sol'' mi'' sol'' la'' sol''

C:/Users/Navid/AppData/Local/Temp/tmpz17a8m_8/render.ly:10:18: error: not a note name: sol
    sol''8 sol'' 
                 sol'' sol'' mi'' sol'' la'' sol''

C:/Users/Navid/AppData/Local/Temp/tmpz17a8m_8/render.ly:10:24: error: not a note name: sol
    sol''8 sol'' sol'' 
                       sol'' mi'' sol'' la'' sol''

C:/Users/Navid/AppData/Local/Temp/tmpz17a8m_8/render.ly:10:30: error: not a note name: mi
    sol''8 sol'' sol'' sol'' 
                             mi'' sol'' la'' sol''

C:/Users/Navid/AppData/Local/Temp/tmpz17a8m_8/render.ly:10:35: error: not a note name: sol
    sol''8 sol'' sol'' sol'' mi'' 
                                  sol'' la'' sol''

C:/Users/Navid/AppData/Local/Temp/tmpz17a8m_8/render.ly:10:41: error: not a note name: la
    sol''8 sol'' sol'' sol'' mi'' sol'' 
                                        la'' sol''

C:/Users/Navid/AppData/Local/Temp/tmpz17a8m_8/render.ly:10:46: error: not a note name: sol
    sol''8 sol'' sol'' sol'' mi'' sol'' la'' 
                                             sol''

C:/Users/Navid/AppData/Local/Temp/tmpz17a8m_8/render.ly:13:7: error: not a note name: re
      
      re''8 re'' re'' re'' mi'' re'' do''

C:/Users/Navid/AppData/Local/Temp/tmpz17a8m_8/render.ly:13:9: error: syntax error, unexpected '\''
      re
        ''8 re'' re'' re'' mi'' re'' do''

C:/Users/Navid/AppData/Local/Temp/tmpz17a8m_8/render.ly:13:13: error: not a note name: re
      re''8 
            re'' re'' re'' mi'' re'' do''

C:/Users/Navid/AppData/Local/Temp/tmpz17a8m_8/render.ly:13:18: error: not a note name: re
      re''8 re'' 
                 re'' re'' mi'' re'' do''

C:/Users/Navid/AppData/Local/Temp/tmpz17a8m_8/render.ly:13:23: error: not a note name: re
      re''8 re'' re'' 
                      re'' mi'' re'' do''

C:/Users/Navid/AppData/Local/Temp/tmpz17a8m_8/render.ly:13:28: error: not a note name: mi
      re''8 re'' re'' re'' 
                           mi'' re'' do''

C:/Users/Navid/AppData/Local/Temp/tmpz17a8m_8/render.ly:13:33: error: not a note name: re
      re''8 re'' re'' re'' mi'' 
                                re'' do''

C:/Users/Navid/AppData/Local/Temp/tmpz17a8m_8/render.ly:13:38: error: not a note name: do
      re''8 re'' re'' re'' mi'' re'' 
                                     do''

C:/Users/Navid/AppData/Local/Temp/tmpz17a8m_8/render.ly:17:9: error: not a note name: fa
      { 
        fa''8 fa'' fa'' fa'' mi'' fa'' sol'' fa'' }

C:/Users/Navid/AppData/Local/Temp/tmpz17a8m_8/render.ly:17:11: error: syntax error, unexpected '\''
      { fa
          ''8 fa'' fa'' fa'' mi'' fa'' sol'' fa'' }

C:/Users/Navid/AppData/Local/Temp/tmpz17a8m_8/render.ly:17:15: error: not a note name: fa
      { fa''8 
              fa'' fa'' fa'' mi'' fa'' sol'' fa'' }

C:/Users/Navid/AppData/Local/Temp/tmpz17a8m_8/render.ly:17:20: error: not a note name: fa
      { fa''8 fa'' 
                   fa'' fa'' mi'' fa'' sol'' fa'' }

C:/Users/Navid/AppData/Local/Temp/tmpz17a8m_8/render.ly:17:25: error: not a note name: fa
      { fa''8 fa'' fa'' 
                        fa'' mi'' fa'' sol'' fa'' }

C:/Users/Navid/AppData/Local/Temp/tmpz17a8m_8/render.ly:17:30: error: not a note name: mi
      { fa''8 fa'' fa'' fa'' 
                             mi'' fa'' sol'' fa'' }

C:/Users/Navid/AppData/Local/Temp/tmpz17a8m_8/render.ly:17:35: error: not a note name: fa
      { fa''8 fa'' fa'' fa'' mi'' 
                                  fa'' sol'' fa'' }

C:/Users/Navid/AppData/Local/Temp/tmpz17a8m_8/render.ly:17:40: error: not a note name: sol
      { fa''8 fa'' fa'' fa'' mi'' fa'' 
                                       sol'' fa'' }

C:/Users/Navid/AppData/Local/Temp/tmpz17a8m_8/render.ly:17:46: error: not a note name: fa
      { fa''8 fa'' fa'' fa'' mi'' fa'' sol'' 
                                             fa'' }

C:/Users/Navid/AppData/Local/Temp/tmpz17a8m_8/render.ly:18:9: error: not a note name: mi
      { 
        mi''8 mi'' mi'' mi'' re'' mi'' do'' mi'' }

C:/Users/Navid/AppData/Local/Temp/tmpz17a8m_8/render.ly:18:11: error: syntax error, unexpected '\''
      { mi
          ''8 mi'' mi'' mi'' re'' mi'' do'' mi'' }

C:/Users/Navid/AppData/Local/Temp/tmpz17a8m_8/render.ly:18:15: error: not a note name: mi
      { mi''8 
              mi'' mi'' mi'' re'' mi'' do'' mi'' }

C:/Users/Navid/AppData/Local/Temp/tmpz17a8m_8/render.ly:18:20: error: not a note name: mi
      { mi''8 mi'' 
                   mi'' mi'' re'' mi'' do'' mi'' }

C:/Users/Navid/AppData/Local/Temp/tmpz17a8m_8/render.ly:18:25: error: not a note name: mi
      { mi''8 mi'' mi'' 
                        mi'' re'' mi'' do'' mi'' }

C:/Users/Navid/AppData/Local/Temp/tmpz17a8m_8/render.ly:18:30: error: not a note name: re
      { mi''8 mi'' mi'' mi'' 
                             re'' mi'' do'' mi'' }

C:/Users/Navid/AppData/Local/Temp/tmpz17a8m_8/render.ly:18:35: error: not a note name: mi
      { mi''8 mi'' mi'' mi'' re'' 
                                  mi'' do'' mi'' }

C:/Users/Navid/AppData/Local/Temp/tmpz17a8m_8/render.ly:18:40: error: not a note name: do
      { mi''8 mi'' mi'' mi'' re'' mi'' 
                                       do'' mi'' }

C:/Users/Navid/AppData/Local/Temp/tmpz17a8m_8/render.ly:18:45: error: not a note name: mi
      { mi''8 mi'' mi'' mi'' re'' mi'' do'' 
                                            mi'' }

C:/Users/Navid/AppData/Local/Temp/tmpz17a8m_8/render.ly:21:5: error: not a note name: do
    
    do'8 re' mi' fa' sol' la' si' do''

C:/Users/Navid/AppData/Local/Temp/tmpz17a8m_8/render.ly:21:7: error: syntax error, unexpected '\''
    do
      '8 re' mi' fa' sol' la' si' do''

C:/Users/Navid/AppData/Local/Temp/tmpz17a8m_8/render.ly:21:10: error: not a note name: re
    do'8 
         re' mi' fa' sol' la' si' do''

C:/Users/Navid/AppData/Local/Temp/tmpz17a8m_8/render.ly:21:14: error: not a note name: mi
    do'8 re' 
             mi' fa' sol' la' si' do''

C:/Users/Navid/AppData/Local/Temp/tmpz17a8m_8/render.ly:21:18: error: not a note name: fa
    do'8 re' mi' 
                 fa' sol' la' si' do''

C:/Users/Navid/AppData/Local/Temp/tmpz17a8m_8/render.ly:21:22: error: not a note name: sol
    do'8 re' mi' fa' 
                     sol' la' si' do''

C:/Users/Navid/AppData/Local/Temp/tmpz17a8m_8/render.ly:21:27: error: not a note name: la
    do'8 re' mi' fa' sol' 
                          la' si' do''

C:/Users/Navid/AppData/Local/Temp/tmpz17a8m_8/render.ly:21:31: error: not a note name: si
    do'8 re' mi' fa' sol' la' 
                              si' do''

C:/Users/Navid/AppData/Local/Temp/tmpz17a8m_8/render.ly:21:35: error: not a note name: do
    do'8 re' mi' fa' sol' la' si' 
                                  do''

C:/Users/Navid/AppData/Local/Temp/tmpz17a8m_8/render.ly:23:5: error: not a note name: sol
    
    sol'8 sol' sol' sol' mi' sol' la' sol'

C:/Users/Navid/AppData/Local/Temp/tmpz17a8m_8/render.ly:23:8: error: syntax error, unexpected '\''
    sol
       '8 sol' sol' sol' mi' sol' la' sol'

C:/Users/Navid/AppData/Local/Temp/tmpz17a8m_8/render.ly:23:11: error: not a note name: sol
    sol'8 
          sol' sol' sol' mi' sol' la' sol'

C:/Users/Navid/AppData/Local/Temp/tmpz17a8m_8/render.ly:23:16: error: not a note name: sol
    sol'8 sol' 
               sol' sol' mi' sol' la' sol'

C:/Users/Navid/AppData/Local/Temp/tmpz17a8m_8/render.ly:23:21: error: not a note name: sol
    sol'8 sol' sol' 
                    sol' mi' sol' la' sol'

C:/Users/Navid/AppData/Local/Temp/tmpz17a8m_8/render.ly:23:26: error: not a note name: mi
    sol'8 sol' sol' sol' 
                         mi' sol' la' sol'

C:/Users/Navid/AppData/Local/Temp/tmpz17a8m_8/render.ly:23:30: error: not a note name: sol
    sol'8 sol' sol' sol' mi' 
                             sol' la' sol'

C:/Users/Navid/AppData/Local/Temp/tmpz17a8m_8/render.ly:23:35: error: not a note name: la
    sol'8 sol' sol' sol' mi' sol' 
                                  la' sol'

C:/Users/Navid/AppData/Local/Temp/tmpz17a8m_8/render.ly:23:39: error: not a note name: sol
    sol'8 sol' sol' sol' mi' sol' la' 
                                      sol'

C:/Users/Navid/AppData/Local/Temp/tmpz17a8m_8/render.ly:26:5: error: not a note name: do
    
    do''8 re'' mi'' fa'' sol'' la'' si'' do'''

C:/Users/Navid/AppData/Local/Temp/tmpz17a8m_8/render.ly:26:7: error: syntax error, unexpected '\''
    do
      ''8 re'' mi'' fa'' sol'' la'' si'' do'''

C:/Users/Navid/AppData/Local/Temp/tmpz17a8m_8/render.ly:26:11: error: not a note name: re
    do''8 
          re'' mi'' fa'' sol'' la'' si'' do'''

C:/Users/Navid/AppData/Local/Temp/tmpz17a8m_8/render.ly:26:16: error: not a note name: mi
    do''8 re'' 
               mi'' fa'' sol'' la'' si'' do'''

C:/Users/Navid/AppData/Local/Temp/tmpz17a8m_8/render.ly:26:21: error: not a note name: fa
    do''8 re'' mi'' 
                    fa'' sol'' la'' si'' do'''

C:/Users/Navid/AppData/Local/Temp/tmpz17a8m_8/render.ly:26:26: error: not a note name: sol
    do''8 re'' mi'' fa'' 
                         sol'' la'' si'' do'''

C:/Users/Navid/AppData/Local/Temp/tmpz17a8m_8/render.ly:26:32: error: not a note name: la
    do''8 re'' mi'' fa'' sol'' 
                               la'' si'' do'''

C:/Users/Navid/AppData/Local/Temp/tmpz17a8m_8/render.ly:26:37: error: not a note name: si
    do''8 re'' mi'' fa'' sol'' la'' 
                                    si'' do'''

C:/Users/Navid/AppData/Local/Temp/tmpz17a8m_8/render.ly:26:42: error: not a note name: do
    do''8 re'' mi'' fa'' sol'' la'' si'' 
                                         do'''

C:/Users/Navid/AppData/Local/Temp/tmpz17a8m_8/render.ly:5:3: error: errors found, ignoring music expression
  
  \new Staff {

fatal error: failed files: "C:\\Users\\Navid\\AppData\\Local\\Temp\\tmpz17a8m_8\\render.ly"

