[lilypond_failed] cmd: C:\lilypond-2.24.4-mingw-x86_64\lilypond-2.24.4\bin\lilypond.exe -dno-point-and-click -o C:\Users\Navid\AppData\Local\Temp\tmpb4e5ng9y\render C:\Users\Navid\AppData\Local\Temp\tmpb4e5ng9y\render.ly
returncode: 1

STDOUT:


STDERR:
Changing working directory to: `C:/Users/Navid/AppData/Local/Temp/tmpb4e5ng9y'
Processing `C:/Users/Navid/AppData/Local/Temp/tmpb4e5ng9y/render.ly'
Parsing...
C:/Users/Navid/AppData/Local/Temp/tmpb4e5ng9y/render.ly:7:12: error: wrong type for argument 1.  Expecting pitch, found "do"
      \key 
           do \major

C:/Users/Navid/AppData/Local/Temp/tmpb4e5ng9y/render.ly:10:8: error: not a note name: do
      (
       do'' re'' mi'' fa'' sol'' la'' si'' do'''8)

C:/Users/Navid/AppData/Local/Temp/tmpb4e5ng9y/render.ly:10:10: error: syntax error, unexpected '\''
      (do
         '' re'' mi'' fa'' sol'' la'' si'' do'''8)

C:/Users/Navid/AppData/Local/Temp/tmpb4e5ng9y/render.ly:10:13: error: not a note name: re
      (do'' 
            re'' mi'' fa'' sol'' la'' si'' do'''8)

C:/Users/Navid/AppData/Local/Temp/tmpb4e5ng9y/render.ly:10:18: error: not a note name: mi
      (do'' re'' 
                 mi'' fa'' sol'' la'' si'' do'''8)

C:/Users/Navid/AppData/Local/Temp/tmpb4e5ng9y/render.ly:10:23: error: not a note name: fa
      (do'' re'' mi'' 
                      fa'' sol'' la'' si'' do'''8)

C:/Users/Navid/AppData/Local/Temp/tmpb4e5ng9y/render.ly:10:28: error: not a note name: sol
      (do'' re'' mi'' fa'' 
                           sol'' la'' si'' do'''8)

C:/Users/Navid/AppData/Local/Temp/tmpb4e5ng9y/render.ly:10:34: error: not a note name: la
      (do'' re'' mi'' fa'' sol'' 
                                 la'' si'' do'''8)

C:/Users/Navid/AppData/Local/Temp/tmpb4e5ng9y/render.ly:10:39: error: not a note name: si
      (do'' re'' mi'' fa'' sol'' la'' 
                                      si'' do'''8)

C:/Users/Navid/AppData/Local/Temp/tmpb4e5ng9y/render.ly:10:44: error: not a note name: do
      (do'' re'' mi'' fa'' sol'' la'' si'' 
                                           do'''8)

C:/Users/Navid/AppData/Local/Temp/tmpb4e5ng9y/render.ly:12:8: error: syntax error, unexpected SYMBOL
      <
       la'' si'' do''' re'''>4

C:/Users/Navid/AppData/Local/Temp/tmpb4e5ng9y/render.ly:12:8: error: not a note name: la
      <
       la'' si'' do''' re'''>4

C:/Users/Navid/AppData/Local/Temp/tmpb4e5ng9y/render.ly:12:13: error: not a note name: si
      <la'' 
            si'' do''' re'''>4

C:/Users/Navid/AppData/Local/Temp/tmpb4e5ng9y/render.ly:12:18: error: not a note name: do
      <la'' si'' 
                 do''' re'''>4

C:/Users/Navid/AppData/Local/Temp/tmpb4e5ng9y/render.ly:12:24: error: not a note name: re
      <la'' si'' do''' 
                       re'''>4

C:/Users/Navid/AppData/Local/Temp/tmpb4e5ng9y/render.ly:14:7: error: not a note name: do
      
      do''8 mi''8 fa''8 sol''8 la''8 re''8 mi''8 fa''8

C:/Users/Navid/AppData/Local/Temp/tmpb4e5ng9y/render.ly:14:9: error: syntax error, unexpected '\''
      do
        ''8 mi''8 fa''8 sol''8 la''8 re''8 mi''8 fa''8

C:/Users/Navid/AppData/Local/Temp/tmpb4e5ng9y/render.ly:14:13: error: not a note name: mi
      do''8 
            mi''8 fa''8 sol''8 la''8 re''8 mi''8 fa''8

C:/Users/Navid/AppData/Local/Temp/tmpb4e5ng9y/render.ly:14:19: error: not a note name: fa
      do''8 mi''8 
                  fa''8 sol''8 la''8 re''8 mi''8 fa''8

C:/Users/Navid/AppData/Local/Temp/tmpb4e5ng9y/render.ly:14:25: error: not a note name: sol
      do''8 mi''8 fa''8 
                        sol''8 la''8 re''8 mi''8 fa''8

C:/Users/Navid/AppData/Local/Temp/tmpb4e5ng9y/render.ly:14:32: error: not a note name: la
      do''8 mi''8 fa''8 sol''8 
                               la''8 re''8 mi''8 fa''8

C:/Users/Navid/AppData/Local/Temp/tmpb4e5ng9y/render.ly:14:38: error: not a note name: re
      do''8 mi''8 fa''8 sol''8 la''8 
                                     re''8 mi''8 fa''8

C:/Users/Navid/AppData/Local/Temp/tmpb4e5ng9y/render.ly:14:44: error: not a note name: mi
      do''8 mi''8 fa''8 sol''8 la''8 re''8 
                                           mi''8 fa''8

C:/Users/Navid/AppData/Local/Temp/tmpb4e5ng9y/render.ly:14:50: error: not a note name: fa
      do''8 mi''8 fa''8 sol''8 la''8 re''8 mi''8 
                                                 fa''8

C:/Users/Navid/AppData/Local/Temp/tmpb4e5ng9y/render.ly:16:7: error: not a note name: re
      
      re''8 re''8 re''8 re''8 re''8 re''8 re''8 re''8

C:/Users/Navid/AppData/Local/Temp/tmpb4e5ng9y/render.ly:16:9: error: syntax error, unexpected '\''
      re
        ''8 re''8 re''8 re''8 re''8 re''8 re''8 re''8

C:/Users/Navid/AppData/Local/Temp/tmpb4e5ng9y/render.ly:16:13: error: not a note name: re
      re''8 
            re''8 re''8 re''8 re''8 re''8 re''8 re''8

C:/Users/Navid/AppData/Local/Temp/tmpb4e5ng9y/render.ly:16:19: error: not a note name: re
      re''8 re''8 
                  re''8 re''8 re''8 re''8 re''8 re''8

C:/Users/Navid/AppData/Local/Temp/tmpb4e5ng9y/render.ly:16:25: error: not a note name: re
      re''8 re''8 re''8 
                        re''8 re''8 re''8 re''8 re''8

C:/Users/Navid/AppData/Local/Temp/tmpb4e5ng9y/render.ly:16:31: error: not a note name: re
      re''8 re''8 re''8 re''8 
                              re''8 re''8 re''8 re''8

C:/Users/Navid/AppData/Local/Temp/tmpb4e5ng9y/render.ly:16:37: error: not a note name: re
      re''8 re''8 re''8 re''8 re''8 
                                    re''8 re''8 re''8

C:/Users/Navid/AppData/Local/Temp/tmpb4e5ng9y/render.ly:16:43: error: not a note name: re
      re''8 re''8 re''8 re''8 re''8 re''8 
                                          re''8 re''8

C:/Users/Navid/AppData/Local/Temp/tmpb4e5ng9y/render.ly:16:49: error: not a note name: re
      re''8 re''8 re''8 re''8 re''8 re''8 re''8 
                                                re''8

C:/Users/Navid/AppData/Local/Temp/tmpb4e5ng9y/render.ly:17:13: error: not a note name: re
      r4 r8 
            re''8

C:/Users/Navid/AppData/Local/Temp/tmpb4e5ng9y/render.ly:17:15: error: syntax error, unexpected '\''
      r4 r8 re
              ''8

C:/Users/Navid/AppData/Local/Temp/tmpb4e5ng9y/render.ly:18:7: error: not a note name: mi
      
      mi''8 fa''8 sol''8 la''8

C:/Users/Navid/AppData/Local/Temp/tmpb4e5ng9y/render.ly:18:13: error: not a note name: fa
      mi''8 
            fa''8 sol''8 la''8

C:/Users/Navid/AppData/Local/Temp/tmpb4e5ng9y/render.ly:18:19: error: not a note name: sol
      mi''8 fa''8 
                  sol''8 la''8

C:/Users/Navid/AppData/Local/Temp/tmpb4e5ng9y/render.ly:18:26: error: not a note name: la
      mi''8 fa''8 sol''8 
                         la''8

C:/Users/Navid/AppData/Local/Temp/tmpb4e5ng9y/render.ly:5:3: error: errors found, ignoring music expression
  
  <<

fatal error: failed files: "C:\\Users\\Navid\\AppData\\Local\\Temp\\tmpb4e5ng9y\\render.ly"

