[lilypond_failed] cmd: C:\lilypond-2.24.4-mingw-x86_64\lilypond-2.24.4\bin\lilypond.exe -dno-point-and-click -o C:\Users\Navid\AppData\Local\Temp\tmpwv2a9pnz\render C:\Users\Navid\AppData\Local\Temp\tmpwv2a9pnz\render.ly
returncode: 1

STDOUT:


STDERR:
Changing working directory to: `C:/Users/Navid/AppData/Local/Temp/tmpwv2a9pnz'
Processing `C:/Users/Navid/AppData/Local/Temp/tmpwv2a9pnz/render.ly'
Parsing...
C:/Users/Navid/AppData/Local/Temp/tmpwv2a9pnz/render.ly:6:10: error: wrong type for argument 1.  Expecting pitch, found "do"
    \key 
         do \major

C:/Users/Navid/AppData/Local/Temp/tmpwv2a9pnz/render.ly:10:5: error: not a note name: do
    
    do''8 re''8 mi''8 fa''8 sol''8 la''8 si''8 do'''8

C:/Users/Navid/AppData/Local/Temp/tmpwv2a9pnz/render.ly:10:7: error: syntax error, unexpected '\''
    do
      ''8 re''8 mi''8 fa''8 sol''8 la''8 si''8 do'''8

C:/Users/Navid/AppData/Local/Temp/tmpwv2a9pnz/render.ly:10:11: error: not a note name: re
    do''8 
          re''8 mi''8 fa''8 sol''8 la''8 si''8 do'''8

C:/Users/Navid/AppData/Local/Temp/tmpwv2a9pnz/render.ly:10:17: error: not a note name: mi
    do''8 re''8 
                mi''8 fa''8 sol''8 la''8 si''8 do'''8

C:/Users/Navid/AppData/Local/Temp/tmpwv2a9pnz/render.ly:10:23: error: not a note name: fa
    do''8 re''8 mi''8 
                      fa''8 sol''8 la''8 si''8 do'''8

C:/Users/Navid/AppData/Local/Temp/tmpwv2a9pnz/render.ly:10:29: error: not a note name: sol
    do''8 re''8 mi''8 fa''8 
                            sol''8 la''8 si''8 do'''8

C:/Users/Navid/AppData/Local/Temp/tmpwv2a9pnz/render.ly:10:36: error: not a note name: la
    do''8 re''8 mi''8 fa''8 sol''8 
                                   la''8 si''8 do'''8

C:/Users/Navid/AppData/Local/Temp/tmpwv2a9pnz/render.ly:10:42: error: not a note name: si
    do''8 re''8 mi''8 fa''8 sol''8 la''8 
                                         si''8 do'''8

C:/Users/Navid/AppData/Local/Temp/tmpwv2a9pnz/render.ly:10:48: error: not a note name: do
    do''8 re''8 mi''8 fa''8 sol''8 la''8 si''8 
                                               do'''8

C:/Users/Navid/AppData/Local/Temp/tmpwv2a9pnz/render.ly:11:5: error: not a note name: do
    
    do''8 re''8 mi''8 fa''8 sol''8 la''8 si''8 do'''8

C:/Users/Navid/AppData/Local/Temp/tmpwv2a9pnz/render.ly:11:11: error: not a note name: re
    do''8 
          re''8 mi''8 fa''8 sol''8 la''8 si''8 do'''8

C:/Users/Navid/AppData/Local/Temp/tmpwv2a9pnz/render.ly:11:17: error: not a note name: mi
    do''8 re''8 
                mi''8 fa''8 sol''8 la''8 si''8 do'''8

C:/Users/Navid/AppData/Local/Temp/tmpwv2a9pnz/render.ly:11:23: error: not a note name: fa
    do''8 re''8 mi''8 
                      fa''8 sol''8 la''8 si''8 do'''8

C:/Users/Navid/AppData/Local/Temp/tmpwv2a9pnz/render.ly:11:29: error: not a note name: sol
    do''8 re''8 mi''8 fa''8 
                            sol''8 la''8 si''8 do'''8

C:/Users/Navid/AppData/Local/Temp/tmpwv2a9pnz/render.ly:11:36: error: not a note name: la
    do''8 re''8 mi''8 fa''8 sol''8 
                                   la''8 si''8 do'''8

C:/Users/Navid/AppData/Local/Temp/tmpwv2a9pnz/render.ly:11:42: error: not a note name: si
    do''8 re''8 mi''8 fa''8 sol''8 la''8 
                                         si''8 do'''8

C:/Users/Navid/AppData/Local/Temp/tmpwv2a9pnz/render.ly:11:48: error: not a note name: do
    do''8 re''8 mi''8 fa''8 sol''8 la''8 si''8 
                                               do'''8

C:/Users/Navid/AppData/Local/Temp/tmpwv2a9pnz/render.ly:15:5: error: not a note name: do
    
    do''4 re''4 mi''4 fa''4

C:/Users/Navid/AppData/Local/Temp/tmpwv2a9pnz/render.ly:15:7: error: syntax error, unexpected '\''
    do
      ''4 re''4 mi''4 fa''4

C:/Users/Navid/AppData/Local/Temp/tmpwv2a9pnz/render.ly:15:11: error: not a note name: re
    do''4 
          re''4 mi''4 fa''4

C:/Users/Navid/AppData/Local/Temp/tmpwv2a9pnz/render.ly:15:17: error: not a note name: mi
    do''4 re''4 
                mi''4 fa''4

C:/Users/Navid/AppData/Local/Temp/tmpwv2a9pnz/render.ly:15:23: error: not a note name: fa
    do''4 re''4 mi''4 
                      fa''4

C:/Users/Navid/AppData/Local/Temp/tmpwv2a9pnz/render.ly:16:5: error: not a note name: sol
    
    sol''8 la''8 si''8 do'''8 mi'''8 re'''8

C:/Users/Navid/AppData/Local/Temp/tmpwv2a9pnz/render.ly:16:12: error: not a note name: la
    sol''8 
           la''8 si''8 do'''8 mi'''8 re'''8

C:/Users/Navid/AppData/Local/Temp/tmpwv2a9pnz/render.ly:16:18: error: not a note name: si
    sol''8 la''8 
                 si''8 do'''8 mi'''8 re'''8

C:/Users/Navid/AppData/Local/Temp/tmpwv2a9pnz/render.ly:16:24: error: not a note name: do
    sol''8 la''8 si''8 
                       do'''8 mi'''8 re'''8

C:/Users/Navid/AppData/Local/Temp/tmpwv2a9pnz/render.ly:16:31: error: not a note name: mi
    sol''8 la''8 si''8 do'''8 
                              mi'''8 re'''8

C:/Users/Navid/AppData/Local/Temp/tmpwv2a9pnz/render.ly:16:38: error: not a note name: re
    sol''8 la''8 si''8 do'''8 mi'''8 
                                     re'''8

C:/Users/Navid/AppData/Local/Temp/tmpwv2a9pnz/render.ly:17:5: error: not a note name: mi
    
    mi'''8 re'''8 do'''8 sol''8 la''8

C:/Users/Navid/AppData/Local/Temp/tmpwv2a9pnz/render.ly:17:12: error: not a note name: re
    mi'''8 
           re'''8 do'''8 sol''8 la''8

C:/Users/Navid/AppData/Local/Temp/tmpwv2a9pnz/render.ly:17:19: error: not a note name: do
    mi'''8 re'''8 
                  do'''8 sol''8 la''8

C:/Users/Navid/AppData/Local/Temp/tmpwv2a9pnz/render.ly:17:26: error: not a note name: sol
    mi'''8 re'''8 do'''8 
                         sol''8 la''8

C:/Users/Navid/AppData/Local/Temp/tmpwv2a9pnz/render.ly:17:33: error: not a note name: la
    mi'''8 re'''8 do'''8 sol''8 
                                la''8

C:/Users/Navid/AppData/Local/Temp/tmpwv2a9pnz/render.ly:18:5: error: not a note name: mi
    
    mi''8 fa''8 sol''8 la''8 do'''8

C:/Users/Navid/AppData/Local/Temp/tmpwv2a9pnz/render.ly:18:11: error: not a note name: fa
    mi''8 
          fa''8 sol''8 la''8 do'''8

C:/Users/Navid/AppData/Local/Temp/tmpwv2a9pnz/render.ly:18:17: error: not a note name: sol
    mi''8 fa''8 
                sol''8 la''8 do'''8

C:/Users/Navid/AppData/Local/Temp/tmpwv2a9pnz/render.ly:18:24: error: not a note name: la
    mi''8 fa''8 sol''8 
                       la''8 do'''8

C:/Users/Navid/AppData/Local/Temp/tmpwv2a9pnz/render.ly:18:30: error: not a note name: do
    mi''8 fa''8 sol''8 la''8 
                             do'''8

C:/Users/Navid/AppData/Local/Temp/tmpwv2a9pnz/render.ly:22:5: error: not a note name: do
    
    do''8 re''8 mi''8 fa''8 sol''8 la''8 si''8 do'''8

C:/Users/Navid/AppData/Local/Temp/tmpwv2a9pnz/render.ly:22:7: error: syntax error, unexpected '\''
    do
      ''8 re''8 mi''8 fa''8 sol''8 la''8 si''8 do'''8

C:/Users/Navid/AppData/Local/Temp/tmpwv2a9pnz/render.ly:22:11: error: not a note name: re
    do''8 
          re''8 mi''8 fa''8 sol''8 la''8 si''8 do'''8

C:/Users/Navid/AppData/Local/Temp/tmpwv2a9pnz/render.ly:22:17: error: not a note name: mi
    do''8 re''8 
                mi''8 fa''8 sol''8 la''8 si''8 do'''8

C:/Users/Navid/AppData/Local/Temp/tmpwv2a9pnz/render.ly:22:23: error: not a note name: fa
    do''8 re''8 mi''8 
                      fa''8 sol''8 la''8 si''8 do'''8

C:/Users/Navid/AppData/Local/Temp/tmpwv2a9pnz/render.ly:22:29: error: not a note name: sol
    do''8 re''8 mi''8 fa''8 
                            sol''8 la''8 si''8 do'''8

C:/Users/Navid/AppData/Local/Temp/tmpwv2a9pnz/render.ly:22:36: error: not a note name: la
    do''8 re''8 mi''8 fa''8 sol''8 
                                   la''8 si''8 do'''8

C:/Users/Navid/AppData/Local/Temp/tmpwv2a9pnz/render.ly:22:42: error: not a note name: si
    do''8 re''8 mi''8 fa''8 sol''8 la''8 
                                         si''8 do'''8

C:/Users/Navid/AppData/Local/Temp/tmpwv2a9pnz/render.ly:22:48: error: not a note name: do
    do''8 re''8 mi''8 fa''8 sol''8 la''8 si''8 
                                               do'''8

C:/Users/Navid/AppData/Local/Temp/tmpwv2a9pnz/render.ly:23:5: error: not a note name: do
    
    do''8 re''8 mi''8 fa''8 sol''8 la''8 si''8 do'''8

C:/Users/Navid/AppData/Local/Temp/tmpwv2a9pnz/render.ly:23:11: error: not a note name: re
    do''8 
          re''8 mi''8 fa''8 sol''8 la''8 si''8 do'''8

C:/Users/Navid/AppData/Local/Temp/tmpwv2a9pnz/render.ly:23:17: error: not a note name: mi
    do''8 re''8 
                mi''8 fa''8 sol''8 la''8 si''8 do'''8

C:/Users/Navid/AppData/Local/Temp/tmpwv2a9pnz/render.ly:23:23: error: not a note name: fa
    do''8 re''8 mi''8 
                      fa''8 sol''8 la''8 si''8 do'''8

C:/Users/Navid/AppData/Local/Temp/tmpwv2a9pnz/render.ly:23:29: error: not a note name: sol
    do''8 re''8 mi''8 fa''8 
                            sol''8 la''8 si''8 do'''8

C:/Users/Navid/AppData/Local/Temp/tmpwv2a9pnz/render.ly:23:36: error: not a note name: la
    do''8 re''8 mi''8 fa''8 sol''8 
                                   la''8 si''8 do'''8

C:/Users/Navid/AppData/Local/Temp/tmpwv2a9pnz/render.ly:23:42: error: not a note name: si
    do''8 re''8 mi''8 fa''8 sol''8 la''8 
                                         si''8 do'''8

C:/Users/Navid/AppData/Local/Temp/tmpwv2a9pnz/render.ly:23:48: error: not a note name: do
    do''8 re''8 mi''8 fa''8 sol''8 la''8 si''8 
                                               do'''8

C:/Users/Navid/AppData/Local/Temp/tmpwv2a9pnz/render.ly:5:3: error: errors found, ignoring music expression
  
  {

fatal error: failed files: "C:\\Users\\Navid\\AppData\\Local\\Temp\\tmpwv2a9pnz\\render.ly"

